C 50000

CE <078>
CH <118>
CP <138>
CR <178>

F 8

I 63

L * # #  # |   #        x


R {    1} {0} {} {} { } {} {} {} {} {} {1.000}
E {    2} {n} {n} {1} {0} {}

R {    2} {0} {} {走廊} { } {    这里是禅房走廊。房顶一侧支在南面的高墙上，另一侧凌空架在几根细细的石柱上。彩梁画栋，连顶棚也用彩漆绘满了各种飞天的图形，每幅画似乎都在诉说一个娓娓动人的佛经故事。南边墙上也画着一幅画(picture)。北望可以观赏僧众们练武的场面。    你可以看看(look):picture    这里明显的出口是 north、east 和 west。} {} {} {} {} {1.000}
E {    1} {s} {s} {2} {0} {}
E {    3} {w} {w} {8} {0} {}
E {    4} {e} {e} {4} {0} {}
E {   11} {n} {n} {1} {0} {}

R {    3} {0} {} {走廊} { } {    这里是禅房走廊。房顶一侧支在南面的高墙上，另一侧则与北边般若堂的屋顶相连。彩梁画栋，连顶棚也用彩漆绘满了各种飞天的图形，每幅画似乎都在诉说一个娓娓动人的佛经故事。南边墙上题着一个字(writing)。往北通往般若堂。    你可以看看(look):writing    这里明显的出口是 north 和 east。} {} {} {} {} {1.000}
E {    2} {e} {e} {4} {0} {}

R {    4} {0} {} {后殿} { } {    后殿规模不大。两边都是水磨石壁，镂刻着十八罗汉的肖像及佛谒，正中有一口水井，水面净如明镜，纯若菩提，名曰佛心乃寺内有名的清水井。东西面各有个门洞，通向两侧长长的走廊。    这里明显的出口是 north、east、southdown 和 west。    二位守寺僧兵(Seng bing)    少林派第三十八代弟子 慧如尊者(Huiru zunzhe)} {} {} {} {} {1.000}
E {    2} {w} {w} {8} {0} {}
E {    5} {s} {s} {2} {0} {}
E {    7} {sd} {sd} {34} {0} {}

R {    5} {0} {} {} { } {} {} {} {} {} {1.000}
E {    4} {n} {n} {1} {0} {}
E {    6} {w} {w} {8} {0} {}

R {    6} {0} {} {后殿} { } {    后殿规模不大。两边都是水磨石壁，镂刻着十八罗汉的肖像及佛谒，正中有一口水井，水面净如明镜，纯若菩提，名曰佛心乃寺内有名的清水井。东西面各有个门洞，通向两侧长长的走廊。    这里明显的出口是 north、east、southdown 和 west。    二位守寺僧兵(Seng bing)    少林派第三十八代弟子 慧如尊者(Huiru zunzhe)} {} {} {} {} {1.000}
E {    5} {e} {e} {4} {0} {}
E {    7} {sd} {sd} {34} {0} {}
E {   10} {n} {n} {1} {0} {}
E {    2} {w} {w} {8} {0} {}

R {    7} {0} {} {精进场} { } {    这是后殿前的精进场，广场青砖铺地，因为多年的踩踏而凹凸不平。前后各是两堵高墙，把整个广场夹在中间，形成一个窄窄的长方形。西边开了扇小门，一股香气袅袅地飘了过来。北面是个大门，几位僧人在此把守。    「早春」: 清晨，东方的天空布满了灰蒙蒙的云层。    这里明显的出口是 south 和 northup。    少林小沙弥 明金(Golden)    二位守寺僧兵(Seng bing)    少林派第三十八代弟子 慧空尊者(Huikong zunzhe)} {} {} {} {} {1.000}
E {    6} {nu} {nu} {17} {0} {}
E {    8} {s} {s} {2} {0} {}

R {    8} {0} {} {勤修场} { } {    这是戒律院前的勤修场。这里是全寺交通最密集的地方，只见一队队僧人来来去去，身着各种服色，有的携带刀，枪，棍，杖等兵器，个个身姿矫健，神态庄重。北面的大殿就是戒律院，四位僧兵持刀守在两侧。西边通向斋厅。    「早春」: 清晨，东方的天空布满了灰蒙蒙的云层。    这里明显的出口是 north、south、east、west 和 northup。} {} {} {} {} {1.000}
E {    7} {n} {n} {1} {0} {}
E {    9} {e} {e} {4} {0} {}
E {   35} {s} {s} {2} {0} {}

R {    9} {0} {} {} { } {} {} {} {} {} {1.000}
E {    8} {w} {w} {8} {0} {}

R {   10} {0} {} {练武场} { } {    这里是少林寺的练武场。由无数块巨大的花岗岩石板铺就。上千年的踩踏已使得这些石板如同镜子般平整光滑。西边角上还有两个大沙坑，十来个僧人正在练习武艺。东西两面各有一练武场。    「早春」: 夜幕低垂，天上飘着如絮的云朵，星星眨着眼。    这里明显的出口是 north、south、east 和 west。    少林派第三十九代弟子 道觉禅师(Daojue chanshi)} {} {} {} {} {1.000}
E {    6} {s} {s} {2} {0} {}
E {   11} {n} {n} {1} {0} {}

R {   11} {0} {} {练武场} { } {    这里是少林寺的练武场。由无数块巨大的花岗岩石板铺就。上千年的踩踏已使得这些石板如同镜子般平整光滑。练武场中间竖立着不少木人。十来个僧人正在练习武艺。东面有一长溜僧房。    「早春」: 夜幕低垂，天上飘着如絮的云朵，星星眨着眼。    这里明显的出口是 north、south、east 和 west。    二位木人(Mu ren)} {} {} {} {} {1.000}
E {   10} {s} {s} {2} {0} {}
E {   12} {e} {e} {4} {0} {}

R {   12} {0} {} {练武场} { } {    这里是少林寺的练武场。由无数块巨大的花岗岩石板铺就。上千年的踩踏已使得这些石板如同镜子般平整光滑。西边角上还有两个大沙坑，十来个僧人正在练习武艺。东西两面各有一练武场。    「早春」: 风儿在树间草中轻快的飘动着，大地渐渐泛起了青色。    这里明显的出口是 north、south、east 和 west。    少林派第三十九代弟子 道觉禅师(Daojue chanshi)} {} {} {} {} {1.000}
E {   11} {w} {w} {8} {0} {}
E {    6} {s} {s} {2} {0} {}
E {   13} {e} {e} {4} {0} {}

R {   13} {0} {} {练武场} { } {    这里是少林寺的练武场。由无数块巨大的花岗岩石板铺就。上千年的踩踏已使得这些石板如同镜子般平整光滑。练武场中间竖立着不少草靶。十来个僧人正在练习武艺。西面有一长溜僧房。    「早春」: 夜幕低垂，天上飘着如絮的云朵，星星眨着眼。    这里明显的出口是 north、south、east 和 west。    二位木人(Mu ren)} {} {} {} {} {1.000}
E {   12} {w} {w} {8} {0} {}
E {   14} {s} {s} {2} {0} {}

R {   14} {0} {} {走廊} { } {    这里是禅房走廊。房顶一侧支在南面的高墙上，另一侧则与北边和尚院的屋顶相连。彩梁画栋，连顶棚也用彩漆绘满了各种飞天的图形，每幅画似乎都在诉说一个娓娓动人的佛经故事。南边墙上挂着一幅对子(duizi)。北望可以观赏僧众们练武的场面。    你可以看看(look):duizi    这里明显的出口是 north、east 和 west。    少林派第三十九代弟子 道品禅师(Daopin chanshi)} {} {} {} {} {1.000}
E {   13} {n} {n} {1} {0} {}
E {   15} {w} {w} {8} {0} {}

R {   15} {0} {} {般若堂二部} { } {    这是一间极为简陋的禅房。环视四周，除了几幅佛竭外，室内空荡荡地别无他物。地上整齐的摆放着几个破烂且发黑的黄布蒲团，几位须发花白的老僧正在坐在上面闭目入定。这里是本寺十八罗汉参禅修行的地方，不少绝世武功便是在此悟出。    这里明显的出口是 north 和 south。    少林般若堂罗汉「接引罗汉」澄意(Chengyi luohan)} {} {} {} {} {1.000}
E {   14} {e} {e} {4} {0} {}
E {   16} {n} {n} {1} {0} {}
E {   24} {s} {s} {2} {0} {}

R {   16} {0} {} {般若堂三部} { } {    这是一间极为简陋的禅房。环视四周，除了几幅佛竭外，室内空荡荡地别无他物。地上整齐的摆放着几个破烂且发黑的黄布蒲团，几位须发花白的老僧正在坐在上面闭目入定。这里是本寺十八罗汉参禅修行的地方，不少绝世武功便是在此悟出。    这里明显的出口是 north 和 south。    少林般若堂罗汉「金刚罗汉」澄思(Chengsi luohan)} {} {} {} {} {1.000}
E {   15} {s} {s} {2} {0} {}
E {   17} {n} {n} {1} {0} {}

R {   17} {0} {} {练武场} { } {    这里是少林寺的练武场。由无数块巨大的花岗岩石板铺就。上千年的踩踏已使得这些石板如同镜子般平整光滑。练武场中间竖立着不少木人。十来个僧人正在练习武艺。东面有一长溜僧房。    「早春」: 清晨，东方的天空布满了灰蒙蒙的云层。    这里明显的出口是 north、south、east 和 west。    二位木人(Mu ren)} {} {} {} {} {1.000}
E {   16} {s} {s} {2} {0} {}
E {   18} {n} {n} {1} {0} {}
E {   22} {w} {w} {8} {0} {}

R {   18} {0} {} {练武场} { } {    这里是少林寺的练武场。由无数块巨大的花岗岩石板铺就。上千年的踩踏已使得这些石板如同镜子般平整光滑。练武场中间竖立着不少木人和草靶。西边角上还有两个大沙坑，十来个僧人正在练习武艺。东西两面各有一长溜僧房。    「早春」: 清晨，东方的天空布满了灰蒙蒙的云层。    这里明显的出口是 north、south、east、west 和 northup。    二位木人(Mu ren)    少林派第三十九代弟子 道成禅师(Daocheng chanshi)} {} {} {} {} {1.000}
E {   17} {s} {s} {2} {0} {}
E {   19} {w} {w} {8} {0} {}

R {   19} {0} {} {和尚院四部} { } {    这里是和尚院待客的地方，靠墙左右两侧摆着一溜太师椅。墙角一几，放着几个茶壶。有个茶壶壶身上题了“碧螺春”三个篆字，壶嘴热气腾腾，似乎是刚沏的新茶。一位小沙弥在一边垂手站立。    这里明显的出口是 north、south、east 和 west。    少林派第三十八代弟子 慧虚尊者(Huixu zunzhe)} {} {} {} {} {1.000}
E {   18} {e} {e} {4} {0} {}
E {   20} {n} {n} {1} {0} {}
E {   21} {s} {s} {2} {0} {}

R {   20} {0} {} {和尚院五部} { } {    这里是僧众们饮食起居的地方。靠墙一溜摆着几张木床，床上铺的是篾席。床头叠着床薄被，冬天想必很冷，僧侣们全靠扎实的内功根基御寒。地上整齐的放着几个蒲团和木鱼。    这里明显的出口是 north、south 和 west。    少林派第三十八代弟子 慧名尊者(Huiming zunzhe)} {} {} {} {} {1.000}
E {   19} {s} {s} {2} {0} {}

R {   21} {0} {} {走廊} { } {    这里是禅房走廊。走廊南侧的房顶倚着南面的高墙，另一侧则与北边和尚院的屋顶相连。南面墙上挂了一付对联：“悟彻菩提真妙理，断魔归本合元神”。往北通向和尚院。    这里明显的出口是 south、north、east 和 west。} {} {} {} {} {1.000}
E {   19} {n} {n} {1} {0} {}
E {   17} {s} {s} {2} {0} {}

R {   22} {0} {} {般若堂五部} { } {    这是一间极为简陋的禅房。环视四周，除了几幅佛竭外，室内空荡荡地别无他物。地上整齐的摆放着几个破烂且发黑的黄布蒲团，几位须发花白的老僧正在坐在上面闭目入定。这里是本寺十八罗汉参禅修行的地方，不少绝世武功便是在此悟出。一位小沙弥在一边垂手站立。    这里明显的出口是 north、south 和 east。    少林神僧「般若堂首座」玄难大师(Xuannan dashi)    少林般若堂罗汉「光明罗汉」澄志(Chengzhi luohan)    少林小沙弥 净难(Xiao shami)} {} {} {} {} {1.000}
E {   17} {e} {e} {4} {0} {}
E {   23} {s} {s} {2} {0} {}

R {   23} {0} {} {般若堂四部} { } {    这是一间极为简陋的禅房。环视四周，除了几幅佛竭外，室内空荡荡地别无他物。地上整齐的摆放着几个破烂且发黑的黄布蒲团，几位须发花白的老僧正在坐在上面闭目入定。这里是本寺十八罗汉参禅修行的地方，不少绝世武功便是在此悟出。    这里明显的出口是 north 和 south。    少林般若堂罗汉「功德罗汉」澄识(Chengshi luohan)} {} {} {} {} {1.000}
E {   22} {n} {n} {1} {0} {}
E {   16} {s} {s} {2} {0} {}

R {   24} {0} {} {罗汉堂五部} { } {    这是一间极为简陋的禅房。环视四周，除了几幅佛竭外，室内空荡荡地别无他物。地上整齐的摆放着几个破烂且发黑的黄布蒲团，几位须发花白的老僧正在坐在上面闭目入定。这里是本寺十八罗汉参禅修行的地方，不少绝世武功便是在此悟出。一位小沙弥在一边垂手站立。    这里明显的出口是 north、south 和 west。    少林神僧「罗汉堂首座」玄苦大师(Xuanku dashi)    少林罗汉堂罗汉「旃檀罗汉」澄坚(Chengjian luohan)    少林小沙弥 净苦(Xiao shami)} {} {} {} {} {1.000}
E {   15} {n} {n} {1} {0} {}
E {   25} {s} {s} {2} {0} {}
E {   34} {w} {w} {8} {0} {}

R {   25} {0} {} {罗汉堂四部} { } {    这是一间极为简陋的禅房。环视四周，除了几幅佛竭外，室内空荡荡地别无他物。地上整齐的摆放着几个破烂且发黑的黄布蒲团，几位须发花白的老僧正在坐在上面闭目入定。这里是本寺十八罗汉参禅修行的地方，不少绝世武功便是在此悟出。    这里明显的出口是 north 和 south。    少林罗汉堂罗汉「精进罗汉」澄净(Chengjing luohan)} {} {} {} {} {1.000}
E {   24} {n} {n} {1} {0} {}
E {   26} {e} {e} {4} {0} {}

R {   26} {0} {} {走廊} { } {    这里是禅房走廊。房顶一侧支在南面的高墙上，另一侧凌空架在几根细细的石柱上。彩梁画栋，连顶棚也用彩漆绘满了各种飞天的图形，每幅画似乎都在诉说一个娓娓动人的佛经故事。南边墙上也画着一幅画(picture)。北望可以观赏僧众们练武的场面。    你可以看看(look):picture    这里明显的出口是 north、east 和 west。} {} {} {} {} {1.000}
E {   25} {w} {w} {8} {0} {}
E {   27} {e} {e} {4} {0} {}

R {   27} {0} {} {后殿} { } {    后殿规模不大。两边都是水磨石壁，镂刻着十八罗汉的肖像及佛谒，正中有一口水井，水面净如明镜，纯若菩提，名曰佛心乃寺内有名的清水井。东西面各有个门洞，通向两侧长长的走廊。    这里明显的出口是 north、east、southdown 和 west。    二位守寺僧兵(Seng bing)    少林派第三十八代弟子 慧如尊者(Huiru zunzhe)} {} {} {} {} {1.000}
E {   26} {w} {w} {8} {0} {}
E {   28} {e} {e} {4} {0} {}

R {   28} {0} {} {走廊} { } {    这里是禅房走廊。房顶一侧支在南面的高墙上，另一侧则与北边和尚院的屋顶相连。彩梁画栋，连顶棚也用彩漆绘满了各种飞天的图形，每幅画似乎都在诉说一个娓娓动人的佛经故事。南边墙上挂着一幅对子(duizi)。北望可以观赏僧众们练武的场面。    你可以看看(look):duizi    这里明显的出口是 north、east 和 west。    少林派第三十九代弟子 道品禅师(Daopin chanshi)} {} {} {} {} {1.000}
E {   27} {w} {w} {8} {0} {}
E {   29} {e} {e} {4} {0} {}

R {   29} {0} {} {走廊} { } {    这里是禅房走廊。房顶一侧支在南面的高墙上，另一侧则与北边罗汉堂的屋顶相连。彩梁画栋，连顶棚也用彩漆绘满了各种飞天的图形，每幅画似乎都在诉说一个娓娓动人的佛经故事。南边墙上题着一首诗(poem)。往北通往罗汉堂。    你可以看看(look):poem    这里明显的出口是 north 和 west。} {} {} {} {} {1.000}
E {   28} {w} {w} {8} {0} {}
E {   30} {n} {n} {1} {0} {}

R {   30} {0} {} {罗汉堂一部} { } {    这是一间极为简陋的禅房。环视四周，除了几幅佛竭外，室内空荡荡地别无他物。地上整齐的摆放着几个破烂且发黑的黄布蒲团，几位须发花白的老僧正在坐在上面闭目入定。这里是本寺十八罗汉参禅修行的地方，不少绝世武功便是在此悟出。    这里明显的出口是 north 和 south。    少林罗汉堂罗汉「降龙罗汉」澄观(Chengguan luohan)} {} {} {} {} {1.000}
E {   29} {s} {s} {2} {0} {}
E {   31} {n} {n} {1} {0} {}

R {   31} {0} {} {罗汉堂二部} { } {    这是一间极为简陋的禅房。环视四周，除了几幅佛竭外，室内空荡荡地别无他物。地上整齐的摆放着几个破烂且发黑的黄布蒲团，几位须发花白的老僧正在坐在上面闭目入定。这里是本寺十八罗汉参禅修行的地方，不少绝世武功便是在此悟出。    这里明显的出口是 north 和 south。    少林罗汉堂罗汉「清净罗汉」澄知(Chengzhi luohan)} {} {} {} {} {1.000}
E {   30} {s} {s} {2} {0} {}
E {   32} {n} {n} {1} {0} {}

R {   32} {0} {} {罗汉堂三部} { } {    这是一间极为简陋的禅房。环视四周，除了几幅佛竭外，室内空荡荡地别无他物。地上整齐的摆放着几个破烂且发黑的黄布蒲团，几位须发花白的老僧正在坐在上面闭目入定。这里是本寺十八罗汉参禅修行的地方，不少绝世武功便是在此悟出。    这里明显的出口是 north 和 south。    少林长老「苦行僧」Ｖ渡成(Liangcheng)    少林罗汉堂罗汉「归真罗汉」澄明(Chengming luohan)} {} {} {} {} {1.000}
E {   31} {s} {s} {2} {0} {}
E {   33} {n} {n} {1} {0} {}

R {   33} {0} {} {罗汉堂四部} { } {    这是一间极为简陋的禅房。环视四周，除了几幅佛竭外，室内空荡荡地别无他物。地上整齐的摆放着几个破烂且发黑的黄布蒲团，几位须发花白的老僧正在坐在上面闭目入定。这里是本寺十八罗汉参禅修行的地方，不少绝世武功便是在此悟出。    这里明显的出口是 north 和 south。    少林长老 侠之大者 Ｖ渡枫(Windury)    少林罗汉堂罗汉「精进罗汉」澄净(Chengjing luohan)} {} {} {} {} {1.000}
E {   32} {s} {s} {2} {0} {}
E {   24} {n} {n} {1} {0} {}

R {   34} {0} {} {练武场} { } {    这里是少林寺的练武场。由无数块巨大的花岗岩石板铺就。上千年的踩踏已使得这些石板如同镜子般平整光滑。练武场中间竖立着不少草靶。十来个僧人正在练习武艺。西面有一长溜僧房。    「早春」: 风儿在树间草中轻快的飘动着，大地渐渐泛起了青色。    这里明显的出口是 north、south、east 和 west。    二位木人(Mu ren)} {} {} {} {} {1.000}
E {   24} {e} {e} {4} {0} {}
E {   12} {w} {w} {8} {0} {}

R {   35} {0} {} {广场} { } {    过了天王殿，又有三道平行的青石台阶引正前方的一个大广场。台阶上刻的是诸天众佛，五百罗汉以及三千伽蓝的坐像。上了平台，正中方也有个丈许高的大香炉，香炉前的香台上，红烛高烧，香烟飘绕，几位香客正对大殿虔诚叩拜。左右各通向一个小院，两座高塔高耸天际。正前方就是大雄宝殿。    「早春」: 清晨，东方的天空布满了灰蒙蒙的云层。    这里明显的出口是 north、south、east、west 和 northup。    进香客(Jingxiang ke)    少林派第四十代弟子 清善比丘(Qingshan biqiu)    二位守寺僧兵(Seng bing)} {} {} {} {} {1.000}
E {    8} {n} {n} {1} {0} {}
E {   36} {s} {s} {2} {0} {}

R {   36} {0} {} {天王殿} { } {    这里是少林寺的中殿天王殿。殿内香烟燎绕，幔角叮咚。香火比前殿要旺盛的多。正前方供着个大肚子，似乎永远都笑咪咪的弥勒佛。四大天王分列两旁，分执“风调雨顺”。两侧香桌上摆满了四季果蔬，弥勒的身后站立的是韦驮。只见他金盔金甲，年轻英俊，威风凛凛，双手合十，金刚杵横放腕上。左右两边各有一间偏殿。    这里明显的出口是 north、east、southdown 和 west。    少林小沙弥 空哲(Gemaker) <发呆三分钟>    进香客(Jingxiang ke)    少林派第三十九代弟子 道果禅师(Daoguo chanshi)} {} {} {} {} {1.000}
E {   35} {n} {n} {1} {0} {}
E {   37} {sd} {sd} {34} {0} {}

R {   37} {0} {} {台阶} { } {    穿过山门殿，面前三道平行的青石台阶通向前方的一个高台。台阶上精工镂刻着麒麟，玄龟，松鹤等瑞兽，形态逼真动人。高台正中方着个二人高的青铜大香炉，前面摆着个香台，几位香客正在虔诚谟拜。再往前就是天王殿。    「早春」: 清晨，东方的天空布满了灰蒙蒙的云层。    这里明显的出口是 south、east、west 和 northup。    江湖破烂王 毫毛(Hao mao)    进香客(Jingxiang ke)} {} {} {} {} {1.000}
E {   36} {nu} {nu} {17} {0} {}
E {   38} {s} {s} {2} {0} {}

R {   38} {0} {} {山门殿} { } {    这里是少林寺的前殿山门殿。殿内青砖铺地，两侧分列哼、哈二将。身躯雄伟，面相忿怒，头带宝冠，上半身裸露，手执金刚杵，一鼓鼻，一张口，露牙睁目，凶猛可畏。两边各放一红木供桌，陈列香烛，以供僧俗叩拜。自此左右各有一间偏殿，供比丘们打坐诵经之用。南面是一道三丈来高的朱红杉木包铜大门(gate)。    你可以看看(look):gate    这里明显的出口是 north、east 和 west。    二位守寺僧兵(Seng bing)    进香客(Jingxiang ke)} {} {} {} {} {1.000}
E {   37} {n} {n} {1} {0} {}
E {   39} {s} {s} {2} {0} {}

R {   39} {0} {} {} { } {} {} {} {} {} {1.000}
E {   38} {n} {n} {1} {0} {}
E {   40} {s} {s} {2} {0} {}

R {   40} {0} {} {广场} { } {    这里是少林寺前的广场，整个广场由大块的青石铺成，极为平坦。但因年代久远，都有些破损。丛丛小草从石板的缝隙中长了出来。广场周围都是密密的松树林，四角上各放了几块石碑，字迹都甚为模糊。正前方黄墙碧瓦，飞檐翘檩，正中一道二丈来宽，三丈来高的朱红杉木包铜大门(gate)。上方一块大匾，龙飞凤舞地书着			少     林     寺        寺前三三两两的站着几个僧人。    「早春」: 清晨，东方的天空布满了灰蒙蒙的云层。    你可以看看(look):gate    这里明显的出口是 north、south、east 和 west。    少林派第四十代弟子 清法比丘(Qingfa biqiu)    少林风波录(Board) [ 52 张留言，52 张未读 ]} {} {} {} {} {1.000}
E {   39} {n} {n} {1} {0} {}
E {   41} {s} {s} {2} {0} {}

R {   41} {0} {} {石阶} { } {    松林渐渐开阔，面前出现了一条宽广的石板道，笔直通向前方。沿道稀稀落落地种着几棵柏树，却显得高大挺拔，蝤龙般的枝干向天空高高伸展着。    「早春」: 清晨，东方的天空布满了灰蒙蒙的云层。    这里明显的出口是 north 和 southdown。} {} {} {} {} {1.000}
E {   40} {n} {n} {1} {0} {}
E {   42} {sd} {sd} {34} {0} {}

R {   42} {0} {} {石阶} { } {    松树与松树似乎都挤在一块生长，阳光到这里变得格外黯淡只在地上留下斑驳的碎影。静听不远处格的一声，象是松枝断落的声音。    「早春」: 清晨，东方的天空布满了灰蒙蒙的云层。    这里明显的出口是 southdown 和 northup。} {} {} {} {} {1.000}
E {   41} {nu} {nu} {17} {0} {}
E {   43} {sd} {sd} {34} {0} {}

R {   43} {0} {} {石阶} { } {    眼前遽然出现一大片松林。松林长得极密，石阶上铺满了厚厚的朽黄的松针。踩在脚下，发出察察的响声。一只小松鼠吱地在眼前闪过，消失在林海里。    「早春」: 清晨，东方的天空布满了灰蒙蒙的云层。    这里明显的出口是 east、southdown 和 northup。} {} {} {} {} {1.000}
E {   42} {nu} {nu} {17} {0} {}
E {   44} {sd} {sd} {34} {0} {}

R {   44} {0} {} {石阶} { } {    这里看来是半山腰了。不远的前面有一座小石亭，几位游客在这里歇息。山路到这里变得十分平坦，东边的山壁上提满了名人即兴题下的诗句。远望山林间层峦迭嶂，满目滴翠。    「早春」: 太阳从东方的地平线冉冉升起，放射着耀眼的光芒。    这里明显的出口是 westdown、east 和 northup。} {} {} {} {} {1.000}
E {   43} {nu} {nu} {17} {0} {}
E {   45} {e} {e} {4} {0} {}
E {   46} {wd} {wd} {40} {0} {}

R {   45} {0} {} {中原马车行} { } {    这里是一家马车行，挂着一个招牌(paizi)，店里的马车(che)停得满满当当的。    你可以看看(look):paizi,che    这里唯一的出口是 west。} {} {} {} {} {1.000}
E {   44} {w} {w} {8} {0} {}

R {   46} {0} {} {少林寺} { } {    一个巨大的牌坊横架在两片山壁之间，牌坊正上方刻着三个斗大的字：『少林寺』。字迹有些剥落，看上去年代久远。两位三十来岁的僧人手持戒刀守在山门两侧。左侧立着一块石碑。    「早春」: 太阳从东方的地平线冉冉升起，放射着耀眼的光芒。    这里明显的出口是 eastup 和 west。    天地会青木堂会众 仁人(Duren)    少林知客僧 虚明(Xu ming)    少林知客僧 虚通(Xu tong)} {} {} {} {} {1.000}
E {   44} {eu} {eu} {20} {0} {}
E {   47} {w} {w} {8} {0} {}

R {   47} {0} {} {石阶} { } {    石级继续向上延伸，瀑布在脚下越来越小，水声也渐行远去几位身着灰黄色僧衣的僧人擦肩而过，看他们下山的时後脚步沉稳，好象是个会家子。往上远眺，似乎可以看到石檐一角。    「早春」: 太阳从东方的地平线冉冉升起，放射着耀眼的光芒。    这里明显的出口是 east 和 southdown。} {} {} {} {} {1.000}
E {   46} {e} {e} {4} {0} {}
E {   48} {sd} {sd} {34} {0} {}

R {   48} {0} {} {石阶} { } {    这里是瀑布上方一道窄窄的山梁，浑然天成。石梁上面人工凿出一格格阶梯。边上钉了几棵木桩，绕上粗长的麻绳作为扶手。瀑布在脚下奔腾而过，在不远的山脚下汇成一个深潭。    「早春」: 太阳从东方的地平线冉冉升起，放射着耀眼的光芒。    这里明显的出口是 southdown 和 northup。} {} {} {} {} {1.000}
E {   47} {nu} {nu} {17} {0} {}
E {   49} {sd} {sd} {34} {0} {}

R {   49} {0} {} {石阶} { } {    一挂巨大的瀑布白龙出霄般横越山间，水气已浓得仿佛可以滴下水珠儿来。山峦间升起薄薄的青雾，凝聚不散。哗哗的水声震耳欲聋。石阶上满是水渍，走上去滑得可以让人打跌。路边长了一些薄荷(bohe)。    「早春」: 太阳从东方的地平线冉冉升起，放射着耀眼的光芒。    你可以看看(look):bohe    这里明显的出口是 eastup、southdown 和 northup。    二位护寺僧人(Husi sengren)} {} {} {} {} {1.000}
E {   48} {nu} {nu} {17} {0} {}
E {   50} {s} {s} {2} {0} {}

R {   50} {0} {} {石阶} { } {    一挂巨大的瀑布白龙出霄般横越山间，水气已浓得仿佛可以滴下水珠儿来。山峦间升起薄薄的青雾，凝聚不散。哗哗的水声震耳欲聋。石阶上满是水渍，走上去滑得可以让人打跌。路边长了一些薄荷(bohe)。    「早春」: 太阳从东方的地平线冉冉升起，放射着耀眼的光芒。    你可以看看(look):bohe    这里明显的出口是 eastup、southdown 和 northup。    二位护寺僧人(Husi sengren)} {} {} {} {} {1.000}
E {   49} {n} {n} {1} {0} {}
E {   51} {sd} {sd} {34} {0} {}
E {   52} {e} {e} {4} {0} {}

R {   51} {0} {} {石阶} { } {    水声越来越大，山间充满了浓浓的水气。石阶上，断裂的山隙中，都流出一道道细细的泉水，汇成一股澄碧的小溪，向山下蜿蜒流去。周围绿意荡漾，鸟语鹦声，如置身仙境。    「早春」: 太阳从东方的地平线冉冉升起，放射着耀眼的光芒。    这里明显的出口是 westdown、eastdown 和 northup。    黄眉僧大徒弟 破贪(Po tan)    拈花寺住持 黄眉僧(Huangmei seng)    黄眉僧四徒弟 破慢(Po man)    黄眉僧二徒弟 破爱(Po ai)    黄眉僧三徒弟 破嗔(Po chen)    黄眉僧五徒弟 破痴(Po chi)    黄眉僧六徒弟 破欲(Po yu)} {} {} {} {} {1.000}
E {   50} {nu} {nu} {17} {0} {}

R {   52} {0} {} {石阶} { } {    一挂巨大的瀑布白龙出霄般横越山间，水气已浓得仿佛可以滴下水珠儿来。山峦间升起薄薄的青雾，凝聚不散。哗哗的水声震耳欲聋。石阶上满是水渍，走上去滑得可以让人打跌。路边长了一些薄荷(bohe)。    「早春」: 起风了，新发芽的枝叶在风中幽雅的摇曳着。    你可以看看(look):bohe    这里明显的出口是 eastup、southdown 和 northup。    二位护寺僧人(Husi sengren)} {} {} {} {} {1.000}
E {   50} {w} {w} {8} {0} {}
E {   53} {eu} {eu} {20} {0} {}
E {   54} {sd} {sd} {34} {0} {}
E {   57} {nu} {nu} {17} {0} {}

R {   53} {0} {} {佛心井} { } {    这是一口千年古井，井旁是用青石砌成的井台，上面是用生铁铸就的一个高一尺的井缘。井内深达十几丈，黑漆漆的望不到底。井口处有一个木制的辘轳，用来打水(fill)。相传这里曾是达摩老祖汲水之处。    「早春」: 太阳从东方的地平线冉冉升起，放射着耀眼的光芒。    这里唯一的出口是 westdown。    少林寺挑水僧 觉远大师(Jueyuan dashi)} {} {} {} {} {1.000}
E {   52} {wd} {wd} {40} {0} {}

R {   54} {0} {} {石阶} { } {    水声越来越大，山间充满了浓浓的水气。石阶上，断裂的山隙中，都流出一道道细细的泉水，汇成一股澄碧的小溪，向山下蜿蜒流去。周围绿意荡漾，鸟语鹦声，如置身仙境。    「早春」: 起风了，新发芽的枝叶在风中幽雅的摇曳着。    这里明显的出口是 westdown、eastdown 和 northup。    黄眉僧大徒弟 破贪(Po tan)    拈花寺住持 黄眉僧(Huangmei seng)    黄眉僧四徒弟 破慢(Po man)    黄眉僧二徒弟 破爱(Po ai)    黄眉僧三徒弟 破嗔(Po chen)    黄眉僧五徒弟 破痴(Po chi)    黄眉僧六徒弟 破欲(Po yu)} {} {} {} {} {1.000}
E {   52} {nu} {nu} {17} {0} {}
E {   55} {ed} {ed} {36} {0} {}

R {   55} {0} {} {石阶} { } {    石级到这里似乎变得宽阔了些。清新的山风扑面而来，令人精神顿为一爽。远处传来淙淙水声，渐行渐远。山壁上挂满了厚密的藤萝，随风轻轻摇弋。    「早春」: 起风了，新发芽的枝叶在风中幽雅的摇曳着。    这里明显的出口是 westup 和 southdown。    小孩(Xiao hai)} {} {} {} {} {1.000}
E {   54} {wu} {wu} {24} {0} {}
E {   56} {sd} {sd} {34} {0} {}

R {   56} {0} {} {石阶} { } {    长长的石阶往上依然看不到尽头。身边的山壁受着长年风雨的浸润，长出了薄薄的青苔。上面依稀有些刻凿的痕迹。有一行字特别清晰：“金刚伏邪魔，宝塔镇群妖”    「早春」: 起风了，新发芽的枝叶在风中幽雅的摇曳着。    这里明显的出口是 southdown 和 northup。} {} {} {} {} {1.000}
E {   55} {nu} {nu} {17} {0} {}

R {   57} {0} {} {石阶} { } {    这里是瀑布上方一道窄窄的山梁，浑然天成。石梁上面人工凿出一格格阶梯。边上钉了几棵木桩，绕上粗长的麻绳作为扶手。瀑布在脚下奔腾而过，在不远的山脚下汇成一个深潭。    「早春」: 起风了，新发芽的枝叶在风中幽雅的摇曳着。    这里明显的出口是 southdown 和 northup。} {} {} {} {} {1.000}
E {   52} {sd} {sd} {34} {0} {}
E {   58} {nu} {nu} {17} {0} {}

R {   58} {0} {} {石阶} { } {    石级继续向上延伸，瀑布在脚下越来越小，水声也渐行远去几位身着灰黄色僧衣的僧人擦肩而过，看他们下山的时後脚步沉稳，好象是个会家子。往上远眺，似乎可以看到石檐一角。    这里明显的出口是 east 和 southdown。} {} {} {} {} {1.000}
E {   57} {sd} {sd} {34} {0} {}
E {   59} {s} {s} {2} {0} {}

R {   59} {0} {} {石阶} { } {    石级继续向上延伸，瀑布在脚下越来越小，水声也渐行远去几位身着灰黄色僧衣的僧人擦肩而过，看他们下山的时後脚步沉稳，好象是个会家子。往上远眺，似乎可以看到石檐一角。    这里明显的出口是 east 和 southdown。} {} {} {} {} {1.000}
E {   58} {n} {n} {1} {0} {}
E {   60} {sd} {sd} {34} {0} {}
E {   61} {e} {e} {4} {0} {}

R {   60} {0} {} {石阶} { } {    这里是瀑布上方一道窄窄的山梁，浑然天成。石梁上面人工凿出一格格阶梯。边上钉了几棵木桩，绕上粗长的麻绳作为扶手。瀑布在脚下奔腾而过，在不远的山脚下汇成一个深潭。    这里明显的出口是 southdown 和 northup。} {} {} {} {} {1.000}
E {   59} {nu} {nu} {17} {0} {}

R {   61} {0} {} {少林寺} { } {    一个巨大的牌坊横架在两片山壁之间，牌坊正上方刻着三个斗大的字：『少林寺』。字迹有些剥落，看上去年代久远。两位三十来岁的僧人手持戒刀守在山门两侧。左侧立着一块石碑。    这里明显的出口是 eastup 和 west。    少林小沙弥 明金(Golden)    天地会青木堂会众 仁人(Duren)    少林知客僧 虚明(Xu ming)    少林知客僧 虚通(Xu tong)} {} {} {} {} {1.000}
E {   59} {w} {w} {8} {0} {}
E {   62} {eu} {eu} {20} {0} {}

R {   62} {0} {} {石阶} { } {    这里看来是半山腰了。不远的前面有一座小石亭，几位游客在这里歇息。山路到这里变得十分平坦，东边的山壁上提满了名人即兴题下的诗句。远望山林间层峦迭嶂，满目滴翠。    这里明显的出口是 westdown、east 和 northup。} {} {} {} {} {1.000}
E {   61} {wd} {wd} {40} {0} {}
E {   63} {nu} {nu} {17} {0} {}

R {   63} {0} {} {石阶} { } {    眼前遽然出现一大片松林。松林长得极密，石阶上铺满了厚厚的朽黄的松针。踩在脚下，发出察察的响声。一只小松鼠吱地在眼前闪过，消失在林海里。    这里明显的出口是 east、southdown 和 northup。    少林达摩院弟子 澄天(Nebula)} {} {} {} {} {1.000}
E {   62} {sd} {sd} {34} {0} {}
