C 50000

CE <078>
CH <118>
CP <138>
CR <178>

F 9

I 9

L * # # # | # x          


R {    1} {0} {} {俠客岛石室} { } {这里是石室内就餐的地方。很多高手到了这里，流连忘返，不愿意离开石室。岛主见此，就特意让侠客岛弟子在这里安置了一个就餐的地方。在这里就餐的人也是匆匆忙忙，恨不得少停留一刻。桌上的饭菜很简单，旁边还有一个水缸，可以用来装水和喝水。如果吃不够还可以要(yao)些干粮。} {侠客岛} {食堂} {} {{Bocai fentiao}{二盆菠菜粉条}{Liuli qiezi}{二盆琉璃茄子}} {1.000}
E {    2} {s} {s} {2} {0} {}

R {    2} {0} {} {俠客岛石室} { } {这是一间石室，东面是块打磨光滑的大"石壁"，石壁旁点燃着八根大火把，照耀明亮。壁上刻得有图有字。石室中已有十多人，有的注目凝思，有的打坐练功，有的闭着双目喃喃自语，更有三四人在大声争辩。　　┌─────────────────────┐　　│                                          │　  │　                                        │　　│           赵  客  缦  胡  缨             │　　│                                          │　　│                                          │    └─────────────────────┚    你可以看看(look):石壁} {侠客岛} {} {} {{Miaodi dashi}{妙谛大师}} {1.000}
E {    1} {n} {n} {1} {0} {}
E {    3} {w} {w} {8} {0} {}
E {   25} {e} {e} {4} {0} {}

R {    3} {0} {} {俠客岛石室} { } {这是一间石室，东面是块打磨光滑的大"石壁"，石壁旁点燃着八根大火把，照耀明亮。壁上刻得有图有字。三个劲装老者展开正在冥思苦想。　　┌─────────────────────┐　　│                                          │　  │　                                        │　　│           吴  钩  霜  雪  明             │　　│                                          │　　│                                          │    └─────────────────────┚    你可以看看(look):石壁} {侠客岛} {} {} {} {1.000}
E {    2} {e} {e} {4} {0} {}
E {    4} {w} {w} {8} {0} {}

R {    4} {0} {} {俠客岛石室} { } {这是一间石室，东面是块打磨光滑的大"石壁"，石壁旁点燃着八根大火把，照耀明亮。壁上刻得有图有字。三个劲装老者展开正在冥思苦想。　　┌─────────────────────┐　　│                                          │　  │　                                        │　　│            银  鞍  照  白  马            │　　│                                          │　　│                                          │    └─────────────────────┚    你可以看看(look):石壁} {侠客岛} {} {} {} {1.000}
E {    3} {e} {e} {4} {0} {}
E {    5} {w} {w} {8} {0} {}

R {    5} {0} {} {俠客岛石室} { } {这是一间石室，东面是块打磨光滑的大"石壁"，石壁旁点燃着八根大火把，照耀明亮。壁上刻得有图有字。三个劲装老者展开轻功，正在迅速异常的奔行。这三人奔得快极，只带得满室生风。　　┌─────────────────────┐　　│                                          │　  │　                                        │　　│           疯  沓  如  流  星             │　　│                                          │　　│                                          │    └─────────────────────┚    你可以看看(look):石壁} {侠客岛} {} {} {} {1.000}
E {    4} {e} {e} {4} {0} {}
E {    6} {n} {n} {1} {0} {}

R {    6} {0} {} {俠客岛石室} { } {这是一间石室，东面是块打磨光滑的大"石壁"，石壁旁点燃着八根大火把，照耀明亮。壁上刻得有图有字。三个劲装老者展开正在冥思苦想。　　┌─────────────────────┐　　│                                          │　  │　                                        │　　│             十  步  杀  一  人           │　　│                                          │　　│                                          │    └─────────────────────┚    你可以看看(look):石壁} {侠客岛} {} {} {} {1.000}
E {    5} {s} {s} {2} {0} {}
E {    7} {n} {n} {1} {0} {}

R {    7} {0} {} {俠客岛石室} { } {这是一间石室，东面是块打磨光滑的大"石壁"，石壁旁点燃着八根大火把，照耀明亮。壁上刻得有图有字。只听得东一簇、西一堆的人个个在议论纷纭，各抒己见。　　┌─────────────────────┐　　│                                          │　  │　                                        │　　│            千  里  不  留  行            │　　│                                          │　　│                                          │    └─────────────────────┚    你可以看看(look):石壁} {侠客岛} {} {} {} {1.000}
E {    6} {s} {s} {2} {0} {}
E {    8} {n} {n} {1} {0} {}

R {    8} {0} {} {俠客岛石室} { } {这是一间石室，东面是块打磨光滑的大"石壁"，石壁旁点燃着八根大火把，照耀明亮。壁上刻得有图有字。只听得东一簇、西一堆的人个个在议论纷纭，各抒己见。　　┌─────────────────────┐　　│                                          │　  │　                                        │　　│            事  了  拂  衣  去            │　　│                                          │　　│                                          │    └─────────────────────┚    你可以看看(look):石壁} {侠客岛} {} {} {} {1.000}
E {    7} {s} {s} {2} {0} {}
E {    9} {n} {n} {1} {0} {}

R {    9} {0} {} {俠客岛石室} { } {这是一间石室，东面是块打磨光滑的大"石壁"，石壁旁点燃着八根大火把，照耀明亮。壁上刻得有图有字。只听得东一簇、西一堆的人个个在议论纷纭，各抒己见。　　┌─────────────────────┐　　│                                          │　  │　                                        │　　│            深  藏  身  与  名            │　　│                                          │　　│                                          │    └─────────────────────┚    你可以看看(look):石壁} {侠客岛} {读书写字} {} {} {1.000}
E {    8} {s} {s} {2} {0} {}
E {   10} {n} {n} {1} {0} {}

R {   10} {0} {} {俠客岛石室} { } {这是一间石室，东面是块打磨光滑的大"石壁"，石壁旁点燃着八根大火把，照耀明亮。壁上刻得有图有字。只听得东一簇、西一堆的人个个在议论纷纭，各抒己见。　　┌─────────────────────┐　　│                                          │　  │　                                        │　　│          闲  过  信  陵  饮              │　　│                                          │　　│                                          │    └─────────────────────┚    你可以看看(look):石壁} {侠客岛} {} {} {} {1.000}
E {    9} {s} {s} {2} {0} {}
E {   11} {n} {n} {1} {0} {}

R {   11} {0} {} {俠客岛石室} { } {这是一间石室，东面是块打磨光滑的大"石壁"，石壁旁点燃着八根大火把，照耀明亮。壁上刻得有图有字。只听得东一簇、西一堆的人个个在议论纷纭，各抒己见。　　┌─────────────────────┐　　│                                          │　  │　                                        │　　│          脱  剑  膝  前  横              │　　│                                          │　　│                                          │    └─────────────────────┚    你可以看看(look):石壁} {侠客岛} {} {} {{Yucha daozhang}{愚茶道长}} {1.000}
E {   10} {s} {s} {2} {0} {}
E {   12} {e} {e} {4} {0} {}

R {   12} {0} {} {俠客岛石室} { } {这是一间石室，东面是块打磨光滑的大"石壁"，石壁旁点燃着八根大火把，照耀明亮。壁上刻得有图有字。只听得东一簇、西一堆的人个个在议论纷纭，各抒己见。　　┌─────────────────────┐　　│                                          │　  │　                                        │　　│          将  炙  啖  朱  亥              │　　│                                          │　　│                                          │    └─────────────────────┚    你可以看看(look):石壁} {侠客岛} {} {} {} {1.000}
E {   11} {w} {w} {8} {0} {}
E {   13} {e} {e} {4} {0} {}

R {   13} {0} {} {俠客岛石室} { } {这是一间石室，东面是块打磨光滑的大"石壁"，石壁旁点燃着八根大火把，照耀明亮。壁上刻得有图有字。只听得东一簇、西一堆的人个个在议论纷纭，各抒己见。　　┌─────────────────────┐　　│                                          │　  │　                                        │　　│          持  觞  劝  侯  嬴              │　　│                                          │　　│                                          │    └─────────────────────┚    你可以看看(look):石壁} {侠客岛} {} {} {} {1.000}
E {   12} {w} {w} {8} {0} {}
E {   14} {e} {e} {4} {0} {}

R {   14} {0} {} {俠客岛石室} { } {这是一间石室，东面是块打磨光滑的大"石壁"，石壁旁点燃着八根大火把，照耀明亮。壁上刻得有图有字。只听得东一簇、西一堆的人个个在议论纷纭，各抒己见。　　┌─────────────────────┐　　│                                          │　  │　                                        │　　│          三  杯  吐  然  诺              │　　│                                          │　　│                                          │    └─────────────────────┚    你可以看看(look):石壁} {侠客岛} {} {} {} {1.000}
E {   13} {w} {w} {8} {0} {}
E {   15} {e} {e} {4} {0} {}

R {   15} {0} {} {俠客岛石室} { } {这是一间石室，东面是块打磨光滑的大"石壁"，石壁旁点燃着八根大火把，照耀明亮。壁上刻得有图有字。只听得东一簇、西一堆的人个个在议论纷纭，各抒己见。　　┌─────────────────────┐　　│                                          │　  │　                                        │　　│          五  岳  倒  为  轻              │　　│                                          │　　│                                          │    └─────────────────────┚    你可以看看(look):石壁} {侠客岛} {} {} {} {1.000}
E {   14} {w} {w} {8} {0} {}
E {   16} {e} {e} {4} {0} {}

R {   16} {0} {} {俠客岛石室} { } {这是一间石室，东面是块打磨光滑的大"石壁"，石壁旁点燃着八根大火把，照耀明亮。壁上刻得有图有字。只听得东一簇、西一堆的人个个在议论纷纭，各抒己见。　　┌─────────────────────┐　　│                                          │　  │　                                        │　　│          眼  花  耳  热  后              │　　│                                          │　　│                                          │    └─────────────────────┚    你可以看看(look):石壁} {侠客岛} {} {} {{Heipao ren}{黑袍人}} {1.000}
E {   15} {w} {w} {8} {0} {}
E {   17} {e} {e} {4} {0} {}

R {   17} {0} {} {俠客岛石室} { } {这是一间石室，东面是块打磨光滑的大"石壁"，石壁旁点燃着八根大火把，照耀明亮。壁上刻得有图有字。只听得东一簇、西一堆的人个个在议论纷纭，各抒己见。　　┌─────────────────────┐　　│                                          │　  │　                                        │　　│          意  气  素  霓  生。            │　　│                                          │　　│                                          │    └─────────────────────┚    你可以看看(look):石壁} {侠客岛} {} {} {} {1.000}
E {   16} {w} {w} {8} {0} {}
E {   18} {s} {s} {2} {0} {}

R {   18} {0} {} {俠客岛石室} { } {这是一间石室，东面是块打磨光滑的大"石壁"，石壁旁点燃着八根大火把，照耀明亮。壁上刻得有图有字。只听得东一簇、西一堆的人个个在议论纷纭，各抒己见。　　┌─────────────────────┐　　│                                          │　  │　                                        │　　│          救  赵  挥  金  锤              │　　│                                          │　　│                                          │    └─────────────────────┚    你可以看看(look):石壁} {侠客岛} {} {} {} {1.000}
E {   17} {n} {n} {1} {0} {}
E {   19} {s} {s} {2} {0} {}

R {   19} {0} {} {俠客岛石室} { } {这是一间石室，东面是块打磨光滑的大"石壁"，石壁旁点燃着八根大火把，照耀明亮。壁上刻得有图有字。只听得东一簇、西一堆的人个个在议论纷纭，各抒己见。　　┌─────────────────────┐　　│                                          │　  │　                                        │　　│           邯  郸  先  震  惊             │　　│                                          │　　│                                          │    └─────────────────────┚    你可以看看(look):石壁} {侠客岛} {} {} {} {1.000}
E {   18} {n} {n} {1} {0} {}
E {   20} {s} {s} {2} {0} {}

R {   20} {0} {} {俠客岛石室} { } {这是一间石室，东面是块打磨光滑的大"石壁"，石壁旁点燃着八根大火把，照耀明亮。壁上刻得有图有字。只听得东一簇、西一堆的人个个在议论纷纭，各抒己见。　　┌─────────────────────┐　　│                                          │　  │　                                        │　　│           千  秋  二  壮  士             │　　│                                          │　　│                                          │    └─────────────────────┚    你可以看看(look):石壁} {侠客岛} {} {} {} {1.000}
E {   19} {n} {n} {1} {0} {}
E {   21} {s} {s} {2} {0} {}

R {   21} {0} {} {俠客岛石室} { } {这是一间石室，东面是块打磨光滑的大"石壁"，石壁旁点燃着八根大火把，照耀明亮。壁上刻得有图有字。只听得东一簇、西一堆的人个个在议论纷纭，各抒己见。　　┌─────────────────────┐　　│                                          │　  │　                                        │　　│          火亘 赫  大  梁  城             │　　│                                          │　　│                                          │    └─────────────────────┚    你可以看看(look):石壁} {侠客岛} {} {} {} {1.000}
E {   20} {n} {n} {1} {0} {}
E {   22} {s} {s} {2} {0} {}

R {   22} {0} {} {俠客岛石室} { } {这是一间石室，东面是块打磨光滑的大"石壁"，石壁旁点燃着八根大火把，照耀明亮。壁上刻得有图有字。只听得东一簇、西一堆的人个个在议论纷纭，各抒己见。　　┌─────────────────────┐　　│                                          │　  │　                                        │　　│          纵  死  侠  骨  香              │　　│                                          │　　│                                          │    └─────────────────────┚    你可以看看(look):石壁} {侠客岛} {} {} {} {1.000}
E {   21} {n} {n} {1} {0} {}
E {   23} {s} {s} {2} {0} {}

R {   23} {0} {} {俠客岛石室} { } {这是一间石室，东面是块打磨光滑的大"石壁"，石壁旁点燃着八根大火把，照耀明亮。壁上刻得有图有字。只听得东一簇、西一堆的人个个在议论纷纭，各抒己见。　　┌─────────────────────┐　　│                                          │　  │　                                        │　　│          不  惭  世  上  英              │　　│                                          │　　│                                          │    └─────────────────────┚    你可以看看(look):石壁} {侠客岛} {} {} {} {1.000}
E {   22} {n} {n} {1} {0} {}
E {   24} {w} {w} {8} {0} {}

R {   24} {0} {} {俠客岛石室} { } {这是一间石室，东面是块打磨光滑的大"石壁"，石壁旁点燃着八根大火把，照耀明亮。壁上刻得有图有字。只听得东一簇、西一堆的人个个在议论纷纭，各抒己见。　　┌─────────────────────┐　　│                                          │　  │　                                        │　　│          谁  能  书  阁  下              │　　│                                          │　　│                                          │    └─────────────────────┚    你可以看看(look):石壁} {侠客岛} {} {} {} {1.000}
E {   23} {e} {e} {4} {0} {}
E {   25} {w} {w} {8} {0} {}

R {   25} {0} {} {俠客岛石室} { } {这是一间石室，东面是块打磨光滑的大"石壁"，石壁旁点燃着八根大火把，照耀明亮。壁上刻得有图有字。石室中已有十多人，有的注目凝思，有的打坐练功，有的闭着双目喃喃自语，更有三四人在大声争辩。　　┌─────────────────────┐　　│                                          │　  │　                                        │　　│           白  首  太  玄  经             │　　│                                          │　　│                                          │    └─────────────────────┚    你可以看看(look):石壁} {侠客岛} {医术} {} {} {1.000}
E {   24} {e} {e} {4} {0} {}
E {    2} {w} {w} {8} {0} {}

R {   26} {0} {} {海滩} { } {这是侠客岛的出海口，北面是海，向西是一座高耸的石山，山上郁郁苍苍，生满树木。南面是花草树林，五色缤纷不见尽头，只看得头昏眼花。东首石崖下停泊着四十多艘大大小小船只(boat)。} {侠客岛} {} {} {} {1.000}
E {   27} {s} {s} {2} {0} {}

R {   27} {0} {} {沙滩} { } {这里是一片茫茫沙地，但奇怪的是在不远的前方却是一片葱绿的树林。} {侠客岛} {} {} {} {1.000}
E {   26} {n} {n} {1} {0} {}
E {   28} {s} {s} {2} {0} {}

R {   28} {0} {} {沙滩} { } {这里是一片茫茫沙地，但奇怪的是在不远的前方却是一片葱绿的树林。} {侠客岛} {} {} {} {1.000}
E {   27} {n} {n} {1} {0} {}
E {   29} {s} {s} {2} {0} {}

R {   29} {0} {} {沙滩} { } {这里是一片茫茫沙地，但奇怪的是在不远的前方却是一片葱绿的树林。} {侠客岛} {} {} {} {1.000}
E {   28} {n} {n} {1} {0} {}
E {   30} {s} {s} {2} {0} {}

R {   30} {0} {} {树林} { } {树林中草木繁多，遍地绿草高可没膝。阵风吹过，草中发出唏唏唆唆的响声，象是有人自草中穿行。顶上树叶繁茂，密密麻麻把天都遮住了。} {侠客岛} {} {} {} {1.000}
E {   29} {n} {n} {1} {0} {}
E {   31} {s} {s} {2} {0} {}

R {   31} {0} {} {树林} { } {树林中草木繁多，遍地绿草高可没膝。阵风吹过，草中发出唏唏唆唆的响声，象是有人自草中穿行。顶上树叶繁茂，密密麻麻把天都遮住了。} {侠客岛} {} {} {} {1.000}
E {   30} {n} {n} {1} {0} {}
E {   32} {e} {e} {4} {0} {}

R {   32} {0} {} {树林} { } {树林中草木繁多，遍地绿草高可没膝。阵风吹过，草中发出唏唏唆唆的响声，象是有人自草中穿行。顶上树叶繁茂，密密麻麻把天都遮住了。} {侠客岛} {} {} {} {1.000}
E {   31} {w} {w} {8} {0} {}
E {   33} {e} {e} {4} {0} {}

R {   33} {0} {} {树林} { } {树林中草木繁多，遍地绿草高可没膝。阵风吹过，草中发出唏唏唆唆的响声，象是有人自草中穿行。顶上树叶繁茂，密密麻麻把天都遮住了。} {侠客岛} {} {} {} {1.000}
E {   32} {w} {w} {8} {0} {}
E {   34} {e} {e} {4} {0} {}

R {   34} {0} {} {树林} { } {树林中草木繁多，遍地绿草高可没膝。阵风吹过，草中发出唏唏唆唆的响声，象是有人自草中穿行。顶上树叶繁茂，密密麻麻把天都遮住了。} {侠客岛} {} {} {} {1.000}
E {   33} {w} {w} {8} {0} {}
E {   35} {s} {s} {2} {0} {}

R {   35} {0} {} {树林} { } {树林中草木繁多，遍树叶繁茂，密密麻麻把天都遮住了。在密林深处，隐约现出一条小路(path)，似乎极不引人注意。} {侠客岛} {岔路口} {} {} {1.000}
E {   34} {n} {n} {1} {0} {}
E {   36} {w} {w} {8} {0} {}

R {   36} {0} {} {树林} { } {树林中草木繁多，遍地绿草高可没膝。阵风吹过，草中发出唏唏唆唆的响声，象是有人自草中穿行。顶上树叶繁茂，密密麻麻把天都遮住了。值得注意的是这里有一棵树(tree)特别粗大。} {侠客岛} {大树} {} {} {1.000}
E {   35} {e} {e} {4} {0} {}
E {   37} {w} {w} {8} {0} {}
E {   61} {climb_tree} {climb tree} {0} {0} {}

R {   37} {0} {} {树林} { } {树林中草木繁多，遍地绿草高可没膝。阵风吹过，草中发出唏唏唆唆的响声，象是有人自草中穿行。顶上树叶繁茂，密密麻麻把天都遮住了。在这片树林中，有一棵柏树，树壮枝长，极为惹人注目。此树树干虽宽，但却是轻斜向一方，似乎并不难爬。} {侠客岛} {} {} {} {1.000}
E {   36} {e} {e} {4} {0} {}
E {   38} {n} {n} {1} {0} {}

R {   38} {0} {} {树林} { } {树林中草木繁多，遍地绿草高可没膝。阵风吹过，草中发出唏唏唆唆的响声，象是有人自草中穿行。顶上树叶繁茂，密密麻麻把天都遮住了。} {侠客岛} {} {} {} {1.000}
E {   37} {s} {s} {2} {0} {}
E {   39} {w} {w} {8} {0} {}

R {   39} {0} {} {迎宾馆} { } {■■■■■■■■■■■■■■■■■■■■■■■■             ■                                            ■             ■               迎  賓  館                   ■             ■                                            ■             ■■■■■■■■■■■■■■■■■■■■■■■■    馆中桌椅俱全，三枝红烛照耀得满洞明亮。一名小僮奉上清茶和四色点心。} {侠客岛} {} {} {{Shi zhe}{侠客岛使者}} {1.000}
E {   38} {e} {e} {4} {0} {}
E {   40} {n} {n} {1} {0} {}

R {   40} {0} {} {观月阁} { } {★         ︵       ☆             ★            ☆              ）〕           ★                            ︶    此阁无顶。每当深夜，微风袭袭，繁星点点；一轮明月，悬于正央。放眼眺望，苍穹暗淡，唯阁烛一盏；万物尽淡，唯侠骨豪情。。。} {侠客岛} {} {} {} {1.000}
E {   39} {s} {s} {2} {0} {}
E {   41} {n} {n} {1} {0} {}
E {   53} {w} {w} {8} {0} {}
E {   60} {e} {e} {4} {0} {}

R {   41} {0} {} {庭院} { } {松软的黄土铺满庭院，显然是用来练习武功的。院中零星地立着几根一尺粗细的木桩，其中一根被斜削为两截，切口儿古怪。又一根被一剑洞穿，一柄青穗剑尚未拔出。} {侠客岛} {} {} {} {1.000}
E {   40} {s} {s} {2} {0} {}
E {   42} {n} {open north;n} {1} {0} {}
E {   51} {w} {w} {8} {0} {}
E {   52} {e} {e} {4} {0} {}

R {   42} {0} {} {大厅} { } {一条猩红的地毯，自门口笔直地铺向远处，其长竟不止十丈。尽头处又是十数级石阶，阶上又是一重门户。原来小阁楼里连接山腹，外观虽小，里面却是宽容博大。两壁间灯光辉煌，照着当中。    你可以看看(look):south} {侠客岛} {} {} {} {1.000}
E {   41} {s} {open south;s} {2} {0} {}
E {   43} {nu} {nu} {17} {0} {}

R {   43} {0} {} {大殿} { } {这是一间金碧辉煌的大殿，两行蟠龙巨柱，有如巨人般排列在大殿中央。巨柱之间，又是一道猩红长毯。长毯尽头，石阶再起，上面一张巨桌，桌后一张巨椅，桌椅俱有蟠龙雕花，闪耀著黄金色的光芒。    你可以看看(look):west} {侠客岛} {张三} {} {{Zhang san}{三}} {1.000}
E {   42} {sd} {sd} {34} {0} {}
E {   44} {e} {e} {4} {0} {}
E {   45} {n} {n} {1} {0} {}

R {   44} {0} {} {轩堂} { } {轩堂中一尘不染，窗明几净，四壁堆满了书架，屋角一张琴几，琴旁一方棋枰。墙上挂着一幅画(picture)，还有几张未完成的画，散乱地堆在另一角的画桌上。门上挂著湘妃帘，透过竹帘，可以看见那一洼盛开的菊花。    你可以看看(look):picture} {侠客岛} {} {} {} {1.000}
E {   43} {w} {w} {8} {0} {}

R {   45} {0} {} {精舍} { } {穿过路旁的草地，四下观望，只见路边一栋精舍，建筑在翠竹之间，微风过处，幽籁天成。不远处，则见道旁依山筑起一片小巧的楼阁，飞檐如凤，画栋雕梁。当真有如皇宫一般。} {侠客岛} {} {} {} {1.000}
E {   43} {s} {s} {2} {0} {}
E {   46} {w} {w} {8} {0} {}
E {   47} {e} {e} {4} {0} {}
E {   48} {n} {n} {1} {0} {}

R {   46} {0} {} {木岛主居室} { } {这里是侠客岛木岛主的居室，房间古朴典雅，颇能显出主人的风雅之气。} {侠客岛} {} {} {} {1.000}
E {   45} {e} {e} {4} {0} {}

R {   47} {0} {} {龙岛主居室} { } {这里是侠客岛龙岛主的居室，房间布局活泼轻松，不拘一格。} {侠客岛} {} {} {{Long yifan}{龙亦凡}} {1.000}
E {   45} {w} {w} {8} {0} {}

R {   48} {0} {} {楼廊} { } {楼殿前是一片阴郁的松林，风过松林，声如悲鸣！松林间几只小松鼠不停地追逐跳跃，给阴郁的林间带来些生气。穿过雕花栏杆，只见长廊曲折，通向一扇边门。往西是一条石路。} {侠客岛} {} {} {} {1.000}
E {   45} {s} {s} {2} {0} {}
E {   49} {w} {w} {8} {0} {}

R {   49} {0} {} {石路} { } {石路上不见人踪，平滑乾净的石板，看来仿佛终年都有人走动，玉一般暴露在苍穹之下。往东是一片阴郁的松林，林中似有飞檐楼阁。西边也是一片松林，隐约有流水之声传来。} {侠客岛} {} {} {} {1.000}
E {   48} {e} {e} {4} {0} {}
E {   50} {w} {w} {8} {0} {}

R {   50} {0} {} {花园} { } {这是一座极大的花园，四面群山围绕，园中万花竞艳。牡丹芍药，黄菊红玫，四季香花，在这地竞同时开放，抬眼望去，宛如置身一片香涛花海之中。白石小径，青竹篱笆间，零乱地站了十余个红衣少女，正在剪草灌花。西面是闭关室，据说很多上岛的武林人士，在这里自创出独门武功，北面的花丛似乎有人拨弄过，看起来有点凌乱。} {侠客岛} {} {} {{Pretty girl}{二位兰花}} {1.000}
E {   49} {e} {e} {4} {0} {}

R {   51} {0} {} {饭厅} { } {这里是就餐的地方。饭厅不大，放了几张桌椅。灶上锅内的反饭菜发出诱人的香味，丝丝白气从锅内的缝中飘出，令人垂涎欲滴。} {侠客岛} {} {} {{Liuli qiezi}{二盆琉璃茄子}{Mala doufu}{二盆麻辣豆腐}{Qingshui hulu}{清水葫芦}} {1.000}
E {   41} {e} {e} {4} {0} {}

R {   52} {0} {} {小柴房} { } {一间小而简陋的木屋，但并不漏雨。墙角整齐地堆着一捆捆干柴。墙上钉着一个木架，架上挂着一些砍柴用的工具。一条长凳放在屋子中央。} {侠客岛} {} {} {} {1.000}
E {   41} {w} {w} {8} {0} {}

R {   53} {0} {} {西偏厅} { } {厅中一大台，酒肴已设。佳肴异果，罗列满案。酒味醇美，其甘如饴。此时月色倍明，室中照耀，如同白日。满座芳香，螓首粉面。主客尽情欢笑。再往西则是一条长长的走廊。} {侠客岛} {} {} {} {1.000}
E {   40} {e} {e} {4} {0} {}
E {   54} {w} {w} {8} {0} {}

R {   54} {0} {} {走廊} { } {黯淡的走廊，只有几只蜡烛微微地闪着光。走廊弯弯曲曲，向前伸展，一眼望不到尽头。} {侠客岛} {} {} {} {1.000}
E {   53} {e} {e} {4} {0} {}
E {   55} {w} {w} {8} {0} {}

R {   55} {0} {} {走廊} { } {黯淡的走廊，只有几只蜡烛微微地闪着光。走廊弯弯曲曲，向前伸展，一眼望不到尽头。} {侠客岛} {} {} {} {1.000}
E {   54} {e} {e} {4} {0} {}
E {   56} {w} {w} {8} {0} {}

R {   56} {0} {} {走廊} { } {黯淡的走廊，只有几只蜡烛微微地闪着光。走廊弯弯曲曲，向前伸展，一眼望不到尽头。} {侠客岛} {} {} {} {1.000}
E {   55} {e} {e} {4} {0} {}
E {   57} {w} {w} {8} {0} {}
E {   59} {s} {s} {2} {0} {}

R {   57} {0} {} {走廊} { } {黯淡的走廊，只有几只蜡烛微微地闪着光。走廊弯弯曲曲，向前伸展，一眼望不到尽头。} {侠客岛} {} {} {} {1.000}
E {   56} {e} {e} {4} {0} {}
E {   58} {n} {n} {1} {0} {}

R {   58} {0} {} {厢房} { } {此房小而整洁。墙上一小窗，窗外湖色尽收眼低。墙角立一琵琶，上覆红布，似乎很久没有用过的样子。窗侧对联一幅，言道：                 易                    难                 求                    得                 无                    有                 价                    情                 宝                    郎} {侠客岛} {} {} {} {1.000}
E {   57} {s} {s} {2} {0} {}

R {   59} {0} {} {客房} { } {屋小幽雅，正中一张小几，几上有琴，琴上无弦。旁边一圆凳，凳上鸳鸯垫。屋角木床。墙角挂着一幅小篆对联：                 焚                    惜                 琴                    香                 煮                    怜                 鹤                    玉                 从                    几                 来                    个                 有                    知} {侠客岛} {} {} {} {1.000}
E {   56} {n} {n} {1} {0} {}

R {   60} {0} {} {东偏厅} { } {此厅无窗，尽以儿臂红烛照耀。厅中一张小木台，台上一壶酒，酒尚有余温。右角一小方地毯，毯色鲜红。左边是支木架，架上有陈年老酒。还有一张小床，似乎有人长年住在这里的样子。    你可以看看(look):地毯,carpet,ditan} {侠客岛} {} {} {} {1.000}
E {   40} {w} {w} {8} {0} {}

R {   61} {0} {} {青石崖下} { } {岛上风光秀丽，当真是好去处！前方一座高崖，崖上有祥云绕绕，隐有红光。崖壁上多是青苔锈葛，看上去异常的滑手。崖上有鹤鸣阵阵，空山回音不绝。} {侠客岛} {} {} {} {1.000}
E {   62} {climb_cliff} {climb cliff} {0} {0} {}

R {   62} {0} {} {青石台} { } {岛上风光秀丽，当真是好去处！高崖上视野开阔，周围景色看的清清楚楚。石崖不知还有多高，隐在云中不见端倪，下面云雾绕绕，也不知有多高了。} {侠客岛} {} {} {} {1.000}
E {   63} {climb_cliff} {climb cliff} {0} {0} {}

R {   63} {0} {} {青石崖} { } {岛上风光秀丽，当真是好去处！高崖上视野开阔，远望四周，把蓬莱景色看的清清楚楚。远处大海如明镜般平整。山崖上长有无数异草，飘着淡淡香气。远处你隐隐觉得地上好像有一个什么洞(hole)，你不妨走过去看看(kan)。} {侠客岛} {} {} {{Bai he}{白鹤}} {1.000}
