C 50000

CE <078>
CH <118>
CP <138>
CR <178>

F 8

I 1

L * # #  # |   #        x


R {    1} {0} {} {俠客岛石室} { } {这里是石室内就餐的地方。很多高手到了这里，流连忘返，不愿意离开石室。岛主见此，就特意让侠客岛弟子在这里安置了一个就餐的地方。在这里就餐的人也是匆匆忙忙，恨不得少停留一刻。桌上的饭菜很简单，旁边还有一个水缸，可以用来装水和喝水。如果吃不够还可以要(yao)些干粮。} {侠客岛} {食堂} {} {{Bocai fentiao}{二盆菠菜粉条}{Liuli qiezi}{二盆琉璃茄子}} {1.000}
E {    2} {s} {s} {2} {0} {}

R {    2} {0} {} {俠客岛石室} { } {这是一间石室，东面是块打磨光滑的大"石壁"，石壁旁点燃着八根大火把，照耀明亮。壁上刻得有图有字。石室中已有十多人，有的注目凝思，有的打坐练功，有的闭着双目喃喃自语，更有三四人在大声争辩。　　┌─────────────────────┐　　│                                          │　  │　                                        │　　│           赵  客  缦  胡  缨             │　　│                                          │　　│                                          │    └─────────────────────┚    你可以看看(look):石壁} {侠客岛} {} {} {{Miaodi dashi}{妙谛大师}} {1.000}
E {    1} {n} {n} {1} {0} {}
E {    3} {w} {w} {8} {0} {}
E {   25} {e} {e} {4} {0} {}

R {    3} {0} {} {俠客岛石室} { } {这是一间石室，东面是块打磨光滑的大"石壁"，石壁旁点燃着八根大火把，照耀明亮。壁上刻得有图有字。三个劲装老者展开正在冥思苦想。　　┌─────────────────────┐　　│                                          │　  │　                                        │　　│           吴  钩  霜  雪  明             │　　│                                          │　　│                                          │    └─────────────────────┚    你可以看看(look):石壁} {侠客岛} {} {} {} {1.000}
E {    2} {e} {e} {4} {0} {}
E {    4} {w} {w} {8} {0} {}

R {    4} {0} {} {俠客岛石室} { } {这是一间石室，东面是块打磨光滑的大"石壁"，石壁旁点燃着八根大火把，照耀明亮。壁上刻得有图有字。三个劲装老者展开正在冥思苦想。　　┌─────────────────────┐　　│                                          │　  │　                                        │　　│            银  鞍  照  白  马            │　　│                                          │　　│                                          │    └─────────────────────┚    你可以看看(look):石壁} {侠客岛} {} {} {} {1.000}
E {    3} {e} {e} {4} {0} {}
E {    5} {w} {w} {8} {0} {}

R {    5} {0} {} {俠客岛石室} { } {这是一间石室，东面是块打磨光滑的大"石壁"，石壁旁点燃着八根大火把，照耀明亮。壁上刻得有图有字。三个劲装老者展开轻功，正在迅速异常的奔行。这三人奔得快极，只带得满室生风。　　┌─────────────────────┐　　│                                          │　  │　                                        │　　│           疯  沓  如  流  星             │　　│                                          │　　│                                          │    └─────────────────────┚    你可以看看(look):石壁} {侠客岛} {} {} {} {1.000}
E {    4} {e} {e} {4} {0} {}
E {    6} {n} {n} {1} {0} {}

R {    6} {0} {} {俠客岛石室} { } {这是一间石室，东面是块打磨光滑的大"石壁"，石壁旁点燃着八根大火把，照耀明亮。壁上刻得有图有字。三个劲装老者展开正在冥思苦想。　　┌─────────────────────┐　　│                                          │　  │　                                        │　　│             十  步  杀  一  人           │　　│                                          │　　│                                          │    └─────────────────────┚    你可以看看(look):石壁} {侠客岛} {} {} {} {1.000}
E {    5} {s} {s} {2} {0} {}
E {    7} {n} {n} {1} {0} {}

R {    7} {0} {} {俠客岛石室} { } {这是一间石室，东面是块打磨光滑的大"石壁"，石壁旁点燃着八根大火把，照耀明亮。壁上刻得有图有字。只听得东一簇、西一堆的人个个在议论纷纭，各抒己见。　　┌─────────────────────┐　　│                                          │　  │　                                        │　　│            千  里  不  留  行            │　　│                                          │　　│                                          │    └─────────────────────┚    你可以看看(look):石壁} {侠客岛} {} {} {} {1.000}
E {    6} {s} {s} {2} {0} {}
E {    8} {n} {n} {1} {0} {}

R {    8} {0} {} {俠客岛石室} { } {这是一间石室，东面是块打磨光滑的大"石壁"，石壁旁点燃着八根大火把，照耀明亮。壁上刻得有图有字。只听得东一簇、西一堆的人个个在议论纷纭，各抒己见。　　┌─────────────────────┐　　│                                          │　  │　                                        │　　│            事  了  拂  衣  去            │　　│                                          │　　│                                          │    └─────────────────────┚    你可以看看(look):石壁} {侠客岛} {} {} {} {1.000}
E {    7} {s} {s} {2} {0} {}
E {    9} {n} {n} {1} {0} {}

R {    9} {0} {} {俠客岛石室} { } {这是一间石室，东面是块打磨光滑的大"石壁"，石壁旁点燃着八根大火把，照耀明亮。壁上刻得有图有字。只听得东一簇、西一堆的人个个在议论纷纭，各抒己见。　　┌─────────────────────┐　　│                                          │　  │　                                        │　　│            深  藏  身  与  名            │　　│                                          │　　│                                          │    └─────────────────────┚    你可以看看(look):石壁} {侠客岛} {读书写字} {} {} {1.000}
E {    8} {s} {s} {2} {0} {}
E {   10} {n} {n} {1} {0} {}

R {   10} {0} {} {俠客岛石室} { } {这是一间石室，东面是块打磨光滑的大"石壁"，石壁旁点燃着八根大火把，照耀明亮。壁上刻得有图有字。只听得东一簇、西一堆的人个个在议论纷纭，各抒己见。　　┌─────────────────────┐　　│                                          │　  │　                                        │　　│          闲  过  信  陵  饮              │　　│                                          │　　│                                          │    └─────────────────────┚    你可以看看(look):石壁} {侠客岛} {} {} {} {1.000}
E {    9} {s} {s} {2} {0} {}
E {   11} {n} {n} {1} {0} {}

R {   11} {0} {} {俠客岛石室} { } {这是一间石室，东面是块打磨光滑的大"石壁"，石壁旁点燃着八根大火把，照耀明亮。壁上刻得有图有字。只听得东一簇、西一堆的人个个在议论纷纭，各抒己见。　　┌─────────────────────┐　　│                                          │　  │　                                        │　　│          脱  剑  膝  前  横              │　　│                                          │　　│                                          │    └─────────────────────┚    你可以看看(look):石壁} {侠客岛} {} {} {{Yucha daozhang}{愚茶道长}} {1.000}
E {   10} {s} {s} {2} {0} {}
E {   12} {e} {e} {4} {0} {}

R {   12} {0} {} {俠客岛石室} { } {这是一间石室，东面是块打磨光滑的大"石壁"，石壁旁点燃着八根大火把，照耀明亮。壁上刻得有图有字。只听得东一簇、西一堆的人个个在议论纷纭，各抒己见。　　┌─────────────────────┐　　│                                          │　  │　                                        │　　│          将  炙  啖  朱  亥              │　　│                                          │　　│                                          │    └─────────────────────┚    你可以看看(look):石壁} {侠客岛} {} {} {} {1.000}
E {   11} {w} {w} {8} {0} {}
E {   13} {e} {e} {4} {0} {}

R {   13} {0} {} {俠客岛石室} { } {这是一间石室，东面是块打磨光滑的大"石壁"，石壁旁点燃着八根大火把，照耀明亮。壁上刻得有图有字。只听得东一簇、西一堆的人个个在议论纷纭，各抒己见。　　┌─────────────────────┐　　│                                          │　  │　                                        │　　│          持  觞  劝  侯  嬴              │　　│                                          │　　│                                          │    └─────────────────────┚    你可以看看(look):石壁} {侠客岛} {} {} {} {1.000}
E {   12} {w} {w} {8} {0} {}
E {   14} {e} {e} {4} {0} {}

R {   14} {0} {} {俠客岛石室} { } {这是一间石室，东面是块打磨光滑的大"石壁"，石壁旁点燃着八根大火把，照耀明亮。壁上刻得有图有字。只听得东一簇、西一堆的人个个在议论纷纭，各抒己见。　　┌─────────────────────┐　　│                                          │　  │　                                        │　　│          三  杯  吐  然  诺              │　　│                                          │　　│                                          │    └─────────────────────┚    你可以看看(look):石壁} {侠客岛} {} {} {} {1.000}
E {   13} {w} {w} {8} {0} {}
E {   15} {e} {e} {4} {0} {}

R {   15} {0} {} {俠客岛石室} { } {这是一间石室，东面是块打磨光滑的大"石壁"，石壁旁点燃着八根大火把，照耀明亮。壁上刻得有图有字。只听得东一簇、西一堆的人个个在议论纷纭，各抒己见。　　┌─────────────────────┐　　│                                          │　  │　                                        │　　│          五  岳  倒  为  轻              │　　│                                          │　　│                                          │    └─────────────────────┚    你可以看看(look):石壁} {侠客岛} {} {} {} {1.000}
E {   14} {w} {w} {8} {0} {}
E {   16} {e} {e} {4} {0} {}

R {   16} {0} {} {俠客岛石室} { } {这是一间石室，东面是块打磨光滑的大"石壁"，石壁旁点燃着八根大火把，照耀明亮。壁上刻得有图有字。只听得东一簇、西一堆的人个个在议论纷纭，各抒己见。　　┌─────────────────────┐　　│                                          │　  │　                                        │　　│          眼  花  耳  热  后              │　　│                                          │　　│                                          │    └─────────────────────┚    你可以看看(look):石壁} {侠客岛} {} {} {{Heipao ren}{黑袍人}} {1.000}
E {   15} {w} {w} {8} {0} {}
E {   17} {e} {e} {4} {0} {}

R {   17} {0} {} {俠客岛石室} { } {这是一间石室，东面是块打磨光滑的大"石壁"，石壁旁点燃着八根大火把，照耀明亮。壁上刻得有图有字。只听得东一簇、西一堆的人个个在议论纷纭，各抒己见。　　┌─────────────────────┐　　│                                          │　  │　                                        │　　│          意  气  素  霓  生。            │　　│                                          │　　│                                          │    └─────────────────────┚    你可以看看(look):石壁} {侠客岛} {} {} {} {1.000}
E {   16} {w} {w} {8} {0} {}
E {   18} {s} {s} {2} {0} {}

R {   18} {0} {} {俠客岛石室} { } {这是一间石室，东面是块打磨光滑的大"石壁"，石壁旁点燃着八根大火把，照耀明亮。壁上刻得有图有字。只听得东一簇、西一堆的人个个在议论纷纭，各抒己见。　　┌─────────────────────┐　　│                                          │　  │　                                        │　　│          救  赵  挥  金  锤              │　　│                                          │　　│                                          │    └─────────────────────┚    你可以看看(look):石壁} {侠客岛} {} {} {} {1.000}
E {   17} {n} {n} {1} {0} {}
E {   19} {s} {s} {2} {0} {}

R {   19} {0} {} {俠客岛石室} { } {这是一间石室，东面是块打磨光滑的大"石壁"，石壁旁点燃着八根大火把，照耀明亮。壁上刻得有图有字。只听得东一簇、西一堆的人个个在议论纷纭，各抒己见。　　┌─────────────────────┐　　│                                          │　  │　                                        │　　│           邯  郸  先  震  惊             │　　│                                          │　　│                                          │    └─────────────────────┚    你可以看看(look):石壁} {侠客岛} {} {} {} {1.000}
E {   18} {n} {n} {1} {0} {}
E {   20} {s} {s} {2} {0} {}

R {   20} {0} {} {俠客岛石室} { } {这是一间石室，东面是块打磨光滑的大"石壁"，石壁旁点燃着八根大火把，照耀明亮。壁上刻得有图有字。只听得东一簇、西一堆的人个个在议论纷纭，各抒己见。　　┌─────────────────────┐　　│                                          │　  │　                                        │　　│           千  秋  二  壮  士             │　　│                                          │　　│                                          │    └─────────────────────┚    你可以看看(look):石壁} {侠客岛} {} {} {} {1.000}
E {   19} {n} {n} {1} {0} {}
E {   21} {s} {s} {2} {0} {}

R {   21} {0} {} {俠客岛石室} { } {这是一间石室，东面是块打磨光滑的大"石壁"，石壁旁点燃着八根大火把，照耀明亮。壁上刻得有图有字。只听得东一簇、西一堆的人个个在议论纷纭，各抒己见。　　┌─────────────────────┐　　│                                          │　  │　                                        │　　│          火亘 赫  大  梁  城             │　　│                                          │　　│                                          │    └─────────────────────┚    你可以看看(look):石壁} {侠客岛} {} {} {} {1.000}
E {   20} {n} {n} {1} {0} {}
E {   22} {s} {s} {2} {0} {}

R {   22} {0} {} {俠客岛石室} { } {这是一间石室，东面是块打磨光滑的大"石壁"，石壁旁点燃着八根大火把，照耀明亮。壁上刻得有图有字。只听得东一簇、西一堆的人个个在议论纷纭，各抒己见。　　┌─────────────────────┐　　│                                          │　  │　                                        │　　│          纵  死  侠  骨  香              │　　│                                          │　　│                                          │    └─────────────────────┚    你可以看看(look):石壁} {侠客岛} {} {} {} {1.000}
E {   21} {n} {n} {1} {0} {}
E {   23} {s} {s} {2} {0} {}

R {   23} {0} {} {俠客岛石室} { } {这是一间石室，东面是块打磨光滑的大"石壁"，石壁旁点燃着八根大火把，照耀明亮。壁上刻得有图有字。只听得东一簇、西一堆的人个个在议论纷纭，各抒己见。　　┌─────────────────────┐　　│                                          │　  │　                                        │　　│          不  惭  世  上  英              │　　│                                          │　　│                                          │    └─────────────────────┚    你可以看看(look):石壁} {侠客岛} {} {} {} {1.000}
E {   22} {n} {n} {1} {0} {}
E {   24} {w} {w} {8} {0} {}

R {   24} {0} {} {俠客岛石室} { } {这是一间石室，东面是块打磨光滑的大"石壁"，石壁旁点燃着八根大火把，照耀明亮。壁上刻得有图有字。只听得东一簇、西一堆的人个个在议论纷纭，各抒己见。　　┌─────────────────────┐　　│                                          │　  │　                                        │　　│          谁  能  书  阁  下              │　　│                                          │　　│                                          │    └─────────────────────┚    你可以看看(look):石壁} {侠客岛} {} {} {} {1.000}
E {   23} {e} {e} {4} {0} {}
E {   25} {w} {w} {8} {0} {}

R {   25} {0} {} {俠客岛石室} { } {这是一间石室，东面是块打磨光滑的大"石壁"，石壁旁点燃着八根大火把，照耀明亮。壁上刻得有图有字。石室中已有十多人，有的注目凝思，有的打坐练功，有的闭着双目喃喃自语，更有三四人在大声争辩。　　┌─────────────────────┐　　│                                          │　  │　                                        │　　│           白  首  太  玄  经             │　　│                                          │　　│                                          │    └─────────────────────┚    你可以看看(look):石壁} {侠客岛} {医术} {} {} {1.000}
E {   24} {e} {e} {4} {0} {}
E {    2} {w} {w} {8} {0} {}
