C 50000

CE <078>
CH <118>
CP <138>
CR <178>

F 9

I 75

L * # #  # |   #        x


R {    1} {0} {} {扬州} { } {} {} {} {} {} {1.000}
E {    2} {s} {s} {2} {0} {}

R {    2} {0} {} {} { } {} {} {} {} {} {1.000}
E {    1} {n} {n} {1} {0} {}
E {    3} {s} {s} {2} {0} {}

R {    3} {0} {} {} { } {} {} {} {} {} {1.000}
E {    2} {n} {n} {1} {0} {}
E {    4} {s} {s} {2} {0} {}
E {    9} {w} {w} {8} {0} {}

R {    4} {0} {} {} { } {} {} {} {} {} {1.000}
E {    3} {n} {n} {1} {0} {}
E {    5} {s} {s} {2} {0} {}

R {    5} {0} {} {} { } {} {} {} {} {} {1.000}
E {    4} {n} {n} {1} {0} {}
E {    6} {su} {su} {18} {0} {}

R {    6} {0} {} {} { } {} {} {} {} {} {1.000}
E {    5} {nd} {nd} {33} {0} {}
E {    7} {se} {se} {6} {0} {}

R {    7} {0} {} {} { } {} {} {} {} {} {1.000}
E {    6} {nw} {nw} {9} {0} {}
E {    8} {su} {su} {18} {0} {}

R {    8} {0} {} {扬子津} { } {} {} {} {} {} {1.000}
E {    7} {nd} {nd} {33} {0} {}
E {   10} {guojiang} {yell boat;enter} {0} {0} {}

R {    9} {0} {} {春来茶馆} { } {} {} {} {} {} {1.000}
E {    3} {e} {e} {4} {0} {}
E {   11} {w} {w} {8} {0} {}

R {   10} {0} {} {西津渡口} { } {} {长江} {} {} {} {1.000}
E {   12} {se} {se} {6} {0} {}
E {    8} {guojiang} {yell boat;enter} {0} {0} {}

R {   11} {0} {} {扬州车站} { } {} {} {} {} {} {1.000}
E {    9} {e} {e} {4} {0} {}

R {   12} {0} {} {} { } {} {} {} {} {} {1.000}
E {   13} {se} {se} {6} {0} {}
E {   10} {nw} {nw} {9} {0} {}

R {   13} {0} {} {} { } {} {} {} {} {} {1.000}
E {   12} {nw} {nw} {9} {0} {}
E {   14} {e} {e} {4} {0} {}

R {   14} {0} {} {} { } {} {} {} {} {} {1.000}
E {   13} {w} {w} {8} {0} {}
E {   15} {e} {e} {4} {0} {}

R {   15} {0} {} {} { } {} {} {} {} {} {1.000}
E {   14} {w} {w} {8} {0} {}
E {   16} {e} {e} {4} {0} {}

R {   16} {0} {} {} { } {} {} {} {} {} {1.000}
E {   15} {w} {w} {8} {0} {}
E {   17} {e} {e} {4} {0} {}

R {   17} {0} {} {镇江} { } {} {} {} {} {} {1.000}
E {   16} {w} {w} {8} {0} {}
E {   18} {e} {e} {4} {0} {}

R {   18} {0} {} {} { } {} {} {} {} {} {1.000}
E {   17} {w} {w} {8} {0} {}
E {   19} {e} {e} {4} {0} {}

R {   19} {0} {} {} { } {} {} {} {} {} {1.000}
E {   18} {w} {w} {8} {0} {}
E {   20} {n} {n} {1} {0} {}

R {   20} {0} {} {镇江车站} { } {} {} {} {} {} {1.000}
E {   19} {s} {s} {2} {0} {}
E {   21} {tohangzhou} {gu;qu hangzhou} {0} {0} {}

R {   21} {0} {} {杭州车站} { } {} {} {} {} {} {1.000}
E {   22} {s} {s} {2} {0} {}
E {   20} {tozhenjiang} {gu;qu zhenjiang} {0} {0} {}
E {   30} {tojiaxing} {gu;qu jiaxing} {0} {0} {}
E {   45} {toyashan} {gu;qu yashan} {0} {0} {}
E {   46} {tojiangzhou} {gu;qu jiangzhou} {0} {0} {}
E {   63} {gu} {gu} {0} {0} {}

R {   22} {0} {} {} { } {} {} {} {} {} {1.000}
E {   21} {n} {n} {1} {0} {}
E {   23} {w} {w} {8} {0} {}

R {   23} {0} {} {} { } {} {} {} {} {} {1.000}
E {   22} {e} {e} {4} {0} {}
E {   24} {s} {s} {2} {0} {}

R {   24} {0} {} {杭州} { } {} {} {} {} {} {1.000}
E {   23} {n} {n} {1} {0} {}
E {   25} {e} {e} {4} {0} {}

R {   25} {0} {} {} { } {} {} {} {} {} {1.000}
E {   24} {w} {w} {8} {0} {}
E {   26} {e} {e} {4} {0} {}

R {   26} {0} {} {} { } {} {} {} {} {} {1.000}
E {   25} {w} {w} {8} {0} {}
E {   27} {n} {n} {1} {0} {}

R {   27} {0} {} {} { } {} {} {} {} {} {1.000}
E {   26} {s} {s} {2} {0} {}
E {   28} {enter} {enter} {63} {0} {}

R {   28} {0} {} {} { } {} {} {} {} {} {1.000}
E {   27} {out} {out} {62} {0} {}
E {   29} {n} {n} {1} {0} {}

R {   29} {0} {} {韩世忠} { } {} {杭州} {} {} {} {1.000}
E {   28} {s} {s} {2} {0} {}

R {   30} {0} {} {嘉兴车站} { } {} {} {} {} {} {1.000}
E {   21} {tohangzhou} {tohangzhou} {0} {0} {}
E {   31} {n} {n} {1} {0} {}

R {   31} {0} {} {铁枪庙} { } {} {} {} {} {} {1.000}
E {   30} {s} {s} {2} {0} {}
E {   32} {n} {n} {1} {0} {}

R {   32} {0} {} {} { } {} {} {} {} {} {1.000}
E {   31} {s} {s} {2} {0} {}
E {   33} {nd} {nd} {33} {0} {}

R {   33} {0} {} {无名谷底} { } {} {} {} {} {} {1.000}
E {   32} {su} {su} {18} {0} {}
E {   34} {e} {e} {4} {0} {}

R {   34} {0} {} {} { } {} {} {} {} {} {1.000}
E {   33} {w} {w} {8} {0} {}
E {   35} {e} {e} {4} {0} {}

R {   35} {0} {} {} { } {} {} {} {} {} {1.000}
E {   34} {w} {w} {8} {0} {}
E {   36} {e} {e} {4} {0} {}

R {   36} {0} {} {} { } {} {} {} {} {} {1.000}
E {   35} {w} {w} {8} {0} {}
E {   37} {e} {e} {4} {0} {}

R {   37} {0} {} {} { } {} {} {} {} {} {1.000}
E {   36} {w} {w} {8} {0} {}
E {   38} {s} {s} {2} {0} {}

R {   38} {0} {} {} { } {} {} {} {} {} {1.000}
E {   37} {n} {n} {1} {0} {}
E {   39} {s} {s} {2} {0} {}

R {   39} {0} {} {} { } {} {} {} {} {} {1.000}
E {   38} {n} {n} {1} {0} {}
E {   40} {se} {se} {6} {0} {}

R {   40} {0} {} {} { } {} {} {} {} {} {1.000}
E {   39} {nw} {nw} {9} {0} {}
E {   41} {se} {se} {6} {0} {}

R {   41} {0} {} {牙山湾北路} { } {} {} {} {} {} {1.000}
E {   40} {nw} {nw} {9} {0} {}
E {   42} {s} {s} {2} {0} {}

R {   42} {0} {} {牙山} { } {} {} {} {} {} {1.000}
E {   41} {n} {n} {1} {0} {}
E {   43} {w} {w} {8} {0} {}
E {   61} {s} {s} {2} {0} {}

R {   43} {0} {} {} { } {} {} {} {} {} {1.000}
E {   42} {e} {e} {4} {0} {}
E {   44} {w} {w} {8} {0} {}

R {   44} {0} {} {} { } {} {} {} {} {} {1.000}
E {   43} {e} {e} {4} {0} {}
E {   45} {s} {s} {2} {0} {}

R {   45} {0} {} {牙山车站} { } {} {} {} {} {} {1.000}
E {   44} {n} {n} {1} {0} {}
E {   20} {tozhenjiang} {gu;qu zhenjiang} {0} {0} {}
E {   21} {tohangzhou} {gu;qu hangzhou} {0} {0} {}

R {   46} {0} {} {江州车站} { } {} {} {} {} {} {1.000}
E {   21} {tohangzhou} {gu;qu hangzhou} {0} {0} {}
E {   47} {e} {e} {4} {0} {}

R {   47} {0} {} {} { } {} {} {} {} {} {1.000}
E {   46} {w} {w} {8} {0} {}
E {   48} {se} {se} {6} {0} {}

R {   48} {0} {} {} { } {} {} {} {} {} {1.000}
E {   47} {nw} {nw} {9} {0} {}
E {   49} {sw} {sw} {10} {0} {}
E {   60} {ne} {ne} {5} {0} {}

R {   49} {0} {} {} { } {} {} {} {} {} {1.000}
E {   48} {ne} {ne} {5} {0} {}
E {   50} {sw} {sw} {10} {0} {}
E {   59} {s} {s} {2} {0} {}

R {   50} {0} {} {江州} { } {} {} {} {} {} {1.000}
E {   49} {ne} {ne} {5} {0} {}
E {   51} {s} {s} {2} {0} {}

R {   51} {0} {} {} { } {} {} {} {} {} {1.000}
E {   50} {n} {n} {1} {0} {}
E {   52} {e} {e} {4} {0} {}
E {   54} {s} {s} {2} {0} {}

R {   52} {0} {} {} { } {} {} {} {} {} {1.000}
E {   51} {w} {w} {8} {0} {}
E {   53} {e} {e} {4} {0} {}

R {   53} {0} {} {韩员外} { } {} {} {} {} {} {1.000}
E {   52} {w} {w} {8} {0} {}

R {   54} {0} {} {} { } {} {} {} {} {} {1.000}
E {   51} {n} {n} {1} {0} {}
E {   55} {s} {s} {2} {0} {}

R {   55} {0} {} {} { } {} {} {} {} {} {1.000}
E {   54} {n} {n} {1} {0} {}
E {   56} {s} {s} {2} {0} {}

R {   56} {0} {} {} { } {} {} {} {} {} {1.000}
E {   55} {n} {n} {1} {0} {}
E {   57} {s} {s} {2} {0} {}

R {   57} {0} {} {} { } {} {} {} {} {} {1.000}
E {   56} {n} {n} {1} {0} {}
E {   58} {e} {e} {4} {0} {}

R {   58} {0} {} {鄱阳湖} { } {} {} {} {} {} {1.000}
E {   57} {w} {w} {8} {0} {}

R {   59} {0} {} {天福镖局} { } {} {} {} {} {} {1.000}
E {   49} {n} {n} {1} {0} {}

R {   60} {0} {} {} { } {} {} {} {} {} {1.000}
E {   48} {sw} {sw} {10} {0} {}

R {   61} {0} {} {} { } {} {} {} {} {} {1.000}
E {   42} {n} {n} {1} {0} {}
E {   62} {e} {e} {4} {0} {}

R {   62} {0} {} {} { } {} {} {} {} {} {1.000}
E {   61} {w} {w} {8} {0} {}

R {   63} {0} {} {} { } {} {} {} {} {} {1.000}
E {   64} {tosuzhou} {qu suzhou} {0} {0} {}

R {   64} {0} {} {苏州车站} { } {} {} {} {} {} {1.000}
E {   65} {gu} {gu} {0} {0} {}
E {   66} {w} {w} {8} {0} {}

R {   65} {0} {} {} { } {} {} {} {} {} {1.000}
E {   21} {tohangzhou} {qu hangzhou} {0} {0} {}

R {   66} {0} {} {} { } {} {} {} {} {} {1.000}
E {   67} {w} {w} {8} {0} {}
E {   64} {e} {e} {4} {0} {}

R {   67} {0} {} {} { } {} {} {} {} {} {1.000}
E {   66} {e} {e} {4} {0} {}
E {   68} {s} {s} {2} {0} {}

R {   68} {0} {} {沧浪亭} { } {} {} {} {} {} {1.000}
E {   67} {n} {n} {1} {0} {}
E {   69} {sw} {sw} {10} {0} {}

R {   69} {0} {} {} { } {} {} {} {} {} {1.000}
E {   68} {ne} {ne} {5} {0} {}
E {   70} {w} {w} {8} {0} {}

R {   70} {0} {} {} { } {} {} {} {} {} {1.000}
E {   69} {e} {e} {4} {0} {}
E {   71} {w} {w} {8} {0} {}

R {   71} {0} {} {} { } {} {} {} {} {} {1.000}
E {   70} {e} {e} {4} {0} {}
E {   72} {w} {w} {8} {0} {}

R {   72} {0} {} {} { } {} {} {} {} {} {1.000}
E {   71} {e} {e} {4} {0} {}
E {   73} {w} {w} {8} {0} {}

R {   73} {0} {} {} { } {} {} {} {} {} {1.000}
E {   72} {e} {e} {4} {0} {}
E {   74} {w} {w} {8} {0} {}

R {   74} {0} {} {} { } {} {} {} {} {} {1.000}
E {   73} {e} {e} {4} {0} {}
E {   75} {s} {s} {2} {0} {}

R {   75} {0} {} {太湖} { } {} {} {} {} {} {1.000}
E {   74} {n} {n} {1} {0} {}
E {   76} {baizhuang} {ask girl about 拜庄;enter boat} {0} {0} {}

R {   76} {0} {} {} { } {} {} {} {} {} {1.000}
E {   75} {leave} {enter boat} {0} {0} {}
E {   77} {w} {w} {8} {0} {}

R {   77} {0} {} {} { } {} {} {} {} {} {1.000}
E {   76} {e} {e} {4} {0} {}
E {   78} {n} {n} {1} {0} {}

R {   78} {0} {} {} { } {} {} {} {} {} {1.000}
E {   77} {s} {s} {2} {0} {}
E {   79} {n} {n} {1} {0} {}

R {   79} {0} {} {} { } {} {} {} {} {} {1.000}
E {   78} {s} {s} {2} {0} {}
E {   80} {n} {n} {1} {0} {}

R {   80} {0} {} {听雨居} { } {} {} {} {} {} {1.000}
E {   79} {s} {s} {2} {0} {}
E {   81} {qin} {tan qin} {0} {0} {}

R {   81} {0} {} {} { } {} {} {} {} {} {1.000}
E {   82} {tingxiang} {row tingxiang} {0} {0} {}
E {   83} {yanziwu} {row yanziwu} {0} {0} {}
E {   84} {mantuo} {row mantuo} {0} {0} {}

R {   82} {0} {} {} { } {} {} {} {} {} {1.000}

R {   83} {0} {} {} { } {} {} {} {} {} {1.000}
E {   85} {w} {w} {8} {0} {}
E {   90} {boat} {enter boat} {0} {0} {}

R {   84} {0} {} {} { } {} {} {} {} {} {1.000}

R {   85} {0} {} {} { } {} {} {} {} {} {1.000}
E {   83} {e} {e} {4} {0} {}
E {   86} {n} {n} {1} {0} {}

R {   86} {0} {} {} { } {} {} {} {} {} {1.000}
E {   85} {s} {s} {2} {0} {}
E {   87} {n} {n} {1} {0} {}

R {   87} {0} {} {} { } {} {} {} {} {} {1.000}
E {   86} {s} {s} {2} {0} {}
E {   88} {n} {n} {1} {0} {}

R {   88} {0} {} {} { } {} {} {} {} {} {1.000}
E {   87} {s} {s} {2} {0} {}
E {   89} {n} {n} {1} {0} {}

R {   89} {0} {} {燕子坞} { } {} {} {} {} {} {1.000}
E {   88} {s} {s} {2} {0} {}

R {   90} {0} {} {} { } {} {} {} {} {} {1.000}
E {   91} {tingxiang} {row tingxiang} {0} {0} {}
E {   76} {qinyun} {row qinyun} {0} {0} {}

R {   91} {0} {} {} { } {} {} {} {} {} {1.000}

R {   92} {0} {} {} { } {} {} {} {} {} {1.000}
