C 50000

CE <078>
CH <118>
CP <138>
CR <178>

F 9

I 365

L * # # # | # x          


R {    1} {0} {} {扬州} { } {} {} {} {} {} {1.000}
E {    2} {s} {s} {2} {0} {}
E {   98} {n} {n} {1} {0} {}
E {  107} {e} {e} {4} {0} {}
E {  108} {w} {w} {8} {0} {}
E {  119} {down} {down} {0} {0} {}

R {    2} {0} {} {} { } {} {} {} {} {} {1.000}
E {    1} {n} {n} {1} {0} {}
E {    3} {s} {s} {2} {0} {}
E {  102} {e} {e} {4} {0} {}
E {  106} {w} {w} {8} {0} {}

R {    3} {0} {} {} { } {} {} {} {} {} {1.000}
E {    2} {n} {n} {1} {0} {}
E {    4} {s} {s} {2} {0} {}
E {    9} {w} {w} {8} {0} {}

R {    4} {0} {} {} { } {} {} {} {} {} {1.000}
E {    3} {n} {n} {1} {0} {}
E {    5} {s} {s} {2} {0} {}
E {  263} {w} {w} {8} {0} {}

R {    5} {0} {} {} { } {} {} {} {} {} {1.000}
E {    4} {n} {n} {1} {0} {}
E {    6} {su} {su} {18} {0} {}

R {    6} {0} {} {} { } {} {} {} {} {} {1.000}
E {    5} {nd} {nd} {33} {0} {}
E {    7} {se} {se} {6} {0} {}

R {    7} {0} {} {} { } {} {} {} {} {} {1.000}
E {    6} {nw} {nw} {9} {0} {}
E {    8} {su} {su} {18} {0} {}

R {    8} {0} {} {扬子津} { } {} {} {} {} {} {1.000}
E {    7} {nd} {nd} {33} {0} {}
E {   10} {guojiang} {yell boat;enter} {0} {0} {}

R {    9} {0} {} {春来茶馆} { } {} {} {} {} {} {1.000}
E {    3} {e} {e} {4} {0} {}
E {   11} {w} {w} {8} {0} {}

R {   10} {0} {} {西津渡口} { } {} {长江} {} {} {} {1.000}
E {   12} {se} {se} {6} {0} {}
E {    8} {guojiang} {yell boat;enter} {0} {0} {}
E {  139} {w} {w} {8} {0} {}
E {  140} {e} {e} {4} {0} {}

R {   11} {0} {} {扬州车站} { } {} {} {} {} {} {1.000}
E {    9} {e} {e} {4} {0} {}
E {  284} {gu} {gu} {0} {0} {}

R {   12} {0} {} {} { } {} {} {} {} {} {1.000}
E {   13} {se} {se} {6} {0} {}
E {   10} {nw} {nw} {9} {0} {}

R {   13} {0} {} {} { } {} {} {} {} {} {1.000}
E {   12} {nw} {nw} {9} {0} {}
E {   14} {e} {e} {4} {0} {}

R {   14} {0} {} {} { } {} {} {} {} {} {1.000}
E {   13} {w} {w} {8} {0} {}
E {   15} {e} {e} {4} {0} {}

R {   15} {0} {} {} { } {} {} {} {} {} {1.000}
E {   14} {w} {w} {8} {0} {}
E {   16} {e} {e} {4} {0} {}

R {   16} {0} {} {} { } {} {} {} {} {} {1.000}
E {   15} {w} {w} {8} {0} {}
E {   17} {e} {e} {4} {0} {}

R {   17} {0} {} {镇江} { } {} {} {} {} {} {1.000}
E {   16} {w} {w} {8} {0} {}
E {   18} {e} {e} {4} {0} {}

R {   18} {0} {} {} { } {} {} {} {} {} {1.000}
E {   17} {w} {w} {8} {0} {}
E {   19} {e} {e} {4} {0} {}

R {   19} {0} {} {} { } {} {} {} {} {} {1.000}
E {   18} {w} {w} {8} {0} {}
E {   20} {n} {n} {1} {0} {}

R {   20} {0} {} {镇江车站} { } {} {} {} {} {} {1.000}
E {   19} {s} {s} {2} {0} {}
E {   93} {gu} {gu} {0} {0} {}

R {   21} {0} {} {杭州车站} { } {} {} {} {} {} {1.000}
E {   22} {s} {s} {2} {0} {}
E {   63} {gu} {gu} {0} {0} {}

R {   22} {0} {} {} { } {} {} {} {} {} {1.000}
E {   21} {n} {n} {1} {0} {}
E {   23} {w} {w} {8} {0} {}

R {   23} {0} {} {} { } {} {} {} {} {} {1.000}
E {   22} {e} {e} {4} {0} {}
E {   24} {s} {s} {2} {0} {}

R {   24} {0} {} {杭州} { } {} {} {} {} {} {1.000}
E {   23} {n} {n} {1} {0} {}
E {   25} {e} {e} {4} {0} {}
E {  178} {w} {w} {8} {0} {}
E {  275} {se} {se} {6} {0} {}

R {   25} {0} {} {} { } {} {} {} {} {} {1.000}
E {   24} {w} {w} {8} {0} {}
E {   26} {e} {e} {4} {0} {}

R {   26} {0} {} {} { } {} {} {} {} {} {1.000}
E {   25} {w} {w} {8} {0} {}
E {   27} {n} {n} {1} {0} {}
E {  171} {s} {s} {2} {0} {}

R {   27} {0} {} {} { } {} {} {} {} {} {1.000}
E {   26} {s} {s} {2} {0} {}
E {   28} {enter} {enter} {63} {0} {}

R {   28} {0} {} {} { } {} {} {} {} {} {1.000}
E {   27} {out} {out} {62} {0} {}
E {   29} {n} {n} {1} {0} {}

R {   29} {0} {} {韩世忠} { } {} {杭州} {} {} {} {1.000}
E {   28} {s} {s} {2} {0} {}

R {   30} {0} {} {嘉兴车站} { } {} {} {} {} {} {1.000}
E {   31} {n} {n} {1} {0} {}
E {  242} {gu} {gu} {0} {0} {}

R {   31} {0} {} {铁枪庙} { } {} {} {} {} {} {1.000}
E {   30} {s} {s} {2} {0} {}
E {   32} {n} {n} {1} {0} {}
E {  232} {w} {w} {8} {0} {}

R {   32} {0} {} {嘉兴南湖} { } {} {} {} {} {} {1.000}
E {   31} {s} {s} {2} {0} {}
E {   33} {nd} {nd} {33} {0} {}
E {  233} {w} {w} {8} {0} {}
E {  240} {n} {n} {1} {0} {}
E {  338} {e} {e} {4} {0} {}
E {  339} {se} {se} {6} {0} {}

R {   33} {0} {} {无名谷底} { } {} {} {} {} {} {1.000}
E {   32} {su} {su} {18} {0} {}
E {   34} {e} {e} {4} {0} {}
E {  341} {w} {w} {8} {0} {}

R {   34} {0} {} {} { } {} {} {} {} {} {1.000}
E {   33} {w} {w} {8} {0} {}
E {   35} {e} {e} {4} {0} {}

R {   35} {0} {} {} { } {} {} {} {} {} {1.000}
E {   34} {w} {w} {8} {0} {}
E {   36} {e} {e} {4} {0} {}

R {   36} {0} {} {} { } {} {} {} {} {} {1.000}
E {   35} {w} {w} {8} {0} {}
E {   37} {e} {e} {4} {0} {}
E {  342} {n} {n} {1} {0} {}

R {   37} {0} {} {} { } {} {} {} {} {} {1.000}
E {   36} {w} {w} {8} {0} {}
E {   38} {s} {s} {2} {0} {}
E {  343} {n} {n} {1} {0} {}

R {   38} {0} {} {} { } {} {} {} {} {} {1.000}
E {   37} {n} {n} {1} {0} {}
E {   39} {s} {s} {2} {0} {}
E {  344} {e} {e} {4} {0} {}

R {   39} {0} {} {} { } {} {} {} {} {} {1.000}
E {   38} {n} {n} {1} {0} {}
E {   40} {se} {se} {6} {0} {}

R {   40} {0} {} {} { } {} {} {} {} {} {1.000}
E {   39} {nw} {nw} {9} {0} {}
E {   41} {se} {se} {6} {0} {}

R {   41} {0} {} {牙山湾北路} { } {} {} {} {} {} {1.000}
E {   40} {nw} {nw} {9} {0} {}
E {   42} {s} {s} {2} {0} {}

R {   42} {0} {} {牙山} { } {} {} {} {} {} {1.000}
E {   41} {n} {n} {1} {0} {}
E {   43} {w} {w} {8} {0} {}
E {   61} {s} {s} {2} {0} {}

R {   43} {0} {} {} { } {} {} {} {} {} {1.000}
E {   42} {e} {e} {4} {0} {}
E {   44} {w} {w} {8} {0} {}

R {   44} {0} {} {} { } {} {} {} {} {} {1.000}
E {   43} {e} {e} {4} {0} {}
E {   45} {s} {s} {2} {0} {}

R {   45} {0} {} {牙山车站} { } {} {} {} {} {} {1.000}
E {   44} {n} {n} {1} {0} {}
E {   20} {tozhenjiang} {gu;qu zhenjiang} {0} {0} {}
E {   21} {tohangzhou} {gu;qu hangzhou} {0} {0} {}

R {   46} {0} {} {江州车站} { } {} {} {} {} {} {1.000}
E {   47} {e} {e} {4} {0} {}
E {  337} {gu} {gu} {0} {0} {}

R {   47} {0} {} {} { } {} {} {} {} {} {1.000}
E {   46} {w} {w} {8} {0} {}
E {   48} {se} {se} {6} {0} {}

R {   48} {0} {} {} { } {} {} {} {} {} {1.000}
E {   47} {nw} {nw} {9} {0} {}
E {   49} {sw} {sw} {10} {0} {}
E {   60} {ne} {ne} {5} {0} {}

R {   49} {0} {} {} { } {} {} {} {} {} {1.000}
E {   48} {ne} {ne} {5} {0} {}
E {   50} {sw} {sw} {10} {0} {}
E {   59} {s} {s} {2} {0} {}

R {   50} {0} {} {江州} { } {} {} {} {} {} {1.000}
E {   49} {ne} {ne} {5} {0} {}
E {   51} {s} {s} {2} {0} {}
E {  312} {sw} {sw} {10} {0} {}

R {   51} {0} {} {} { } {} {} {} {} {} {1.000}
E {   50} {n} {n} {1} {0} {}
E {   52} {e} {e} {4} {0} {}
E {   54} {s} {s} {2} {0} {}

R {   52} {0} {} {} { } {} {} {} {} {} {1.000}
E {   51} {w} {w} {8} {0} {}
E {   53} {e} {e} {4} {0} {}

R {   53} {0} {} {韩员外} { } {} {} {} {} {} {1.000}
E {   52} {w} {w} {8} {0} {}

R {   54} {0} {} {} { } {} {} {} {} {} {1.000}
E {   51} {n} {n} {1} {0} {}
E {   55} {s} {s} {2} {0} {}

R {   55} {0} {} {} { } {} {} {} {} {} {1.000}
E {   54} {n} {n} {1} {0} {}
E {   56} {s} {s} {2} {0} {}

R {   56} {0} {} {} { } {} {} {} {} {} {1.000}
E {   55} {n} {n} {1} {0} {}
E {   57} {s} {s} {2} {0} {}

R {   57} {0} {} {} { } {} {} {} {} {} {1.000}
E {   56} {n} {n} {1} {0} {}
E {   58} {e} {e} {4} {0} {}
E {  314} {su} {su} {18} {0} {}

R {   58} {0} {} {鄱阳湖} { } {} {} {} {} {} {1.000}
E {   57} {w} {w} {8} {0} {}

R {   59} {0} {} {天福镖局} { } {} {} {} {} {} {1.000}
E {   49} {n} {n} {1} {0} {}

R {   60} {0} {} {} { } {} {} {} {} {} {1.000}
E {   48} {sw} {sw} {10} {0} {}
E {  225} {e} {e} {4} {0} {}
E {  228} {ne} {ne} {5} {0} {}

R {   61} {0} {} {} { } {} {} {} {} {} {1.000}
E {   42} {n} {n} {1} {0} {}
E {   62} {e} {e} {4} {0} {}

R {   62} {0} {} {} { } {} {} {} {} {} {1.000}
E {   61} {w} {w} {8} {0} {}

R {   63} {0} {} {杭州马车} { } {} {} {} {} {} {1.000}
E {   64} {tosuzhou} {qu suzhou} {0} {0} {}
E {   20} {tozhenjiang} {qu zhenjiang} {0} {0} {}
E {   30} {tojiaxing} {qu jiaxing} {0} {0} {}
E {   45} {toyashan} {qu yashan} {0} {0} {}
E {   46} {tojiangzhou} {qu jiangzhou} {0} {0} {}
E {   94} {toquanzhou} {qu quanzhou} {0} {0} {}
E {  186} {tojiankangfu} {qu jiankangfu} {0} {0} {}
E {  243} {tofuzhou} {qu fuzhou} {0} {0} {}

R {   64} {0} {} {苏州车站} { } {} {} {} {} {} {1.000}
E {   65} {gu} {gu} {0} {0} {}
E {   66} {w} {w} {8} {0} {}

R {   65} {0} {} {} { } {} {} {} {} {} {1.000}
E {   21} {tohangzhou} {qu hangzhou} {0} {0} {}
E {  197} {toguiyunzhuang} {qu guiyunzhuang} {0} {0} {}

R {   66} {0} {} {} { } {} {} {} {} {} {1.000}
E {   67} {w} {w} {8} {0} {}
E {   64} {e} {e} {4} {0} {}

R {   67} {0} {} {} { } {} {} {} {} {} {1.000}
E {   66} {e} {e} {4} {0} {}
E {   68} {s} {s} {2} {0} {}

R {   68} {0} {} {沧浪亭} { } {} {} {} {} {} {1.000}
E {   67} {n} {n} {1} {0} {}
E {   69} {sw} {sw} {10} {0} {}

R {   69} {0} {} {} { } {} {} {} {} {} {1.000}
E {   68} {ne} {ne} {5} {0} {}
E {   70} {w} {w} {8} {0} {}

R {   70} {0} {} {} { } {} {} {} {} {} {1.000}
E {   69} {e} {e} {4} {0} {}
E {   71} {w} {w} {8} {0} {}

R {   71} {0} {} {} { } {} {} {} {} {} {1.000}
E {   70} {e} {e} {4} {0} {}
E {   72} {w} {w} {8} {0} {}

R {   72} {0} {} {} { } {} {} {} {} {} {1.000}
E {   71} {e} {e} {4} {0} {}
E {   73} {w} {w} {8} {0} {}

R {   73} {0} {} {} { } {} {} {} {} {} {1.000}
E {   72} {e} {e} {4} {0} {}
E {   74} {w} {w} {8} {0} {}

R {   74} {0} {} {} { } {} {} {} {} {} {1.000}
E {   73} {e} {e} {4} {0} {}
E {   75} {s} {s} {2} {0} {}

R {   75} {0} {} {太湖} { } {} {} {} {} {} {1.000}
E {   74} {n} {n} {1} {0} {}
E {   76} {baizhuang} {ask girl about 拜庄;enter boat} {0} {0} {}

R {   76} {0} {} {} { } {} {} {} {} {} {1.000}
E {   75} {leave} {enter boat} {0} {0} {}
E {   77} {w} {w} {8} {0} {}

R {   77} {0} {} {} { } {} {} {} {} {} {1.000}
E {   76} {e} {e} {4} {0} {}
E {   78} {n} {n} {1} {0} {}

R {   78} {0} {} {} { } {} {} {} {} {} {1.000}
E {   77} {s} {s} {2} {0} {}
E {   79} {n} {n} {1} {0} {}

R {   79} {0} {} {} { } {} {} {} {} {} {1.000}
E {   78} {s} {s} {2} {0} {}
E {   80} {n} {n} {1} {0} {}

R {   80} {0} {} {听雨居} { } {} {} {} {} {} {1.000}
E {   79} {s} {s} {2} {0} {}
E {   81} {qin} {tan qin} {0} {0} {}

R {   81} {0} {} {} { } {} {} {} {} {} {1.000}
E {   82} {tingxiang} {row tingxiang} {0} {0} {}
E {   83} {yanziwu} {row yanziwu} {0} {0} {}
E {   84} {mantuo} {row mantuo} {0} {0} {}

R {   82} {0} {} {} { } {} {} {} {} {} {1.000}

R {   83} {0} {} {} { } {} {} {} {} {} {1.000}
E {   85} {w} {w} {8} {0} {}
E {   90} {boat} {enter boat} {0} {0} {}

R {   84} {0} {} {} { } {} {} {} {} {} {1.000}

R {   85} {0} {} {} { } {} {} {} {} {} {1.000}
E {   83} {e} {e} {4} {0} {}
E {   86} {n} {n} {1} {0} {}

R {   86} {0} {} {} { } {} {} {} {} {} {1.000}
E {   85} {s} {s} {2} {0} {}
E {   87} {n} {n} {1} {0} {}

R {   87} {0} {} {} { } {} {} {} {} {} {1.000}
E {   86} {s} {s} {2} {0} {}
E {   88} {n} {n} {1} {0} {}

R {   88} {0} {} {} { } {} {} {} {} {} {1.000}
E {   87} {s} {s} {2} {0} {}
E {   89} {n} {n} {1} {0} {}

R {   89} {0} {} {燕子坞} { } {} {} {} {} {} {1.000}
E {   88} {s} {s} {2} {0} {}

R {   90} {0} {} {} { } {} {} {} {} {} {1.000}
E {   91} {tingxiang} {row tingxiang} {0} {0} {}
E {   76} {qinyun} {row qinyun} {0} {0} {}

R {   91} {0} {} {} { } {} {} {} {} {} {1.000}

R {   92} {0} {} {} { } {} {} {} {} {} {1.000}

R {   93} {0} {} {} { } {} {} {} {} {} {1.000}
E {   21} {tohangzhou} {qu hangzhou} {0} {0} {}
E {   45} {toyashan} {qu yashan} {0} {0} {}

R {   94} {0} {} {泉州车站} { } {} {} {} {} {} {1.000}
E {   95} {gu} {gu} {0} {0} {}
E {   96} {s} {s} {2} {0} {}

R {   95} {0} {} {} { } {} {} {} {} {} {1.000}
E {   21} {tohangzhou} {qu hangzhou} {0} {0} {}

R {   96} {0} {} {} { } {} {} {} {} {} {1.000}
E {   94} {n} {n} {1} {0} {}
E {   97} {e} {e} {4} {0} {}
E {  130} {s} {s} {2} {0} {}

R {   97} {0} {} {泉州} { } {} {} {} {} {} {1.000}
E {   96} {w} {w} {8} {0} {}
E {  129} {e} {e} {4} {0} {}
E {  131} {n} {n} {1} {0} {}
E {  132} {s} {s} {2} {0} {}

R {   98} {0} {} {} { } {} {} {} {} {} {1.000}
E {    1} {s} {s} {2} {0} {}
E {   99} {n} {n} {1} {0} {}
E {  101} {w} {w} {8} {0} {}
E {  121} {e} {e} {4} {0} {}
E {  124} {se} {se} {6} {0} {}

R {   99} {0} {} {} { } {} {} {} {} {} {1.000}
E {   98} {s} {s} {2} {0} {}
E {  100} {e} {e} {4} {0} {}
E {  127} {w} {w} {8} {0} {}
E {  128} {n} {n} {1} {0} {}

R {  100} {0} {} {醉仙楼} { } {} {} {} {} {} {1.000}
E {   99} {w} {w} {8} {0} {}

R {  101} {0} {} {钱庄} { } {} {} {} {} {} {1.000}
E {   98} {e} {e} {4} {0} {}
E {  126} {s} {s} {2} {0} {}

R {  102} {0} {} {当铺} { } {} {} {} {} {} {1.000}
E {    2} {w} {w} {8} {0} {}
E {  103} {s} {s} {2} {0} {}
E {  105} {e} {e} {4} {0} {}

R {  103} {0} {} {荣宝斋} { } {} {} {} {} {} {1.000}
E {  102} {n} {n} {1} {0} {}
E {  104} {e} {e} {4} {0} {}

R {  104} {0} {} {库房} { } {} {} {} {} {} {1.000}
E {  103} {w} {w} {8} {0} {}

R {  105} {0} {} {库房} { } {} {} {} {} {} {1.000}
E {  102} {w} {w} {8} {0} {}

R {  106} {0} {} {赌场} { } {} {} {} {} {} {1.000}
E {    2} {e} {e} {4} {0} {}

R {  107} {0} {} {东大街} { } {} {} {} {} {} {1.000}
E {    1} {w} {w} {8} {0} {}
E {  109} {e} {e} {4} {0} {}
E {  115} {s} {s} {2} {0} {}
E {  116} {n} {n} {1} {0} {}

R {  108} {0} {} {西大街} { } {} {} {} {} {} {1.000}
E {    1} {e} {e} {4} {0} {}

R {  109} {0} {} {东大街} { } {} {} {} {} {} {1.000}
E {  107} {w} {w} {8} {0} {}
E {  110} {n} {n} {1} {0} {}
E {  112} {s} {s} {2} {0} {}
E {  114} {e} {e} {4} {0} {}

R {  110} {0} {} {药铺} { } {} {} {} {} {} {1.000}
E {  109} {s} {s} {2} {0} {}
E {  111} {n} {n} {1} {0} {}

R {  111} {0} {} {配药房} { } {} {} {} {} {} {1.000}
E {  110} {s} {s} {2} {0} {}

R {  112} {0} {} {打铁铺} { } {} {} {} {} {} {1.000}
E {  109} {n} {n} {1} {0} {}
E {  113} {s} {s} {2} {0} {}

R {  113} {0} {} {打铁铺内室} { } {} {} {} {} {} {1.000}
E {  112} {n} {n} {1} {0} {}

R {  114} {0} {} {东大街} { } {} {} {} {} {} {1.000}
E {  109} {w} {w} {8} {0} {}

R {  115} {0} {} {杂货铺} { } {} {} {} {} {} {1.000}
E {  107} {n} {n} {1} {0} {}

R {  116} {0} {} {书院} { } {} {} {} {} {} {1.000}
E {  107} {s} {s} {2} {0} {}
E {  117} {w} {w} {8} {0} {}
E {  118} {n} {n} {1} {0} {}

R {  117} {0} {} {天月书肆} { } {} {} {} {} {} {1.000}
E {  116} {e} {e} {4} {0} {}

R {  118} {0} {} {敬师堂} { } {} {} {} {} {} {1.000}
E {  116} {s} {s} {2} {0} {}

R {  119} {0} {} {销金窟} { } {} {} {} {} {} {1.000}
E {    1} {up} {up} {0} {0} {}
E {  120} {out} {out} {62} {0} {}

R {  120} {0} {} {发呆室} { } {} {} {} {} {} {1.000}
E {  119} {enter} {enter} {63} {0} {}

R {  121} {0} {} {客店} { } {} {} {} {} {} {1.000}
E {   98} {w} {w} {8} {0} {}
E {  122} {up} {up} {0} {0} {}

R {  122} {0} {} {客店二楼} { } {} {} {} {} {} {1.000}
E {  121} {down} {down} {0} {0} {}
E {  123} {enter} {enter} {63} {0} {}

R {  123} {0} {} {客店二楼} { } {} {} {} {} {} {1.000}
E {  122} {out} {out} {62} {0} {}

R {  124} {0} {} {比武场} { } {} {} {} {} {} {1.000}
E {   98} {nw} {nw} {9} {0} {}
E {  125} {e} {e} {4} {0} {}

R {  125} {0} {} {Vast的炸弹人游戏} { } {} {} {} {} {} {1.000}
E {  124} {w} {w} {8} {0} {}

R {  126} {0} {} {扬州金店} { } {} {} {} {} {} {1.000}
E {  101} {n} {n} {1} {0} {}

R {  127} {0} {} {武庙} { } {} {} {} {} {} {1.000}
E {   99} {e} {e} {4} {0} {}

R {  128} {0} {} {北门} { } {} {} {} {} {} {1.000}
E {   99} {s} {s} {2} {0} {}

R {  129} {0} {} {泉州港} { } {} {} {} {} {} {1.000}
E {   97} {w} {w} {8} {0} {}
E {  133} {n} {n} {1} {0} {}
E {  134} {s} {s} {2} {0} {}
E {  135} {ne} {ne} {5} {0} {}
E {  136} {ed} {ed} {36} {0} {}

R {  130} {0} {} {巨鲸帮总舵} { } {} {} {} {} {} {1.000}
E {   96} {n} {n} {1} {0} {}

R {  131} {0} {} {泉州北门} { } {} {} {} {} {} {1.000}
E {   97} {s} {s} {2} {0} {}

R {  132} {0} {} {南门} { } {} {} {} {} {} {1.000}
E {   97} {n} {n} {1} {0} {}

R {  133} {0} {} {当铺} { } {} {} {} {} {} {1.000}
E {  129} {s} {s} {2} {0} {}

R {  134} {0} {} {大帐} { } {} {} {} {} {} {1.000}
E {  129} {n} {n} {1} {0} {}

R {  135} {0} {} {山路} { } {} {} {} {} {} {1.000}
E {  129} {sw} {sw} {10} {0} {}

R {  136} {0} {} {泉州码头} { } {} {} {} {} {} {1.000}
E {  129} {wu} {wu} {24} {0} {}
E {  137} {n} {n} {1} {0} {}
E {  138} {s} {s} {2} {0} {}

R {  137} {0} {} {北码头} { } {} {} {} {} {} {1.000}
E {  136} {s} {s} {2} {0} {}

R {  138} {0} {} {南码头} { } {} {} {} {} {} {1.000}
E {  136} {n} {n} {1} {0} {}

R {  139} {0} {} {长江岸边} { } {} {} {} {} {} {1.000}
E {   10} {e} {e} {4} {0} {}
E {  141} {w} {w} {8} {0} {}

R {  140} {0} {} {长江渡口} { } {} {} {} {} {} {1.000}
E {   10} {w} {w} {8} {0} {}

R {  141} {0} {} {长江岸边} { } {} {} {} {} {} {1.000}
E {  139} {e} {e} {4} {0} {}
E {  142} {w} {w} {8} {0} {}

R {  142} {0} {} {长江岸边} { } {} {} {} {} {} {1.000}
E {  141} {e} {e} {4} {0} {}
E {  143} {nw} {nw} {9} {0} {}

R {  143} {0} {} {长江岸边} { } {} {} {} {} {} {1.000}
E {  142} {se} {se} {6} {0} {}
E {  144} {w} {w} {8} {0} {}

R {  144} {0} {} {燕子矶} { } {} {} {} {} {} {1.000}
E {  143} {e} {e} {4} {0} {}
E {  145} {w} {w} {8} {0} {}

R {  145} {0} {} {长江渡口} { } {} {} {} {} {} {1.000}
E {  144} {e} {e} {4} {0} {}
E {  146} {w} {w} {8} {0} {}

R {  146} {0} {} {采石矶} { } {} {} {} {} {} {1.000}
E {  145} {e} {e} {4} {0} {}
E {  147} {w} {w} {8} {0} {}

R {  147} {0} {} {长江岸边} { } {} {} {} {} {} {1.000}
E {  146} {e} {e} {4} {0} {}
E {  148} {sw} {sw} {10} {0} {}

R {  148} {0} {} {长江岸边} { } {} {} {} {} {} {1.000}
E {  147} {ne} {ne} {5} {0} {}
E {  149} {sw} {sw} {10} {0} {}

R {  149} {0} {} {长江岸边} { } {} {} {} {} {} {1.000}
E {  148} {ne} {ne} {5} {0} {}
E {  150} {sw} {sw} {10} {0} {}

R {  150} {0} {} {长江岸边} { } {} {} {} {} {} {1.000}
E {  149} {ne} {ne} {5} {0} {}
E {  151} {w} {w} {8} {0} {}

R {  151} {0} {} {长江岸边} { } {} {} {} {} {} {1.000}
E {  150} {e} {e} {4} {0} {}
E {  152} {nw} {nw} {9} {0} {}

R {  152} {0} {} {长江岸边} { } {} {} {} {} {} {1.000}
E {  151} {se} {se} {6} {0} {}
E {  153} {nw} {nw} {9} {0} {}

R {  153} {0} {} {长江渡口} { } {} {} {} {} {} {1.000}
E {  152} {se} {se} {6} {0} {}
E {  154} {nw} {nw} {9} {0} {}

R {  154} {0} {} {长江岸边} { } {} {} {} {} {} {1.000}
E {  153} {se} {se} {6} {0} {}
E {  155} {w} {w} {8} {0} {}

R {  155} {0} {} {长江岸边} { } {} {} {} {} {} {1.000}
E {  154} {e} {e} {4} {0} {}
E {  156} {w} {w} {8} {0} {}

R {  156} {0} {} {长江岸边} { } {} {} {} {} {} {1.000}
E {  155} {e} {e} {4} {0} {}
E {  157} {sw} {sw} {10} {0} {}

R {  157} {0} {} {长江岸边} { } {} {} {} {} {} {1.000}
E {  156} {ne} {ne} {5} {0} {}
E {  158} {sw} {sw} {10} {0} {}

R {  158} {0} {} {长江岸边} { } {} {} {} {} {} {1.000}
E {  157} {ne} {ne} {5} {0} {}
E {  159} {sw} {sw} {10} {0} {}

R {  159} {0} {} {长江岸边} { } {} {} {} {} {} {1.000}
E {  158} {ne} {ne} {5} {0} {}
E {  160} {sw} {sw} {10} {0} {}

R {  160} {0} {} {长江岸边} { } {} {} {} {} {} {1.000}
E {  159} {ne} {ne} {5} {0} {}
E {  161} {w} {w} {8} {0} {}
E {  166} {s} {s} {2} {0} {}

R {  161} {0} {} {长江岸边} { } {} {} {} {} {} {1.000}
E {  160} {e} {e} {4} {0} {}
E {  162} {w} {w} {8} {0} {}

R {  162} {0} {} {陵矶} { } {} {} {} {} {} {1.000}
E {  161} {e} {e} {4} {0} {}
E {  163} {w} {w} {8} {0} {}

R {  163} {0} {} {长江渡口} { } {} {} {} {} {} {1.000}
E {  162} {e} {e} {4} {0} {}
E {  164} {w} {w} {8} {0} {}

R {  164} {0} {} {长江岸边} { } {} {} {} {} {} {1.000}
E {  163} {e} {e} {4} {0} {}
E {  165} {nw} {nw} {9} {0} {}

R {  165} {0} {} {长江岸边} { } {} {} {} {} {} {1.000}
E {  164} {se} {se} {6} {0} {}

R {  166} {0} {} {北门} { } {} {} {} {} {} {1.000}
E {  160} {n} {n} {1} {0} {}
E {  167} {s} {s} {2} {0} {}

R {  167} {0} {} {北大街} { } {} {} {} {} {} {1.000}
E {  166} {n} {n} {1} {0} {}
E {  168} {e} {e} {4} {0} {}
E {  169} {s} {s} {2} {0} {}

R {  168} {0} {} {岳阳车站} { } {} {} {} {} {} {1.000}
E {  167} {w} {w} {8} {0} {}
E {  170} {gu} {gu} {0} {0} {}

R {  169} {0} {} {岳阳} { } {} {} {} {} {} {1.000}
E {  167} {n} {n} {1} {0} {}
E {  264} {w} {w} {8} {0} {}

R {  170} {0} {} {} { } {} {} {} {} {} {1.000}
E {   21} {tohangzhou} {qu hangzhou} {0} {0} {}

R {  171} {0} {} {下瓦子} { } {} {} {} {} {} {1.000}
E {   26} {n} {n} {1} {0} {}
E {  172} {enter} {enter} {63} {0} {}
E {  177} {out} {out} {62} {0} {}

R {  172} {0} {} {下瓦子} { } {} {} {} {} {} {1.000}
E {  171} {out} {out} {62} {0} {}
E {  173} {s} {s} {2} {0} {}
E {  175} {se} {se} {6} {0} {}
E {  176} {sw} {sw} {10} {0} {}

R {  173} {0} {} {江南钱庄} { } {} {} {} {} {} {1.000}
E {  172} {n} {n} {1} {0} {}
E {  174} {s} {s} {2} {0} {}

R {  174} {0} {} {江南金店} { } {} {} {} {} {} {1.000}
E {  173} {n} {n} {1} {0} {}

R {  175} {0} {} {杂货铺} { } {} {} {} {} {} {1.000}
E {  172} {nw} {nw} {9} {0} {}

R {  176} {0} {} {中和楼} { } {} {} {} {} {} {1.000}
E {  172} {ne} {ne} {5} {0} {}

R {  177} {0} {} {下瓦子} { } {} {} {} {} {} {1.000}
E {  171} {enter} {enter} {63} {0} {}

R {  178} {0} {} {西大街} { } {} {} {} {} {} {1.000}
E {   24} {e} {e} {4} {0} {}
E {  179} {w} {w} {8} {0} {}

R {  179} {0} {} {钱塘门} { } {} {} {} {} {} {1.000}
E {  178} {e} {e} {4} {0} {}
E {  180} {w} {w} {8} {0} {}

R {  180} {0} {} {段家桥} { } {} {} {} {} {} {1.000}
E {  179} {e} {e} {4} {0} {}
E {  181} {s} {s} {2} {0} {}

R {  181} {0} {} {断桥残雪} { } {} {} {} {} {} {1.000}
E {  180} {n} {n} {1} {0} {}
E {  182} {sw} {sw} {10} {0} {}

R {  182} {0} {} {白堤} { } {} {} {} {} {} {1.000}
E {  181} {ne} {ne} {5} {0} {}
E {  183} {sw} {sw} {10} {0} {}

R {  183} {0} {} {平湖秋月} { } {} {} {} {} {} {1.000}
E {  182} {ne} {ne} {5} {0} {}
E {  184} {sw} {sw} {10} {0} {}

R {  184} {0} {} {孤山} { } {} {} {} {} {} {1.000}
E {  183} {ne} {ne} {5} {0} {}
E {  185} {sw} {sw} {10} {0} {}
E {  256} {nw} {nw} {9} {0} {}

R {  185} {0} {} {孤山梅庄} { } {} {} {} {} {} {1.000}
E {  184} {ne} {ne} {5} {0} {}

R {  186} {0} {} {建康府车站} { } {} {} {} {} {} {1.000}
E {  187} {gu} {gu} {0} {0} {}
E {  188} {out} {out} {62} {0} {}

R {  187} {0} {} {} { } {} {} {} {} {} {1.000}
E {   21} {tohangzhou} {qu hangzhou} {0} {0} {}

R {  188} {0} {} {玄武湖畔} { } {} {} {} {} {} {1.000}
E {  186} {enter} {enter} {63} {0} {}
E {  189} {w} {w} {8} {0} {}

R {  189} {0} {} {城北官道} { } {} {} {} {} {} {1.000}
E {  188} {e} {e} {4} {0} {}
E {  190} {sd} {sd} {34} {0} {}

R {  190} {0} {} {城北官道} { } {} {} {} {} {} {1.000}
E {  189} {nu} {nu} {17} {0} {}
E {  191} {s} {s} {2} {0} {}

R {  191} {0} {} {神策门} { } {} {} {} {} {} {1.000}
E {  190} {n} {n} {1} {0} {}
E {  192} {s} {s} {2} {0} {}

R {  192} {0} {} {北城} { } {} {} {} {} {} {1.000}
E {  191} {n} {n} {1} {0} {}
E {  193} {se} {se} {6} {0} {}

R {  193} {0} {} {鼓楼} { } {} {} {} {} {} {1.000}
E {  192} {nw} {nw} {9} {0} {}
E {  194} {s} {s} {2} {0} {}

R {  194} {0} {} {北门桥} { } {} {} {} {} {} {1.000}
E {  193} {n} {n} {1} {0} {}
E {  195} {s} {s} {2} {0} {}

R {  195} {0} {} {北广场} { } {} {} {} {} {} {1.000}
E {  194} {n} {n} {1} {0} {}
E {  196} {s} {s} {2} {0} {}

R {  196} {0} {} {建康府} { } {} {} {} {} {} {1.000}
E {  195} {n} {n} {1} {0} {}
E {  357} {s} {s} {2} {0} {}

R {  197} {0} {} {归云庄车站} { } {} {} {} {} {} {1.000}
E {  198} {gu} {gu} {0} {0} {}
E {  199} {n} {n} {1} {0} {}

R {  198} {0} {} {} { } {} {} {} {} {} {1.000}
E {   21} {tohangzhou} {qu hangzhou} {0} {0} {}

R {  199} {0} {} {太湖桥} { } {} {} {} {} {} {1.000}
E {  197} {s} {s} {2} {0} {}
E {  200} {w} {w} {8} {0} {}
E {  201} {n} {n} {1} {0} {}
E {  202} {e} {e} {4} {0} {}

R {  200} {0} {} {太湖桥} { } {} {} {} {} {} {1.000}
E {  199} {e} {e} {4} {0} {}
E {  204} {n} {n} {1} {0} {}
E {  205} {s} {s} {2} {0} {}
E {  206} {w} {w} {8} {0} {}

R {  201} {0} {} {太湖阁} { } {} {} {} {} {} {1.000}
E {  199} {s} {s} {2} {0} {}

R {  202} {0} {} {大石桥} { } {} {} {} {} {} {1.000}
E {  199} {w} {w} {8} {0} {}
E {  203} {e} {e} {4} {0} {}

R {  203} {0} {} {归云庄大门} { } {} {} {} {} {} {1.000}
E {  202} {w} {w} {8} {0} {}
E {  218} {enter} {enter} {63} {0} {}

R {  204} {0} {} {太湖码头} { } {} {} {} {} {} {1.000}
E {  200} {s} {s} {2} {0} {}

R {  205} {0} {} {太湖桥} { } {} {} {} {} {} {1.000}
E {  200} {n} {n} {1} {0} {}

R {  206} {0} {} {太湖边} { } {} {} {} {} {} {1.000}
E {  200} {e} {e} {4} {0} {}
E {  207} {s} {s} {2} {0} {}
E {  208} {w} {w} {8} {0} {}
E {  213} {nu} {nu} {17} {0} {}

R {  207} {0} {} {树林} { } {} {} {} {} {} {1.000}
E {  206} {n} {n} {1} {0} {}

R {  208} {0} {} {太湖街} { } {} {} {} {} {} {1.000}
E {  206} {e} {e} {4} {0} {}
E {  209} {w} {w} {8} {0} {}

R {  209} {0} {} {太湖街} { } {} {} {} {} {} {1.000}
E {  208} {e} {e} {4} {0} {}
E {  210} {w} {w} {8} {0} {}

R {  210} {0} {} {太湖街} { } {} {} {} {} {} {1.000}
E {  209} {e} {e} {4} {0} {}
E {  211} {w} {w} {8} {0} {}

R {  211} {0} {} {太湖街} { } {} {} {} {} {} {1.000}
E {  210} {e} {e} {4} {0} {}
E {  212} {w} {w} {8} {0} {}

R {  212} {0} {} {草地} { } {} {} {} {} {} {1.000}
E {  211} {e} {e} {4} {0} {}

R {  213} {0} {} {黑风山脚} { } {} {} {} {} {} {1.000}
E {  206} {sd} {sd} {34} {0} {}
E {  214} {nu} {nu} {17} {0} {}

R {  214} {0} {} {山路} { } {} {} {} {} {} {1.000}
E {  213} {sd} {sd} {34} {0} {}
E {  215} {nu} {nu} {17} {0} {}

R {  215} {0} {} {山路} { } {} {} {} {} {} {1.000}
E {  214} {sd} {sd} {34} {0} {}
E {  216} {w} {w} {8} {0} {}
E {  217} {n} {n} {1} {0} {}

R {  216} {0} {} {蛇窟} { } {} {} {} {} {} {1.000}
E {  215} {e} {e} {4} {0} {}

R {  217} {0} {} {黑风山洞} { } {} {} {} {} {} {1.000}
E {  215} {s} {s} {2} {0} {}

R {  218} {0} {} {石阶} { } {} {} {} {} {} {1.000}
E {  203} {out} {out} {62} {0} {}
E {  219} {nu} {nu} {17} {0} {}

R {  219} {0} {} {石阶} { } {} {} {} {} {} {1.000}
E {  218} {sd} {sd} {34} {0} {}
E {  220} {nu} {nu} {17} {0} {}

R {  220} {0} {} {归云亭} { } {} {} {} {} {} {1.000}
E {  219} {sd} {sd} {34} {0} {}
E {  221} {e} {e} {4} {0} {}

R {  221} {0} {} {走廊} { } {} {} {} {} {} {1.000}
E {  220} {w} {w} {8} {0} {}
E {  222} {e} {e} {4} {0} {}

R {  222} {0} {} {大厅} { } {} {} {} {} {} {1.000}
E {  221} {w} {w} {8} {0} {}
E {  223} {e} {e} {4} {0} {}

R {  223} {0} {} {走廊} { } {} {} {} {} {} {1.000}
E {  222} {w} {w} {8} {0} {}
E {  224} {e} {e} {4} {0} {}

R {  224} {0} {} {归云馆} { } {} {} {} {} {} {1.000}
E {  223} {w} {w} {8} {0} {}

R {  225} {0} {} {青石官道} { } {} {} {} {} {} {1.000}
E {   60} {w} {w} {8} {0} {}
E {  226} {e} {e} {4} {0} {}

R {  226} {0} {} {青石官道} { } {} {} {} {} {} {1.000}
E {  225} {w} {w} {8} {0} {}
E {  227} {ne} {ne} {5} {0} {}

R {  227} {0} {} {青石官道} { } {} {} {} {} {} {1.000}
E {  226} {sw} {sw} {10} {0} {}

R {  228} {0} {} {浔阳楼} { } {} {} {} {} {} {1.000}
E {   60} {sw} {sw} {10} {0} {}
E {  229} {n} {n} {1} {0} {}
E {  230} {e} {e} {4} {0} {}

R {  229} {0} {} {长江岸边} { } {} {} {} {} {} {1.000}
E {  228} {s} {s} {2} {0} {}

R {  230} {0} {} {土路} { } {} {} {} {} {} {1.000}
E {  228} {w} {w} {8} {0} {}
E {  231} {ne} {ne} {5} {0} {}

R {  231} {0} {} {锁江楼} { } {} {} {} {} {} {1.000}
E {  230} {sw} {sw} {10} {0} {}

R {  232} {0} {} {嘉兴南门} { } {} {} {} {} {} {1.000}
E {   31} {e} {e} {4} {0} {}
E {  233} {n} {n} {1} {0} {}

R {  233} {0} {} {嘉兴} { } {} {} {} {} {} {1.000}
E {  232} {s} {s} {2} {0} {}
E {  234} {w} {w} {8} {0} {}
E {   32} {e} {e} {4} {0} {}

R {  234} {0} {} {山路} { } {} {} {} {} {} {1.000}
E {  233} {e} {e} {4} {0} {}
E {  235} {nu} {nu} {17} {0} {}

R {  235} {0} {} {山路} { } {} {} {} {} {} {1.000}
E {  234} {sd} {sd} {34} {0} {}
E {  236} {nw} {nw} {9} {0} {}

R {  236} {0} {} {太湖边} { } {} {} {} {} {} {1.000}
E {  235} {se} {se} {6} {0} {}
E {  237} {nw} {nw} {9} {0} {}

R {  237} {0} {} {太湖边} { } {} {} {} {} {} {1.000}
E {  236} {se} {se} {6} {0} {}
E {  238} {n} {n} {1} {0} {}

R {  238} {0} {} {江南小道} { } {} {} {} {} {} {1.000}
E {  237} {s} {s} {2} {0} {}
E {  239} {nw} {nw} {9} {0} {}

R {  239} {0} {} {江南小道} { } {} {} {} {} {} {1.000}
E {  238} {se} {se} {6} {0} {}

R {  240} {0} {} {嘉兴钱庄} { } {} {} {} {} {} {1.000}
E {   32} {s} {s} {2} {0} {}

R {  241} {0} {} {烟雨楼} { } {} {} {} {} {} {1.000}
E {  339} {n} {n} {1} {0} {}

R {  242} {0} {} {嘉兴马车} { } {} {} {} {} {} {1.000}
E {   21} {tohangzhou} {qu hangzhou} {0} {0} {}
E {   64} {tosuzhou} {qu suzhou} {0} {0} {}

R {  243} {0} {} {福州车站} { } {} {} {} {} {} {1.000}
E {  244} {gu} {gu} {0} {0} {}
E {  245} {e} {e} {4} {0} {}

R {  244} {0} {} {} { } {} {} {} {} {} {1.000}
E {   21} {tohangzhou} {qu hangzhou} {0} {0} {}

R {  245} {0} {} {莆田} { } {} {} {} {} {} {1.000}
E {  243} {w} {w} {8} {0} {}
E {  246} {n} {n} {1} {0} {}

R {  246} {0} {} {北门} { } {} {} {} {} {} {1.000}
E {  245} {s} {s} {2} {0} {}
E {  247} {ne} {ne} {5} {0} {}

R {  247} {0} {} {小路} { } {} {} {} {} {} {1.000}
E {  246} {sw} {sw} {10} {0} {}
E {  248} {ne} {ne} {5} {0} {}

R {  248} {0} {} {小路} { } {} {} {} {} {} {1.000}
E {  247} {sw} {sw} {10} {0} {}
E {  249} {e} {e} {4} {0} {}

R {  249} {0} {} {西门} { } {} {} {} {} {} {1.000}
E {  248} {w} {w} {8} {0} {}
E {  250} {e} {e} {4} {0} {}

R {  250} {0} {} {西大街} { } {} {} {} {} {} {1.000}
E {  249} {w} {w} {8} {0} {}
E {  251} {e} {e} {4} {0} {}

R {  251} {0} {} {福州} { } {} {} {} {} {} {1.000}
E {  250} {w} {w} {8} {0} {}
E {  252} {e} {e} {4} {0} {}

R {  252} {0} {} {东大街} { } {} {} {} {} {} {1.000}
E {  251} {w} {w} {8} {0} {}
E {  253} {n} {n} {1} {0} {}
E {  255} {e} {e} {4} {0} {}

R {  253} {0} {} {福威镖局} { } {} {} {} {} {} {1.000}
E {  252} {s} {s} {2} {0} {}
E {  254} {n} {n} {1} {0} {}

R {  254} {0} {} {林震南} { } {} {} {} {} {} {1.000}
E {  253} {s} {s} {2} {0} {}

R {  255} {0} {} {福州港} { } {} {} {} {} {} {1.000}
E {  252} {w} {w} {8} {0} {}

R {  256} {0} {} {西泠桥} { } {} {} {} {} {} {1.000}
E {  184} {se} {se} {6} {0} {}
E {  257} {n} {n} {1} {0} {}

R {  257} {0} {} {孤山路} { } {} {} {} {} {} {1.000}
E {  256} {s} {s} {2} {0} {}
E {  258} {w} {w} {8} {0} {}

R {  258} {0} {} {跨虹桥} { } {} {} {} {} {} {1.000}
E {  257} {e} {e} {4} {0} {}
E {  259} {s} {s} {2} {0} {}

R {  259} {0} {} {苏公堤} { } {} {} {} {} {} {1.000}
E {  258} {n} {n} {1} {0} {}
E {  260} {se} {se} {6} {0} {}

R {  260} {0} {} {苏公堤} { } {} {} {} {} {} {1.000}
E {  259} {nw} {nw} {9} {0} {}
E {  261} {s} {s} {2} {0} {}
E {  262} {e} {e} {4} {0} {}

R {  261} {0} {} {苏公堤} { } {} {} {} {} {} {1.000}
E {  260} {n} {n} {1} {0} {}

R {  262} {0} {} {西湖岸边} { } {} {} {} {} {} {1.000}
E {  260} {w} {w} {8} {0} {}

R {  263} {0} {} {盛昌总行} { } {} {} {} {} {} {1.000}
E {    4} {e} {e} {4} {0} {}

R {  264} {0} {} {西大街} { } {} {} {} {} {} {1.000}
E {  169} {e} {e} {4} {0} {}
E {  265} {w} {w} {8} {0} {}

R {  265} {0} {} {西门} { } {} {} {} {} {} {1.000}
E {  264} {e} {e} {4} {0} {}
E {  266} {w} {w} {8} {0} {}

R {  266} {0} {} {岳阳楼} { } {} {} {} {} {} {1.000}
E {  265} {e} {e} {4} {0} {}
E {  267} {s} {s} {2} {0} {}

R {  267} {0} {} {洞庭湖} { } {} {} {} {} {} {1.000}
E {  266} {n} {n} {1} {0} {}
E {  268} {su} {su} {18} {0} {}

R {  268} {0} {} {山路} { } {} {} {} {} {} {1.000}
E {  267} {nd} {nd} {33} {0} {}
E {  269} {sw} {sw} {10} {0} {}

R {  269} {0} {} {桃源驿站} { } {} {} {} {} {} {1.000}
E {  268} {ne} {ne} {5} {0} {}
E {  270} {e} {e} {4} {0} {}
E {  354} {sw} {sw} {10} {0} {}

R {  270} {0} {} {桃源驿路} { } {} {} {} {} {} {1.000}
E {  269} {w} {w} {8} {0} {}
E {  271} {ne} {ne} {5} {0} {}
E {  273} {sw} {sw} {10} {0} {}

R {  271} {0} {} {桃源县境} { } {} {} {} {} {} {1.000}
E {  270} {sw} {sw} {10} {0} {}
E {  272} {ne} {ne} {5} {0} {}

R {  272} {0} {} {瀑布} { } {} {} {} {} {} {1.000}
E {  271} {sw} {sw} {10} {0} {}
E {  356} {climb} {climb;#cr} {0} {0} {}

R {  273} {0} {} {桃源驿路} { } {} {} {} {} {} {1.000}
E {  270} {ne} {ne} {5} {0} {}
E {  274} {s} {s} {2} {0} {}

R {  274} {4} {} {黑沼} { } {} {} {} {} {} {1.000}
E {  273} {out} {s;e;n;w;s;s;w;out} {62} {0} {}

R {  275} {0} {} {八字桥} { } {} {} {} {} {} {1.000}
E {   24} {nw} {nw} {9} {0} {}
E {  276} {s} {s} {2} {0} {}

R {  276} {0} {} {御街} { } {} {} {} {} {} {1.000}
E {  275} {n} {n} {1} {0} {}
E {  277} {s} {s} {2} {0} {}

R {  277} {0} {} {御街} { } {} {} {} {} {} {1.000}
E {  276} {n} {n} {1} {0} {}
E {  278} {s} {s} {2} {0} {}

R {  278} {0} {} {和宁门} { } {} {} {} {} {} {1.000}
E {  277} {n} {n} {1} {0} {}
E {  279} {w} {w} {8} {0} {}

R {  279} {0} {} {西北宫墙} { } {} {} {} {} {} {1.000}
E {  278} {e} {e} {4} {0} {}
E {  280} {s} {s} {2} {0} {}

R {  280} {0} {} {西南宫墙} { } {} {} {} {} {} {1.000}
E {  279} {n} {n} {1} {0} {}
E {  281} {e} {e} {4} {0} {}

R {  281} {0} {} {丽正门} { } {} {} {} {} {} {1.000}
E {  280} {w} {w} {8} {0} {}
E {  282} {s} {s} {2} {0} {}

R {  282} {0} {} {嘉会门} { } {} {} {} {} {} {1.000}
E {  281} {n} {n} {1} {0} {}
E {  283} {w} {w} {8} {0} {}

R {  283} {0} {} {提督府正门} { } {} {} {} {} {} {1.000}
E {  282} {e} {e} {4} {0} {}

R {  284} {0} {} {} { } {} {} {} {} {} {1.000}
E {  285} {tolingzhou} {qu lingzhou} {0} {0} {}

R {  285} {0} {} {灵州车站} { } {} {} {} {} {} {1.000}
E {  286} {gu} {gu} {0} {0} {}
E {  287} {e} {e} {4} {0} {}

R {  286} {0} {} {} { } {} {} {} {} {} {1.000}
E {   11} {toyangzhou} {qu yangzhou} {0} {0} {}

R {  287} {0} {} {酒馆} { } {} {} {} {} {} {1.000}
E {  285} {w} {w} {8} {0} {}
E {  288} {e} {e} {4} {0} {}

R {  288} {0} {} {南大街} { } {} {} {} {} {} {1.000}
E {  287} {w} {w} {8} {0} {}
E {  289} {n} {n} {1} {0} {}

R {  289} {0} {} {灵州} { } {} {} {} {} {} {1.000}
E {  288} {s} {s} {2} {0} {}
E {  290} {e} {e} {4} {0} {}
E {  292} {w} {w} {8} {0} {}

R {  290} {0} {} {东大街} { } {} {} {} {} {} {1.000}
E {  289} {w} {w} {8} {0} {}
E {  291} {e} {e} {4} {0} {}

R {  291} {0} {} {灵州东门} { } {} {} {} {} {} {1.000}
E {  290} {w} {w} {8} {0} {}

R {  292} {0} {} {西大街} { } {} {} {} {} {} {1.000}
E {  289} {e} {e} {4} {0} {}
E {  293} {w} {w} {8} {0} {}

R {  293} {0} {} {骠骑营} { } {} {} {} {} {} {1.000}
E {  292} {e} {e} {4} {0} {}
E {  294} {nw} {nw} {9} {0} {}

R {  294} {0} {} {土路} { } {} {} {} {} {} {1.000}
E {  293} {se} {se} {6} {0} {}
E {  295} {nw} {nw} {9} {0} {}

R {  295} {0} {} {黄河古渡} { } {} {} {} {} {} {1.000}
E {  294} {se} {se} {6} {0} {}
E {  296} {sw} {sw} {10} {0} {}

R {  296} {0} {} {黄河南岸} { } {} {} {} {} {} {1.000}
E {  295} {ne} {ne} {5} {0} {}
E {  297} {sw} {sw} {10} {0} {}

R {  297} {0} {} {黄河南岸} { } {} {} {} {} {} {1.000}
E {  296} {ne} {ne} {5} {0} {}
E {  298} {sw} {sw} {10} {0} {}

R {  298} {0} {} {黄河渡口} { } {} {} {} {} {} {1.000}
E {  297} {ne} {ne} {5} {0} {}
E {  299} {sw} {sw} {10} {0} {}

R {  299} {0} {} {黄河南岸} { } {} {} {} {} {} {1.000}
E {  298} {ne} {ne} {5} {0} {}
E {  300} {sw} {sw} {10} {0} {}

R {  300} {0} {} {黄河渡口} { } {} {} {} {} {} {1.000}
E {  299} {ne} {ne} {5} {0} {}
E {  301} {yellboat} {yell boat;enter} {0} {0} {}
E {  303} {sw} {sw} {10} {0} {}

R {  301} {0} {} {黄河免费船} { } {} {} {} {} {} {1.000}
E {  302} {beishang} {out} {0} {0} {}
E {  300} {nanxia} {out} {0} {0} {}

R {  302} {0} {} {黄河渡口} { } {} {} {} {} {} {1.000}
E {  301} {yellboat} {yell boat;enter} {0} {0} {}
E {  304} {sw} {sw} {10} {0} {}
E {  306} {ne} {ne} {5} {0} {}

R {  303} {0} {} {黄河南岸} { } {} {} {} {} {} {1.000}
E {  300} {ne} {ne} {5} {0} {}

R {  304} {0} {} {黄河北岸} { } {} {} {} {} {} {1.000}
E {  302} {ne} {ne} {5} {0} {}
E {  305} {w} {w} {8} {0} {}

R {  305} {0} {} {黄河北岸} { } {} {} {} {} {} {1.000}
E {  304} {e} {e} {4} {0} {}

R {  306} {0} {} {黄河北岸} { } {} {} {} {} {} {1.000}
E {  302} {sw} {sw} {10} {0} {}
E {  307} {w} {w} {8} {0} {}

R {  307} {0} {} {丝绸之路} { } {} {} {} {} {} {1.000}
E {  306} {e} {e} {4} {0} {}
E {  308} {w} {w} {8} {0} {}

R {  308} {0} {} {丝绸之路} { } {} {} {} {} {} {1.000}
E {  307} {e} {e} {4} {0} {}
E {  309} {nw} {nw} {9} {0} {}

R {  309} {0} {} {丝绸之路} { } {} {} {} {} {} {1.000}
E {  308} {se} {se} {6} {0} {}
E {  310} {w} {w} {8} {0} {}

R {  310} {0} {} {丝绸之路} { } {} {} {} {} {} {1.000}
E {  309} {e} {e} {4} {0} {}
E {  311} {nw} {nw} {9} {0} {}

R {  311} {0} {} {嘉峪关} { } {} {} {} {} {} {1.000}
E {  310} {se} {se} {6} {0} {}

R {  312} {0} {} {甘棠路} { } {} {} {} {} {} {1.000}
E {   50} {ne} {ne} {5} {0} {}
E {  313} {s} {s} {2} {0} {}

R {  313} {0} {} {当铺} { } {} {} {} {} {} {1.000}
E {  312} {n} {n} {1} {0} {}

R {  314} {0} {} {山路} { } {} {} {} {} {} {1.000}
E {   57} {nd} {nd} {33} {0} {}
E {  315} {se} {se} {6} {0} {}

R {  315} {0} {} {山路} { } {} {} {} {} {} {1.000}
E {  314} {nw} {nw} {9} {0} {}
E {  316} {s} {s} {2} {0} {}

R {  316} {0} {} {南昌北门} { } {} {} {} {} {} {1.000}
E {  315} {n} {n} {1} {0} {}
E {  317} {s} {s} {2} {0} {}

R {  317} {0} {} {北大街} { } {} {} {} {} {} {1.000}
E {  316} {n} {n} {1} {0} {}
E {  318} {e} {e} {4} {0} {}
E {  319} {s} {s} {2} {0} {}

R {  318} {0} {} {飞虎镖局} { } {} {} {} {} {} {1.000}
E {  317} {w} {w} {8} {0} {}

R {  319} {0} {} {城中心} { } {} {} {} {} {} {1.000}
E {  317} {n} {n} {1} {0} {}
E {  320} {w} {w} {8} {0} {}
E {  329} {s} {s} {2} {0} {}

R {  320} {0} {} {西大街} { } {} {} {} {} {} {1.000}
E {  319} {e} {e} {4} {0} {}
E {  321} {n} {n} {1} {0} {}
E {  323} {w} {w} {8} {0} {}

R {  321} {0} {} {南昌车站} { } {} {} {} {} {} {1.000}
E {  320} {s} {s} {2} {0} {}
E {  322} {gu} {gu} {0} {0} {}

R {  322} {0} {} {} { } {} {} {} {} {} {1.000}
E {   21} {tohangzhou} {qu hangzhou} {0} {0} {}
E {   20} {tozhenjiang} {qu zhenjiang} {0} {0} {}

R {  323} {0} {} {南昌西门} { } {} {} {} {} {} {1.000}
E {  320} {e} {e} {4} {0} {}
E {  324} {w} {w} {8} {0} {}

R {  324} {0} {} {青石官道} { } {} {} {} {} {} {1.000}
E {  323} {e} {e} {4} {0} {}
E {  325} {wu} {wu} {24} {0} {}

R {  325} {0} {} {城西山路} { } {} {} {} {} {} {1.000}
E {  324} {ed} {ed} {36} {0} {}
E {  326} {wu} {wu} {24} {0} {}

R {  326} {0} {} {城西山路} { } {} {} {} {} {} {1.000}
E {  325} {ed} {ed} {36} {0} {}
E {  327} {nu} {nu} {17} {0} {}

R {  327} {0} {} {书院正门} { } {} {} {} {} {} {1.000}
E {  326} {sd} {sd} {34} {0} {}
E {  328} {enter} {enter} {63} {0} {}

R {  328} {0} {} {朱熹} { } {} {} {} {} {} {1.000}
E {  327} {out} {out} {62} {0} {}

R {  329} {0} {} {南大街} { } {} {} {} {} {} {1.000}
E {  319} {n} {n} {1} {0} {}
E {  330} {w} {w} {8} {0} {}
E {  331} {e} {e} {4} {0} {}
E {  332} {s} {s} {2} {0} {}

R {  330} {0} {} {当铺} { } {} {} {} {} {} {1.000}
E {  329} {e} {e} {4} {0} {}

R {  331} {0} {} {月记银号} { } {} {} {} {} {} {1.000}
E {  329} {w} {w} {8} {0} {}

R {  332} {0} {} {南昌南门} { } {} {} {} {} {} {1.000}
E {  329} {n} {n} {1} {0} {}
E {  333} {s} {s} {2} {0} {}

R {  333} {0} {} {青石官道} { } {} {} {} {} {} {1.000}
E {  332} {n} {n} {1} {0} {}
E {  334} {s} {s} {2} {0} {}

R {  334} {0} {} {山路} { } {} {} {} {} {} {1.000}
E {  333} {n} {n} {1} {0} {}
E {  335} {se} {se} {6} {0} {}

R {  335} {0} {} {山路} { } {} {} {} {} {} {1.000}
E {  334} {nw} {nw} {9} {0} {}
E {  336} {s} {s} {2} {0} {}

R {  336} {0} {} {山路} { } {} {} {} {} {} {1.000}
E {  335} {n} {n} {1} {0} {}

R {  337} {0} {} {} { } {} {} {} {} {} {1.000}
E {   21} {tohangzhou} {qu hangzhou} {0} {0} {}

R {  338} {0} {} {钱塘江口} { } {} {} {} {} {} {1.000}
E {   32} {w} {w} {8} {0} {}

R {  339} {0} {} {嘉兴南湖} { } {} {} {} {} {} {1.000}
E {   32} {nw} {nw} {9} {0} {}
E {  241} {s} {s} {2} {0} {}
E {  340} {ne} {ne} {5} {0} {}

R {  340} {0} {} {驿道} { } {} {} {} {} {} {1.000}
E {  339} {sw} {sw} {10} {0} {}

R {  341} {0} {} {蛇窟} { } {} {} {} {} {} {1.000}
E {   33} {e} {e} {4} {0} {}

R {  342} {0} {} {日本遣使驻地} { } {} {} {} {} {} {1.000}
E {   36} {s} {s} {2} {0} {}

R {  343} {0} {} {庆元港} { } {} {} {} {} {} {1.000}
E {   37} {s} {s} {2} {0} {}
E {  345} {boat} {enter boat} {0} {0} {}

R {  344} {0} {} {明州府} { } {} {} {} {} {} {1.000}
E {   38} {w} {w} {8} {0} {}

R {  345} {0} {} {海滩} { } {} {} {} {} {} {1.000}
E {  343} {boat} {enter boat} {0} {0} {}
E {  346} {n} {n} {1} {0} {}

R {  346} {0} {} {桃林} { } {} {} {} {} {} {1.000}
E {  345} {s} {s} {2} {0} {}
E {  347} {n} {n} {1} {0} {}

R {  347} {0} {} {桃林} { } {} {} {} {} {} {1.000}
E {  346} {s} {s} {2} {0} {}
E {  348} {nu} {nu} {17} {0} {}

R {  348} {0} {} {山路} { } {} {} {} {} {} {1.000}
E {  347} {sd} {sd} {34} {0} {}
E {  349} {nu} {nu} {17} {0} {}

R {  349} {0} {} {山路} { } {} {} {} {} {} {1.000}
E {  348} {sd} {sd} {34} {0} {}
E {  350} {nu} {nu} {17} {0} {}

R {  350} {0} {} {草地} { } {} {} {} {} {} {1.000}
E {  349} {sd} {sd} {34} {0} {}
E {  351} {n} {n} {1} {0} {}

R {  351} {0} {} {草地} { } {} {} {} {} {} {1.000}
E {  350} {s} {s} {2} {0} {}
E {  352} {n} {n} {1} {0} {}

R {  352} {0} {} {积翠亭} { } {} {} {} {} {} {1.000}
E {  351} {s} {s} {2} {0} {}
E {  353} {n} {n} {1} {0} {}

R {  353} {0} {} {竹林} { } {} {} {} {} {} {1.000}
E {  352} {s} {s} {2} {0} {}

R {  354} {0} {} {小路} { } {} {} {} {} {} {1.000}
E {  269} {ne} {ne} {5} {0} {}
E {  355} {s} {s} {2} {0} {}

R {  355} {0} {} {泸溪} { } {} {} {} {} {} {1.000}
E {  354} {n} {n} {1} {0} {}

R {  356} {0} {} {观瀑台} { } {} {} {} {} {} {1.000}
E {  272} {sd} {sd} {34} {0} {}

R {  357} {0} {} {南广场} { } {} {} {} {} {} {1.000}
E {  196} {n} {n} {1} {0} {}
E {  358} {s} {s} {2} {0} {}

R {  358} {0} {} {中城} { } {} {} {} {} {} {1.000}
E {  357} {n} {n} {1} {0} {}
E {  359} {s} {s} {2} {0} {}

R {  359} {0} {} {长街} { } {} {} {} {} {} {1.000}
E {  358} {n} {n} {1} {0} {}
E {  360} {s} {s} {2} {0} {}

R {  360} {0} {} {长街} { } {} {} {} {} {} {1.000}
E {  359} {n} {n} {1} {0} {}
E {  361} {s} {s} {2} {0} {}

R {  361} {0} {} {内桥} { } {} {} {} {} {} {1.000}
E {  360} {n} {n} {1} {0} {}
E {  362} {s} {s} {2} {0} {}

R {  362} {0} {} {南大街} { } {} {} {} {} {} {1.000}
E {  361} {n} {n} {1} {0} {}
E {  363} {e} {e} {4} {0} {}
E {  364} {w} {w} {8} {0} {}
E {  365} {s} {s} {2} {0} {}

R {  363} {0} {} {承恩寺} { } {} {} {} {} {} {1.000}
E {  362} {w} {w} {8} {0} {}

R {  364} {0} {} {建康府} { } {} {} {} {} {} {1.000}
E {  362} {e} {e} {4} {0} {}

R {  365} {0} {} {南大街} { } {} {} {} {} {} {1.000}
E {  362} {n} {n} {1} {0} {}
E {  366} {w} {w} {8} {0} {}
E {  371} {e} {e} {4} {0} {}
E {  376} {s} {s} {2} {0} {}

R {  366} {0} {} {三山街} { } {} {} {} {} {} {1.000}
E {  365} {e} {e} {4} {0} {}
E {  367} {w} {w} {8} {0} {}

R {  367} {0} {} {三山门} { } {} {} {} {} {} {1.000}
E {  366} {e} {e} {4} {0} {}
E {  368} {w} {w} {8} {0} {}

R {  368} {0} {} {阡陌小路} { } {} {} {} {} {} {1.000}
E {  367} {e} {e} {4} {0} {}
E {  369} {nw} {nw} {9} {0} {}

R {  369} {0} {} {湖边} { } {} {} {} {} {} {1.000}
E {  368} {se} {se} {6} {0} {}
E {  370} {n} {n} {1} {0} {}

R {  370} {0} {} {湖畔} { } {} {} {} {} {} {1.000}
E {  369} {s} {s} {2} {0} {}

R {  371} {0} {} {大中街} { } {} {} {} {} {} {1.000}
E {  365} {w} {w} {8} {0} {}
E {  372} {e} {e} {4} {0} {}

R {  372} {0} {} {圣府} { } {} {} {} {} {} {1.000}
E {  371} {w} {w} {8} {0} {}
E {  373} {e} {e} {4} {0} {}

R {  373} {0} {} {淮清桥} { } {} {} {} {} {} {1.000}
E {  372} {w} {w} {8} {0} {}
E {  374} {e} {e} {4} {0} {}

R {  374} {0} {} {通济门} { } {} {} {} {} {} {1.000}
E {  373} {w} {w} {8} {0} {}
E {  375} {se} {se} {6} {0} {}

R {  375} {0} {} {石牛堡} { } {} {} {} {} {} {1.000}
E {  374} {nw} {nw} {9} {0} {}

R {  376} {0} {} {镇淮桥} { } {} {} {} {} {} {1.000}
E {  365} {n} {n} {1} {0} {}
E {  377} {w} {w} {8} {0} {}
E {  378} {s} {s} {2} {0} {}

R {  377} {0} {} {金陵镖局} { } {} {} {} {} {} {1.000}
E {  376} {e} {e} {4} {0} {}

R {  378} {0} {} {聚宝门} { } {} {} {} {} {} {1.000}
E {  376} {n} {n} {1} {0} {}
E {  379} {s} {s} {2} {0} {}

R {  379} {0} {} {城南官道} { } {} {} {} {} {} {1.000}
E {  378} {n} {n} {1} {0} {}
