C 50000

CE <078>
CH <118>
CP <138>
CR <178>

F 1

I 713

L * # # # | # x          


R {    1} {0} {} {扬州} { } {} {} {} {} {} {1.000}
E {    2} {s} {s} {2} {0} {}
E {   98} {n} {n} {1} {0} {}
E {  107} {e} {e} {4} {0} {}
E {  108} {w} {w} {8} {0} {}
E {  119} {down} {down} {0} {0} {}

R {    2} {0} {} {} { } {} {} {} {} {} {1.000}
E {    1} {n} {n} {1} {0} {}
E {    3} {s} {s} {2} {0} {}
E {  102} {e} {e} {4} {0} {}
E {  106} {w} {w} {8} {0} {}

R {    3} {0} {} {} { } {} {} {} {} {} {1.000}
E {    2} {n} {n} {1} {0} {}
E {    4} {s} {s} {2} {0} {}
E {    9} {w} {w} {8} {0} {}

R {    4} {0} {} {} { } {} {} {} {} {} {1.000}
E {    3} {n} {n} {1} {0} {}
E {    5} {s} {s} {2} {0} {}
E {  263} {w} {w} {8} {0} {}

R {    5} {0} {} {} { } {} {} {} {} {} {1.000}
E {    4} {n} {n} {1} {0} {}
E {    6} {su} {su} {18} {0} {}

R {    6} {0} {} {} { } {} {} {} {} {} {1.000}
E {    5} {nd} {nd} {33} {0} {}
E {    7} {se} {se} {6} {0} {}
E {  565} {wu} {wu} {24} {0} {}

R {    7} {0} {} {} { } {} {} {} {} {} {1.000}
E {    6} {nw} {nw} {9} {0} {}
E {    8} {su} {su} {18} {0} {}

R {    8} {0} {} {扬子津} { } {} {} {} {} {} {1.000}
E {    7} {nd} {nd} {33} {0} {}
E {   10} {guojiang} {yell boat;enter} {0} {0} {}
E {  562} {w} {w} {8} {0} {}
E {  563} {e} {e} {4} {0} {}
E {  564} {up} {up} {0} {0} {}

R {    9} {0} {} {春来茶馆} { } {} {} {} {} {} {1.000}
E {    3} {e} {e} {4} {0} {}
E {   11} {w} {w} {8} {0} {}

R {   10} {0} {} {西津渡口} { } {} {长江} {} {} {} {1.000}
E {   12} {se} {se} {6} {0} {}
E {    8} {guojiang} {yell boat;enter} {0} {0} {}
E {  139} {w} {w} {8} {0} {}
E {  140} {e} {e} {4} {0} {}

R {   11} {0} {} {扬州车站} { } {} {} {} {} {} {1.000}
E {    9} {e} {e} {4} {0} {}
E {  284} {gu} {gu} {0} {0} {}

R {   12} {0} {} {} { } {} {} {} {} {} {1.000}
E {   13} {se} {se} {6} {0} {}
E {   10} {nw} {nw} {9} {0} {}

R {   13} {0} {} {} { } {} {} {} {} {} {1.000}
E {   12} {nw} {nw} {9} {0} {}
E {   14} {e} {e} {4} {0} {}

R {   14} {0} {} {} { } {} {} {} {} {} {1.000}
E {   13} {w} {w} {8} {0} {}
E {   15} {e} {e} {4} {0} {}

R {   15} {0} {} {} { } {} {} {} {} {} {1.000}
E {   14} {w} {w} {8} {0} {}
E {   16} {e} {e} {4} {0} {}
E {  701} {s} {s} {2} {0} {}
E {  702} {n} {n} {1} {0} {}

R {   16} {0} {} {} { } {} {} {} {} {} {1.000}
E {   15} {w} {w} {8} {0} {}
E {   17} {e} {e} {4} {0} {}
E {  699} {s} {s} {2} {0} {}

R {   17} {0} {} {广场} { } {} {镇江} {} {} {} {1.000}
E {   16} {w} {w} {8} {0} {}
E {   18} {e} {e} {4} {0} {}
E {  603} {s} {s} {2} {0} {}
E {  611} {n} {n} {1} {0} {}

R {   18} {0} {} {} { } {} {} {} {} {} {1.000}
E {   17} {w} {w} {8} {0} {}
E {   19} {e} {e} {4} {0} {}

R {   19} {0} {} {} { } {} {} {} {} {} {1.000}
E {   18} {w} {w} {8} {0} {}
E {   20} {n} {n} {1} {0} {}
E {  700} {e} {e} {4} {0} {}

R {   20} {0} {} {镇江车站} { } {} {} {} {} {} {1.000}
E {   19} {s} {s} {2} {0} {}
E {   93} {gu} {gu} {0} {0} {}

R {   21} {0} {} {计氏马车分行} { } {这里是一家马车行，挂着一个招牌(paizi)，店里的马车(che)停得满满当当的。    你可以看看(look):paizi,che} {临安府} {} {} {} {1.000}
E {   22} {s} {s} {2} {0} {}
E {   63} {gu} {gu} {0} {0} {}

R {   22} {0} {} {明庆寺} { } {这里是一家香火很旺盛的寺庙，南面有一间客栈，北面是一间车马行。长安的古董商租用了部分庙产，在这里开了一家分店，挂起了一面招牌(paizi)。} {临安府} {} {} {{Gudong zhanggui}{古董店掌柜}} {1.000}
E {   21} {n} {n} {1} {0} {}
E {   23} {w} {w} {8} {0} {}
E {  697} {s} {s} {2} {0} {}

R {   23} {0} {} {御街} { } {这是一条宽阔的青石板街道，向南北两头延伸。西边是祚德庙，东面明庆寺，这个地段热闹异常。} {} {} {} {} {1.000}
E {   22} {e} {e} {4} {0} {}
E {   24} {s} {s} {2} {0} {}
E {  667} {w} {w} {8} {0} {}
E {  668} {n} {n} {1} {0} {}

R {   24} {0} {} {大理寺} { } {这里是大理寺，西面出去是一条窄街通往钱塘门，东门通往东城，御街继续往东南方向延伸。} {临安府} {} {} {{Guan chai}{官差}{Zhang jinao}{张金鳌}} {1.000}
E {   23} {n} {n} {1} {0} {}
E {   25} {e} {e} {4} {0} {}
E {  178} {w} {w} {8} {0} {}
E {  275} {se} {se} {6} {0} {}

R {   25} {0} {} {东大街} { } {这是一条贯穿东西从东青门通往钱塘门的临安城主要干道。} {临安府} {} {} {} {1.000}
E {   24} {w} {w} {8} {0} {}
E {   26} {e} {e} {4} {0} {}
E {  698} {n} {n} {1} {0} {}

R {   26} {0} {} {东大街} { } {这是一条贯穿东西从东青门通往钱塘门的临安城主要干道，东面是众安桥。一条深巷(shenxiang)不知通向何方。} {临安府} {} {} {} {1.000}
E {   25} {w} {w} {8} {0} {}
E {   27} {n} {n} {1} {0} {}
E {  171} {s} {s} {2} {0} {}
E {  648} {e} {e} {4} {0} {}

R {   27} {0} {} {韩王府大门} { } {这里是韩世忠韩蕲王的府邸。} {临安府} {} {} {} {1.000}
E {   26} {s} {s} {2} {0} {}
E {   28} {enter} {enter} {63} {0} {}

R {   28} {0} {} {花厅} { } {这里是韩王府的花厅，装饰的非常奢华。} {} {} {} {} {1.000}
E {   27} {out} {out} {62} {0} {}
E {   29} {n} {n} {1} {0} {}

R {   29} {0} {} {大厅} { } {这里是韩王府的大厅。} {杭州} {} {} {} {1.000}
E {   28} {s} {s} {2} {0} {}
E {  645} {n} {n} {1} {0} {}
E {  646} {w} {w} {8} {0} {}
E {  647} {e} {e} {4} {0} {}

R {   30} {0} {} {嘉兴车站} { } {} {} {} {} {} {1.000}
E {   31} {n} {n} {1} {0} {}
E {  242} {gu} {gu} {0} {0} {}

R {   31} {0} {} {铁枪庙} { } {} {} {} {} {} {1.000}
E {   30} {s} {s} {2} {0} {}
E {   32} {n} {n} {1} {0} {}
E {  232} {w} {w} {8} {0} {}

R {   32} {0} {} {嘉兴南湖} { } {} {} {} {} {} {1.000}
E {   31} {s} {s} {2} {0} {}
E {   33} {nd} {nd} {33} {0} {}
E {  233} {w} {w} {8} {0} {}
E {  240} {n} {n} {1} {0} {}
E {  338} {e} {e} {4} {0} {}
E {  339} {se} {se} {6} {0} {}

R {   33} {0} {} {无名谷底} { } {} {} {} {} {} {1.000}
E {   32} {su} {su} {18} {0} {}
E {   34} {e} {e} {4} {0} {}
E {  341} {w} {w} {8} {0} {}

R {   34} {0} {} {} { } {} {} {} {} {} {1.000}
E {   33} {w} {w} {8} {0} {}
E {   35} {e} {e} {4} {0} {}

R {   35} {0} {} {} { } {} {} {} {} {} {1.000}
E {   34} {w} {w} {8} {0} {}
E {   36} {e} {e} {4} {0} {}

R {   36} {0} {} {} { } {} {} {} {} {} {1.000}
E {   35} {w} {w} {8} {0} {}
E {   37} {e} {e} {4} {0} {}
E {  342} {n} {n} {1} {0} {}

R {   37} {0} {} {} { } {} {} {} {} {} {1.000}
E {   36} {w} {w} {8} {0} {}
E {   38} {s} {s} {2} {0} {}
E {  343} {n} {n} {1} {0} {}

R {   38} {0} {} {} { } {} {} {} {} {} {1.000}
E {   37} {n} {n} {1} {0} {}
E {   39} {s} {s} {2} {0} {}
E {  344} {e} {e} {4} {0} {}

R {   39} {0} {} {} { } {} {} {} {} {} {1.000}
E {   38} {n} {n} {1} {0} {}
E {   40} {se} {se} {6} {0} {}

R {   40} {0} {} {} { } {} {} {} {} {} {1.000}
E {   39} {nw} {nw} {9} {0} {}
E {   41} {se} {se} {6} {0} {}

R {   41} {0} {} {牙山湾北路} { } {} {} {} {} {} {1.000}
E {   40} {nw} {nw} {9} {0} {}
E {   42} {s} {s} {2} {0} {}

R {   42} {0} {} {牙山} { } {} {} {} {} {} {1.000}
E {   41} {n} {n} {1} {0} {}
E {   43} {w} {w} {8} {0} {}
E {   61} {s} {s} {2} {0} {}

R {   43} {0} {} {牙山湾西路} { } {} {} {} {} {} {1.000}
E {   42} {e} {e} {4} {0} {}
E {   44} {w} {w} {8} {0} {}

R {   44} {0} {} {} { } {} {} {} {} {} {1.000}
E {   43} {e} {e} {4} {0} {}
E {   45} {s} {s} {2} {0} {}
E {  483} {w} {w} {8} {0} {}

R {   45} {0} {} {牙山车站} { } {} {} {} {} {} {1.000}
E {   44} {n} {n} {1} {0} {}
E {   20} {tozhenjiang} {gu;qu zhenjiang} {0} {0} {}
E {   21} {tohangzhou} {gu;qu hangzhou} {0} {0} {}

R {   46} {0} {} {江州车站} { } {} {} {} {} {} {1.000}
E {   47} {e} {e} {4} {0} {}
E {  337} {gu} {gu} {0} {0} {}

R {   47} {0} {} {} { } {} {} {} {} {} {1.000}
E {   46} {w} {w} {8} {0} {}
E {   48} {se} {se} {6} {0} {}

R {   48} {0} {} {} { } {} {} {} {} {} {1.000}
E {   47} {nw} {nw} {9} {0} {}
E {   49} {sw} {sw} {10} {0} {}
E {   60} {ne} {ne} {5} {0} {}
E {  399} {se} {se} {6} {0} {}

R {   49} {0} {} {} { } {} {} {} {} {} {1.000}
E {   48} {ne} {ne} {5} {0} {}
E {   50} {sw} {sw} {10} {0} {}
E {   59} {s} {s} {2} {0} {}

R {   50} {0} {} {江州} { } {} {} {} {} {} {1.000}
E {   49} {ne} {ne} {5} {0} {}
E {   51} {s} {s} {2} {0} {}
E {  312} {sw} {sw} {10} {0} {}
E {  586} {n} {n} {1} {0} {}

R {   51} {0} {} {} { } {} {} {} {} {} {1.000}
E {   50} {n} {n} {1} {0} {}
E {   52} {e} {e} {4} {0} {}
E {   54} {s} {s} {2} {0} {}

R {   52} {0} {} {} { } {} {} {} {} {} {1.000}
E {   51} {w} {w} {8} {0} {}
E {   53} {e} {e} {4} {0} {}

R {   53} {0} {} {韩员外} { } {} {} {} {} {} {1.000}
E {   52} {w} {w} {8} {0} {}

R {   54} {0} {} {} { } {} {} {} {} {} {1.000}
E {   51} {n} {n} {1} {0} {}
E {   55} {s} {s} {2} {0} {}

R {   55} {0} {} {} { } {} {} {} {} {} {1.000}
E {   54} {n} {n} {1} {0} {}
E {   56} {s} {s} {2} {0} {}

R {   56} {0} {} {} { } {} {} {} {} {} {1.000}
E {   55} {n} {n} {1} {0} {}
E {   57} {s} {s} {2} {0} {}

R {   57} {0} {} {} { } {} {} {} {} {} {1.000}
E {   56} {n} {n} {1} {0} {}
E {   58} {e} {e} {4} {0} {}
E {  314} {su} {su} {18} {0} {}

R {   58} {0} {} {鄱阳湖} { } {} {} {} {} {} {1.000}
E {   57} {w} {w} {8} {0} {}

R {   59} {0} {} {天福镖局} { } {} {} {} {} {} {1.000}
E {   49} {n} {n} {1} {0} {}

R {   60} {0} {} {} { } {} {} {} {} {} {1.000}
E {   48} {sw} {sw} {10} {0} {}
E {  225} {e} {e} {4} {0} {}
E {  228} {ne} {ne} {5} {0} {}

R {   61} {0} {} {} { } {} {} {} {} {} {1.000}
E {   42} {n} {n} {1} {0} {}
E {   62} {e} {e} {4} {0} {}

R {   62} {0} {} {} { } {} {} {} {} {} {1.000}
E {   61} {w} {w} {8} {0} {}

R {   63} {0} {} {杭州马车} { } {} {} {} {} {} {1.000}
E {   64} {tosuzhou} {qu suzhou} {0} {0} {}
E {   20} {tozhenjiang} {qu zhenjiang} {0} {0} {}
E {   30} {tojiaxing} {qu jiaxing} {0} {0} {}
E {   45} {toyashan} {qu yashan} {0} {0} {}
E {   46} {tojiangzhou} {qu jiangzhou} {0} {0} {}
E {   94} {toquanzhou} {qu quanzhou} {0} {0} {}
E {  186} {tojiankangfu} {qu jiankangfu} {0} {0} {}
E {  243} {tofuzhou} {qu fuzhou} {0} {0} {}
E {  197} {toguiyunzhuang} {qu guiyunzhuang} {0} {0} {}
E {  321} {tonanchang} {qu nanchang} {0} {0} {}
E {  168} {toyueyang} {qu yueyang} {0} {0} {}

R {   64} {0} {} {苏州车站} { } {} {} {} {} {} {1.000}
E {   65} {gu} {gu} {0} {0} {}
E {   66} {w} {w} {8} {0} {}

R {   65} {0} {} {马车} { } {} {} {} {} {} {1.000}
E {  197} {toguiyunzhuang} {qu guiyunzhuang} {0} {0} {}
E {   21} {tohangzhou} {qu hangzhou} {0} {0} {}
E {   20} {tozhenjiang} {qu zhenjiang} {0} {0} {}
E {  321} {tonanchang} {qu nanchang} {0} {0} {}
E {  168} {toyueyang} {qu yueyang} {0} {0} {}
E {  186} {tojiankangfu} {qu jiankangfu} {0} {0} {}
E {   30} {tojiaxing} {qu jiaxing} {0} {0} {}
E {   46} {tojiangzhou} {qu jiangzhou} {0} {0} {}
E {   94} {toquanzhou} {qu quanzhou} {0} {0} {}

R {   66} {0} {} {客店} { } {} {} {} {} {} {1.000}
E {   67} {w} {w} {8} {0} {}
E {   64} {e} {e} {4} {0} {}

R {   67} {0} {} {北大街} { } {} {} {} {} {} {1.000}
E {   66} {e} {e} {4} {0} {}
E {   68} {s} {s} {2} {0} {}
E {  412} {w} {w} {8} {0} {}
E {  413} {sw} {sw} {10} {0} {}
E {  414} {n} {n} {1} {0} {}

R {   68} {0} {} {沧浪亭} { } {} {} {} {} {} {1.000}
E {   67} {n} {n} {1} {0} {}
E {   69} {sw} {sw} {10} {0} {}
E {  420} {s} {s} {2} {0} {}
E {  434} {se} {se} {6} {0} {}

R {   69} {0} {} {西大街} { } {} {} {} {} {} {1.000}
E {   68} {ne} {ne} {5} {0} {}
E {   70} {w} {w} {8} {0} {}
E {  420} {se} {se} {6} {0} {}
E {  445} {n} {n} {1} {0} {}
E {  446} {s} {s} {2} {0} {}
E {  447} {nw} {nw} {9} {0} {}

R {   70} {0} {} {西大街} { } {} {} {} {} {} {1.000}
E {   69} {e} {e} {4} {0} {}
E {   71} {w} {w} {8} {0} {}
E {  448} {s} {s} {2} {0} {}
E {  449} {n} {n} {1} {0} {}

R {   71} {0} {} {西门} { } {} {} {} {} {} {1.000}
E {   70} {e} {e} {4} {0} {}
E {   72} {w} {w} {8} {0} {}

R {   72} {0} {} {} { } {} {} {} {} {} {1.000}
E {   71} {e} {e} {4} {0} {}
E {   73} {w} {w} {8} {0} {}

R {   73} {0} {} {} { } {} {} {} {} {} {1.000}
E {   72} {e} {e} {4} {0} {}
E {   74} {w} {w} {8} {0} {}

R {   74} {0} {} {} { } {} {} {} {} {} {1.000}
E {   73} {e} {e} {4} {0} {}
E {   75} {s} {s} {2} {0} {}
E {  450} {nw} {nw} {9} {0} {}
E {  455} {w} {w} {8} {0} {}

R {   75} {0} {} {太湖} { } {} {} {} {} {} {1.000}
E {   74} {n} {n} {1} {0} {}
E {   76} {baizhuang} {ask girl about 拜庄;enter boat} {0} {0} {}

R {   76} {0} {} {码头} { } {} {} {} {} {} {1.000}
E {   75} {leave} {enter boat} {0} {0} {}
E {   77} {w} {w} {8} {0} {}

R {   77} {0} {} {} { } {} {} {} {} {} {1.000}
E {   76} {e} {e} {4} {0} {}
E {   78} {n} {n} {1} {0} {}
E {  457} {s} {s} {2} {0} {}
E {  458} {w} {w} {8} {0} {}

R {   78} {0} {} {} { } {} {} {} {} {} {1.000}
E {   77} {s} {s} {2} {0} {}
E {   79} {n} {n} {1} {0} {}

R {   79} {0} {} {} { } {} {} {} {} {} {1.000}
E {   78} {s} {s} {2} {0} {}
E {   80} {n} {n} {1} {0} {}

R {   80} {0} {} {听雨居} { } {} {} {} {} {} {1.000}
E {   79} {s} {s} {2} {0} {}
E {   81} {tanqin} {tan qin} {0} {0} {}

R {   81} {0} {} {小船} { } {} {} {} {} {} {1.000}
E {   82} {tingxiang} {row tingxiang} {0} {0} {}
E {   83} {yanziwu} {row yanziwu} {0} {0} {}
E {   84} {mantuo} {row mantuo} {0} {0} {}
E {   76} {bank} {jump bank} {0} {0} {}

R {   82} {0} {} {} { } {} {} {} {} {} {1.000}

R {   83} {0} {} {} { } {} {} {} {} {} {1.000}
E {   85} {w} {w} {8} {0} {}
E {   90} {boat} {enter boat} {0} {0} {}

R {   84} {0} {} {码头} { } {} {} {} {} {} {1.000}
E {   76} {boat} {enter boat} {0} {0} {}
E {  464} {w} {w} {8} {0} {}

R {   85} {0} {} {} { } {} {} {} {} {} {1.000}
E {   83} {e} {e} {4} {0} {}
E {   86} {n} {n} {1} {0} {}

R {   86} {0} {} {} { } {} {} {} {} {} {1.000}
E {   85} {s} {s} {2} {0} {}
E {   87} {n} {n} {1} {0} {}

R {   87} {0} {} {} { } {} {} {} {} {} {1.000}
E {   86} {s} {s} {2} {0} {}
E {   88} {n} {n} {1} {0} {}

R {   88} {0} {} {} { } {} {} {} {} {} {1.000}
E {   87} {s} {s} {2} {0} {}
E {   89} {n} {n} {1} {0} {}

R {   89} {0} {} {燕子坞} { } {} {} {} {} {} {1.000}
E {   88} {s} {s} {2} {0} {}
E {  490} {n} {n} {1} {0} {}

R {   90} {0} {} {} { } {} {} {} {} {} {1.000}
E {   91} {tingxiang} {row tingxiang} {0} {0} {}
E {   76} {qinyun} {row qinyun} {0} {0} {}

R {   91} {0} {} {} { } {} {} {} {} {} {1.000}

R {   92} {0} {} {} { } {} {} {} {} {} {1.000}

R {   93} {0} {} {} { } {} {} {} {} {} {1.000}
E {   21} {tohangzhou} {qu hangzhou} {0} {0} {}
E {   45} {toyashan} {qu yashan} {0} {0} {}

R {   94} {0} {} {泉州车站} { } {} {} {} {} {} {1.000}
E {   95} {gu} {gu} {0} {0} {}
E {   96} {s} {s} {2} {0} {}

R {   95} {0} {} {} { } {} {} {} {} {} {1.000}
E {   21} {tohangzhou} {qu hangzhou} {0} {0} {}

R {   96} {0} {} {} { } {} {} {} {} {} {1.000}
E {   94} {n} {n} {1} {0} {}
E {   97} {e} {e} {4} {0} {}
E {  130} {s} {s} {2} {0} {}

R {   97} {0} {} {泉州} { } {} {} {} {} {} {1.000}
E {   96} {w} {w} {8} {0} {}
E {  129} {e} {e} {4} {0} {}
E {  131} {n} {n} {1} {0} {}
E {  132} {s} {s} {2} {0} {}

R {   98} {0} {} {} { } {} {} {} {} {} {1.000}
E {    1} {s} {s} {2} {0} {}
E {   99} {n} {n} {1} {0} {}
E {  101} {w} {w} {8} {0} {}
E {  121} {e} {e} {4} {0} {}
E {  124} {se} {se} {6} {0} {}

R {   99} {0} {} {} { } {} {} {} {} {} {1.000}
E {   98} {s} {s} {2} {0} {}
E {  100} {e} {e} {4} {0} {}
E {  127} {w} {w} {8} {0} {}
E {  128} {n} {n} {1} {0} {}

R {  100} {0} {} {醉仙楼} { } {} {} {} {} {} {1.000}
E {   99} {w} {w} {8} {0} {}

R {  101} {0} {} {钱庄} { } {} {} {} {} {} {1.000}
E {   98} {e} {e} {4} {0} {}
E {  126} {s} {s} {2} {0} {}

R {  102} {0} {} {当铺} { } {} {} {} {} {} {1.000}
E {    2} {w} {w} {8} {0} {}
E {  103} {s} {s} {2} {0} {}
E {  105} {e} {e} {4} {0} {}

R {  103} {0} {} {荣宝斋} { } {} {} {} {} {} {1.000}
E {  102} {n} {n} {1} {0} {}
E {  104} {e} {e} {4} {0} {}

R {  104} {0} {} {库房} { } {} {} {} {} {} {1.000}
E {  103} {w} {w} {8} {0} {}

R {  105} {0} {} {库房} { } {} {} {} {} {} {1.000}
E {  102} {w} {w} {8} {0} {}

R {  106} {0} {} {赌场} { } {} {} {} {} {} {1.000}
E {    2} {e} {e} {4} {0} {}

R {  107} {0} {} {东大街} { } {} {} {} {} {} {1.000}
E {    1} {w} {w} {8} {0} {}
E {  109} {e} {e} {4} {0} {}
E {  115} {s} {s} {2} {0} {}
E {  116} {n} {n} {1} {0} {}

R {  108} {0} {} {西大街} { } {} {} {} {} {} {1.000}
E {    1} {e} {e} {4} {0} {}

R {  109} {0} {} {东大街} { } {} {} {} {} {} {1.000}
E {  107} {w} {w} {8} {0} {}
E {  110} {n} {n} {1} {0} {}
E {  112} {s} {s} {2} {0} {}
E {  114} {e} {e} {4} {0} {}

R {  110} {0} {} {药铺} { } {} {} {} {} {} {1.000}
E {  109} {s} {s} {2} {0} {}
E {  111} {n} {n} {1} {0} {}

R {  111} {0} {} {配药房} { } {} {} {} {} {} {1.000}
E {  110} {s} {s} {2} {0} {}

R {  112} {0} {} {打铁铺} { } {} {} {} {} {} {1.000}
E {  109} {n} {n} {1} {0} {}
E {  113} {s} {s} {2} {0} {}

R {  113} {0} {} {打铁铺内室} { } {} {} {} {} {} {1.000}
E {  112} {n} {n} {1} {0} {}

R {  114} {0} {} {东大街} { } {} {} {} {} {} {1.000}
E {  109} {w} {w} {8} {0} {}

R {  115} {0} {} {杂货铺} { } {} {} {} {} {} {1.000}
E {  107} {n} {n} {1} {0} {}

R {  116} {0} {} {书院} { } {} {} {} {} {} {1.000}
E {  107} {s} {s} {2} {0} {}
E {  117} {w} {w} {8} {0} {}
E {  118} {n} {n} {1} {0} {}

R {  117} {0} {} {天月书肆} { } {} {} {} {} {} {1.000}
E {  116} {e} {e} {4} {0} {}

R {  118} {0} {} {敬师堂} { } {} {} {} {} {} {1.000}
E {  116} {s} {s} {2} {0} {}

R {  119} {0} {} {销金窟} { } {} {} {} {} {} {1.000}
E {    1} {up} {up} {0} {0} {}
E {  120} {out} {out} {62} {0} {}

R {  120} {0} {} {发呆室} { } {} {} {} {} {} {1.000}
E {  119} {enter} {enter} {63} {0} {}

R {  121} {0} {} {客店} { } {} {} {} {} {} {1.000}
E {   98} {w} {w} {8} {0} {}
E {  122} {up} {up} {0} {0} {}

R {  122} {0} {} {客店二楼} { } {} {} {} {} {} {1.000}
E {  121} {down} {down} {0} {0} {}
E {  123} {enter} {enter} {63} {0} {}

R {  123} {0} {} {客店二楼} { } {} {} {} {} {} {1.000}
E {  122} {out} {out} {62} {0} {}

R {  124} {0} {} {比武场} { } {} {} {} {} {} {1.000}
E {   98} {nw} {nw} {9} {0} {}
E {  125} {e} {e} {4} {0} {}

R {  125} {0} {} {Vast的炸弹人游戏} { } {} {} {} {} {} {1.000}
E {  124} {w} {w} {8} {0} {}

R {  126} {0} {} {扬州金店} { } {} {} {} {} {} {1.000}
E {  101} {n} {n} {1} {0} {}

R {  127} {0} {} {武庙} { } {} {} {} {} {} {1.000}
E {   99} {e} {e} {4} {0} {}

R {  128} {0} {} {北门} { } {} {} {} {} {} {1.000}
E {   99} {s} {s} {2} {0} {}

R {  129} {0} {} {泉州港} { } {} {} {} {} {} {1.000}
E {   97} {w} {w} {8} {0} {}
E {  133} {n} {n} {1} {0} {}
E {  134} {s} {s} {2} {0} {}
E {  135} {ne} {ne} {5} {0} {}
E {  136} {ed} {ed} {36} {0} {}

R {  130} {0} {} {巨鲸帮总舵} { } {} {} {} {} {} {1.000}
E {   96} {n} {n} {1} {0} {}

R {  131} {0} {} {泉州北门} { } {} {} {} {} {} {1.000}
E {   97} {s} {s} {2} {0} {}
E {  482} {n} {n} {1} {0} {}

R {  132} {0} {} {南门} { } {} {} {} {} {} {1.000}
E {   97} {n} {n} {1} {0} {}

R {  133} {0} {} {泉州当铺} { } {} {} {} {} {} {1.000}
E {  129} {s} {s} {2} {0} {}

R {  134} {0} {} {大帐} { } {} {} {} {} {} {1.000}
E {  129} {n} {n} {1} {0} {}

R {  135} {0} {} {山路} { } {} {} {} {} {} {1.000}
E {  129} {sw} {sw} {10} {0} {}

R {  136} {0} {} {泉州码头} { } {} {} {} {} {} {1.000}
E {  129} {wu} {wu} {24} {0} {}
E {  137} {n} {n} {1} {0} {}
E {  138} {s} {s} {2} {0} {}

R {  137} {0} {} {北码头} { } {} {} {} {} {} {1.000}
E {  136} {s} {s} {2} {0} {}

R {  138} {0} {} {南码头} { } {} {} {} {} {} {1.000}
E {  136} {n} {n} {1} {0} {}

R {  139} {0} {} {长江岸边} { } {} {} {} {} {} {1.000}
E {   10} {e} {e} {4} {0} {}
E {  141} {w} {w} {8} {0} {}

R {  140} {0} {} {长江渡口} { } {} {} {} {} {} {1.000}
E {   10} {w} {w} {8} {0} {}

R {  141} {0} {} {长江岸边} { } {} {} {} {} {} {1.000}
E {  139} {e} {e} {4} {0} {}
E {  142} {w} {w} {8} {0} {}

R {  142} {0} {} {长江岸边} { } {} {} {} {} {} {1.000}
E {  141} {e} {e} {4} {0} {}
E {  143} {nw} {nw} {9} {0} {}

R {  143} {0} {} {长江岸边} { } {} {} {} {} {} {1.000}
E {  142} {se} {se} {6} {0} {}
E {  144} {w} {w} {8} {0} {}

R {  144} {0} {} {燕子矶} { } {} {} {} {} {} {1.000}
E {  143} {e} {e} {4} {0} {}
E {  145} {w} {w} {8} {0} {}

R {  145} {0} {} {长江渡口} { } {} {} {} {} {} {1.000}
E {  144} {e} {e} {4} {0} {}
E {  146} {w} {w} {8} {0} {}

R {  146} {0} {} {采石矶} { } {} {} {} {} {} {1.000}
E {  145} {e} {e} {4} {0} {}
E {  147} {w} {w} {8} {0} {}

R {  147} {0} {} {长江岸边} { } {} {} {} {} {} {1.000}
E {  146} {e} {e} {4} {0} {}
E {  148} {sw} {sw} {10} {0} {}

R {  148} {0} {} {长江岸边} { } {} {} {} {} {} {1.000}
E {  147} {ne} {ne} {5} {0} {}
E {  149} {sw} {sw} {10} {0} {}

R {  149} {0} {} {长江岸边} { } {} {} {} {} {} {1.000}
E {  148} {ne} {ne} {5} {0} {}
E {  150} {sw} {sw} {10} {0} {}

R {  150} {0} {} {长江岸边} { } {} {} {} {} {} {1.000}
E {  149} {ne} {ne} {5} {0} {}
E {  151} {w} {w} {8} {0} {}

R {  151} {0} {} {长江岸边} { } {} {} {} {} {} {1.000}
E {  150} {e} {e} {4} {0} {}
E {  152} {nw} {nw} {9} {0} {}

R {  152} {0} {} {长江岸边} { } {} {} {} {} {} {1.000}
E {  151} {se} {se} {6} {0} {}
E {  153} {nw} {nw} {9} {0} {}

R {  153} {0} {} {长江渡口} { } {} {} {} {} {} {1.000}
E {  152} {se} {se} {6} {0} {}
E {  154} {nw} {nw} {9} {0} {}

R {  154} {0} {} {长江岸边} { } {} {} {} {} {} {1.000}
E {  153} {se} {se} {6} {0} {}
E {  155} {w} {w} {8} {0} {}

R {  155} {0} {} {长江岸边} { } {} {} {} {} {} {1.000}
E {  154} {e} {e} {4} {0} {}
E {  156} {w} {w} {8} {0} {}

R {  156} {0} {} {长江岸边} { } {} {} {} {} {} {1.000}
E {  155} {e} {e} {4} {0} {}
E {  157} {sw} {sw} {10} {0} {}

R {  157} {0} {} {长江岸边} { } {} {} {} {} {} {1.000}
E {  156} {ne} {ne} {5} {0} {}
E {  158} {sw} {sw} {10} {0} {}

R {  158} {0} {} {长江岸边} { } {} {} {} {} {} {1.000}
E {  157} {ne} {ne} {5} {0} {}
E {  159} {sw} {sw} {10} {0} {}

R {  159} {0} {} {长江岸边} { } {} {} {} {} {} {1.000}
E {  158} {ne} {ne} {5} {0} {}
E {  160} {sw} {sw} {10} {0} {}

R {  160} {0} {} {长江岸边} { } {} {} {} {} {} {1.000}
E {  159} {ne} {ne} {5} {0} {}
E {  161} {w} {w} {8} {0} {}
E {  166} {s} {s} {2} {0} {}

R {  161} {0} {} {长江岸边} { } {} {} {} {} {} {1.000}
E {  160} {e} {e} {4} {0} {}
E {  162} {w} {w} {8} {0} {}

R {  162} {0} {} {陵矶} { } {} {} {} {} {} {1.000}
E {  161} {e} {e} {4} {0} {}
E {  163} {w} {w} {8} {0} {}

R {  163} {0} {} {长江渡口} { } {} {} {} {} {} {1.000}
E {  162} {e} {e} {4} {0} {}
E {  164} {w} {w} {8} {0} {}

R {  164} {0} {} {长江岸边} { } {} {} {} {} {} {1.000}
E {  163} {e} {e} {4} {0} {}
E {  165} {nw} {nw} {9} {0} {}

R {  165} {0} {} {长江岸边} { } {} {} {} {} {} {1.000}
E {  164} {se} {se} {6} {0} {}

R {  166} {0} {} {北门} { } {} {} {} {} {} {1.000}
E {  160} {n} {n} {1} {0} {}
E {  167} {s} {s} {2} {0} {}

R {  167} {0} {} {北大街} { } {} {} {} {} {} {1.000}
E {  166} {n} {n} {1} {0} {}
E {  168} {e} {e} {4} {0} {}
E {  169} {s} {s} {2} {0} {}

R {  168} {0} {} {岳阳车站} { } {} {} {} {} {} {1.000}
E {  167} {w} {w} {8} {0} {}
E {  170} {gu} {gu} {0} {0} {}

R {  169} {0} {} {岳阳} { } {} {} {} {} {} {1.000}
E {  167} {n} {n} {1} {0} {}
E {  264} {w} {w} {8} {0} {}
E {  388} {s} {s} {2} {0} {}
E {  393} {e} {e} {4} {0} {}

R {  170} {0} {} {} { } {} {} {} {} {} {1.000}
E {   21} {tohangzhou} {qu hangzhou} {0} {0} {}

R {  171} {0} {} {下瓦子} { } {} {} {} {} {} {1.000}
E {   26} {n} {n} {1} {0} {}
E {  172} {enter} {enter} {63} {0} {}
E {  177} {out} {out} {62} {0} {}

R {  172} {0} {} {下瓦子} { } {下瓦子是临安城最热闹的所在，有集市，商铺，茶馆和妓院。} {临安府} {} {} {{Yang xiaojing}{阳晓景}} {1.000}
E {  171} {out} {out} {62} {0} {}
E {  173} {s} {s} {2} {0} {}
E {  175} {se} {se} {6} {0} {}
E {  176} {sw} {sw} {10} {0} {}
E {  664} {w} {w} {8} {0} {}
E {  665} {e} {e} {4} {0} {}

R {  173} {0} {} {江南钱庄} { } {这是临安府最大的钱庄，每天存钱的，取钱的客人络绎不绝。} {临安府} {} {} {{Jin qier}{金乞儿}} {1.000}
E {  172} {n} {n} {1} {0} {}
E {  174} {s} {s} {2} {0} {}

R {  174} {0} {} {江南钱庄} { } {这是临安府最大的钱庄，每天存钱的，取钱的客人络绎不绝。} {临安府} {} {} {{Jin qier}{金乞儿}} {1.000}
E {  173} {n} {n} {1} {0} {}

R {  175} {0} {} {杂货铺} { } {这里是一间杂货铺，卖些百姓需要的日常生活用品。} {临安府} {} {} {} {1.000}
E {  172} {nw} {nw} {9} {0} {}

R {  176} {0} {} {中和楼} { } {这是临安府首屈一指的酒楼，荟集了江南一流名厨，以经营正宗杭菜而闻名，此间选料精细，烹调方法独具一格，色、香、味、营养俱佳，除了经营传统临安府名菜，还持续创新，不断推出新的菜色。} {临安府} {} {} {{Xiao er}{店小二}} {1.000}
E {  172} {ne} {ne} {5} {0} {}
E {  275} {w} {w} {8} {0} {}
E {  666} {up} {up} {0} {0} {}

R {  177} {0} {} {下瓦子} { } {} {} {} {} {} {1.000}
E {  171} {enter} {enter} {63} {0} {}

R {  178} {0} {} {西大街} { } {这是一条宽阔的青石板街道，向东西两头延伸。南边是荣宝斋，北面新开了一家店铺，西面就是钱塘门通往西湖了。} {临安府} {} {} {} {1.000}
E {   24} {e} {e} {4} {0} {}
E {  179} {w} {w} {8} {0} {}
E {  552} {s} {s} {2} {0} {}
E {  553} {n} {n} {1} {0} {}

R {  179} {0} {} {钱塘门} { } {这里是钱塘门，西面就是名满天下的西湖了。} {临安府} {} {} {{Guan bing}{二位大宋官兵}{Jin hua}{二十只金花}{Shou jiang}{西门守将}} {1.000}
E {  178} {e} {e} {4} {0} {}
E {  180} {w} {w} {8} {0} {}

R {  180} {0} {} {段家桥} { } {这里是段家桥，西南面一条小路，沿路可以眺望西湖美景，北面一座宝塔耸立着，东门通往钱塘门。} {临安府西湖} {} {} {} {1.000}
E {  179} {e} {e} {4} {0} {}
E {  181} {s} {s} {2} {0} {}
E {  387} {n} {n} {1} {0} {}
E {  671} {sw} {sw} {10} {0} {}

R {  181} {0} {} {断桥残雪} { } {断桥，今位于白堤东端。在西湖古今诸多大小桥梁中，她的名气最大。据说，早在唐朝，断桥就已建成，时人张祜《题杭州孤山寺》诗中就有“断桥”一词。明人汪珂玉《西子湖拾翠余谈》有一段评说西湖胜景的妙语：“西湖之胜，晴湖不如雨湖，雨湖不如月湖，月湖不如雪湖。。。。。。能真正领山水之绝者，尘世有几人哉！”地处江南的杭州，每年雪期短促，大雪天更是罕见。一旦银妆素裹，便会营造出与常时，常景迥然不同的雪湖胜况。　} {临安府西湖} {} {} {} {1.000}
E {  180} {n} {n} {1} {0} {}
E {  182} {sw} {sw} {10} {0} {}
E {  679} {s} {s} {2} {0} {}

R {  182} {0} {} {白堤} { } {白堤通往孤山，两岸景色美不胜收。　} {临安府西湖} {} {} {{You ren}{游人}} {1.000}
E {  181} {ne} {ne} {5} {0} {}
E {  183} {sw} {sw} {10} {0} {}
E {  680} {n} {n} {1} {0} {}
E {  681} {s} {s} {2} {0} {}

R {  183} {0} {} {平湖秋月} { } {平湖秋月景区位于白堤西端， 孤山南麓，濒临外西湖。其实，作为西湖十景之一， 南宋时平湖秋月并无固定景址，这从当时以及元，明两朝文人赋咏此景的诗词多从泛归舟夜湖，舟中赏月的角度抒写不难看出，如南宋孙锐诗中有“月冷寒泉凝不流， 棹歌何处泛舟”之句； 明洪瞻祖在诗中写道：“秋舸人登绝浪皱，仙山楼阁镜中尘。“留传千古的明万历年间的西湖十景木刻版画中，《平湖秋月》一图也仍以游客在湖船中举头望月为画面主体。    这里建起了一大片宅子，气势恢宏，正是广寒宫的产业。    广寒宫的店铺也开在这里，你可以进店(shop)逛逛。} {临安府西湖} {} {} {} {1.000}
E {  182} {ne} {ne} {5} {0} {}
E {  184} {sw} {sw} {10} {0} {}
E {  682} {n} {n} {1} {0} {}
E {  683} {s} {s} {2} {0} {}
E {  703} {shop} {shop} {0} {0} {}

R {  184} {0} {} {孤山} { } {这里是孤山，向南眺望可以欣赏到西湖的全景，西北由西泠桥连接孤山路，西南角有一处大宅。} {临安府西湖} {} {} {} {1.000}
E {  183} {ne} {ne} {5} {0} {}
E {  185} {sw} {sw} {10} {0} {}
E {  256} {nw} {nw} {9} {0} {}
E {  684} {s} {s} {2} {0} {}
E {  685} {n} {n} {1} {0} {}

R {  185} {0} {} {孤山梅庄} { } {这里是一座朱门白墙的大庄院。大门(gate)外写着                 梅      庄                               两个大字，旁边署着“虞允文题”四字。虞允文是南宋破金的大功臣，这几个字儒雅之中透着勃勃英气。} {临安府西湖} {} {} {} {1.000}
E {  184} {ne} {ne} {5} {0} {}

R {  186} {0} {} {建康府车站} { } {} {} {} {} {} {1.000}
E {  187} {gu} {gu} {0} {0} {}
E {  188} {out} {out} {62} {0} {}

R {  187} {0} {} {} { } {} {} {} {} {} {1.000}
E {   21} {tohangzhou} {qu hangzhou} {0} {0} {}

R {  188} {0} {} {玄武湖畔} { } {} {} {} {} {} {1.000}
E {  186} {enter} {enter} {63} {0} {}
E {  189} {w} {w} {8} {0} {}

R {  189} {0} {} {城北官道} { } {} {} {} {} {} {1.000}
E {  188} {e} {e} {4} {0} {}
E {  190} {sd} {sd} {34} {0} {}

R {  190} {0} {} {城北官道} { } {} {} {} {} {} {1.000}
E {  189} {nu} {nu} {17} {0} {}
E {  191} {s} {s} {2} {0} {}
E {  599} {w} {w} {8} {0} {}

R {  191} {0} {} {神策门} { } {} {} {} {} {} {1.000}
E {  190} {n} {n} {1} {0} {}
E {  192} {s} {s} {2} {0} {}

R {  192} {0} {} {北城} { } {} {} {} {} {} {1.000}
E {  191} {n} {n} {1} {0} {}
E {  193} {se} {se} {6} {0} {}
E {  598} {nw} {nw} {9} {0} {}

R {  193} {0} {} {鼓楼} { } {} {} {} {} {} {1.000}
E {  192} {nw} {nw} {9} {0} {}
E {  194} {s} {s} {2} {0} {}

R {  194} {0} {} {北门桥} { } {} {} {} {} {} {1.000}
E {  193} {n} {n} {1} {0} {}
E {  195} {s} {s} {2} {0} {}

R {  195} {0} {} {北广场} { } {} {} {} {} {} {1.000}
E {  194} {n} {n} {1} {0} {}
E {  196} {s} {s} {2} {0} {}

R {  196} {0} {} {建康府} { } {} {} {} {} {} {1.000}
E {  195} {n} {n} {1} {0} {}
E {  357} {s} {s} {2} {0} {}
E {  516} {w} {w} {8} {0} {}
E {  520} {e} {e} {4} {0} {}

R {  197} {0} {} {归云庄车站} { } {} {} {} {} {} {1.000}
E {  198} {gu} {gu} {0} {0} {}
E {  199} {n} {n} {1} {0} {}

R {  198} {0} {} {} { } {} {} {} {} {} {1.000}
E {   21} {tohangzhou} {qu hangzhou} {0} {0} {}

R {  199} {0} {} {太湖桥} { } {} {} {} {} {} {1.000}
E {  197} {s} {s} {2} {0} {}
E {  200} {w} {w} {8} {0} {}
E {  201} {n} {n} {1} {0} {}
E {  202} {e} {e} {4} {0} {}

R {  200} {0} {} {太湖桥} { } {} {} {} {} {} {1.000}
E {  199} {e} {e} {4} {0} {}
E {  204} {n} {n} {1} {0} {}
E {  205} {s} {s} {2} {0} {}
E {  206} {w} {w} {8} {0} {}

R {  201} {0} {} {太湖阁} { } {} {} {} {} {} {1.000}
E {  199} {s} {s} {2} {0} {}

R {  202} {0} {} {大石桥} { } {} {} {} {} {} {1.000}
E {  199} {w} {w} {8} {0} {}
E {  203} {e} {e} {4} {0} {}

R {  203} {0} {} {归云庄大门} { } {} {} {} {} {} {1.000}
E {  202} {w} {w} {8} {0} {}
E {  218} {enter} {enter} {63} {0} {}

R {  204} {0} {} {太湖码头} { } {} {} {} {} {} {1.000}
E {  200} {s} {s} {2} {0} {}

R {  205} {0} {} {太湖桥} { } {} {} {} {} {} {1.000}
E {  200} {n} {n} {1} {0} {}

R {  206} {0} {} {太湖边} { } {} {} {} {} {} {1.000}
E {  200} {e} {e} {4} {0} {}
E {  207} {s} {s} {2} {0} {}
E {  208} {w} {w} {8} {0} {}
E {  213} {nu} {nu} {17} {0} {}

R {  207} {0} {} {树林} { } {} {} {} {} {} {1.000}
E {  206} {n} {n} {1} {0} {}

R {  208} {0} {} {太湖街} { } {} {} {} {} {} {1.000}
E {  206} {e} {e} {4} {0} {}
E {  209} {w} {w} {8} {0} {}

R {  209} {0} {} {太湖街} { } {} {} {} {} {} {1.000}
E {  208} {e} {e} {4} {0} {}
E {  210} {w} {w} {8} {0} {}

R {  210} {0} {} {太湖街} { } {} {} {} {} {} {1.000}
E {  209} {e} {e} {4} {0} {}
E {  211} {w} {w} {8} {0} {}

R {  211} {0} {} {太湖街} { } {} {} {} {} {} {1.000}
E {  210} {e} {e} {4} {0} {}
E {  212} {w} {w} {8} {0} {}

R {  212} {0} {} {草地} { } {} {} {} {} {} {1.000}
E {  211} {e} {e} {4} {0} {}

R {  213} {0} {} {黑风山脚} { } {} {} {} {} {} {1.000}
E {  206} {sd} {sd} {34} {0} {}
E {  214} {nu} {nu} {17} {0} {}

R {  214} {0} {} {山路} { } {} {} {} {} {} {1.000}
E {  213} {sd} {sd} {34} {0} {}
E {  215} {nu} {nu} {17} {0} {}

R {  215} {0} {} {山路} { } {} {} {} {} {} {1.000}
E {  214} {sd} {sd} {34} {0} {}
E {  216} {w} {w} {8} {0} {}
E {  217} {n} {n} {1} {0} {}

R {  216} {0} {} {蛇窟} { } {} {} {} {} {} {1.000}
E {  215} {e} {e} {4} {0} {}

R {  217} {0} {} {黑风山洞} { } {} {} {} {} {} {1.000}
E {  215} {s} {s} {2} {0} {}

R {  218} {0} {} {石阶} { } {} {} {} {} {} {1.000}
E {  203} {out} {out} {62} {0} {}
E {  219} {nu} {nu} {17} {0} {}

R {  219} {0} {} {石阶} { } {} {} {} {} {} {1.000}
E {  218} {sd} {sd} {34} {0} {}
E {  220} {nu} {nu} {17} {0} {}

R {  220} {0} {} {归云亭} { } {} {} {} {} {} {1.000}
E {  219} {sd} {sd} {34} {0} {}
E {  221} {e} {e} {4} {0} {}

R {  221} {0} {} {走廊} { } {} {} {} {} {} {1.000}
E {  220} {w} {w} {8} {0} {}
E {  222} {e} {e} {4} {0} {}

R {  222} {0} {} {大厅} { } {} {} {} {} {} {1.000}
E {  221} {w} {w} {8} {0} {}
E {  223} {e} {e} {4} {0} {}
E {  405} {n} {n} {1} {0} {}
E {  514} {s} {s} {2} {0} {}

R {  223} {0} {} {走廊} { } {} {} {} {} {} {1.000}
E {  222} {w} {w} {8} {0} {}
E {  224} {e} {e} {4} {0} {}

R {  224} {0} {} {归云馆} { } {} {} {} {} {} {1.000}
E {  223} {w} {w} {8} {0} {}
E {  512} {e} {e} {4} {0} {}

R {  225} {0} {} {青石官道} { } {} {} {} {} {} {1.000}
E {   60} {w} {w} {8} {0} {}
E {  226} {e} {e} {4} {0} {}

R {  226} {0} {} {青石官道} { } {} {} {} {} {} {1.000}
E {  225} {w} {w} {8} {0} {}
E {  227} {ne} {ne} {5} {0} {}

R {  227} {0} {} {青石官道} { } {} {} {} {} {} {1.000}
E {  226} {sw} {sw} {10} {0} {}

R {  228} {0} {} {浔阳楼} { } {} {} {} {} {} {1.000}
E {   60} {sw} {sw} {10} {0} {}
E {  229} {n} {n} {1} {0} {}
E {  230} {e} {e} {4} {0} {}
E {  591} {up} {up} {0} {0} {}

R {  229} {0} {} {长江岸边} { } {} {} {} {} {} {1.000}
E {  228} {s} {s} {2} {0} {}

R {  230} {0} {} {土路} { } {} {} {} {} {} {1.000}
E {  228} {w} {w} {8} {0} {}
E {  231} {ne} {ne} {5} {0} {}

R {  231} {0} {} {锁江楼} { } {} {} {} {} {} {1.000}
E {  230} {sw} {sw} {10} {0} {}

R {  232} {0} {} {嘉兴南门} { } {} {} {} {} {} {1.000}
E {   31} {e} {e} {4} {0} {}
E {  233} {n} {n} {1} {0} {}
E {  619} {sw} {sw} {10} {0} {}
E {  628} {s} {s} {2} {0} {}

R {  233} {0} {} {嘉兴} { } {} {} {} {} {} {1.000}
E {  232} {s} {s} {2} {0} {}
E {  234} {w} {w} {8} {0} {}
E {   32} {e} {e} {4} {0} {}
E {  432} {n} {n} {1} {0} {}

R {  234} {0} {} {山路} { } {} {} {} {} {} {1.000}
E {  233} {e} {e} {4} {0} {}
E {  235} {nu} {nu} {17} {0} {}

R {  235} {0} {} {山路} { } {} {} {} {} {} {1.000}
E {  234} {sd} {sd} {34} {0} {}
E {  236} {nw} {nw} {9} {0} {}

R {  236} {0} {} {太湖边} { } {} {} {} {} {} {1.000}
E {  235} {se} {se} {6} {0} {}
E {  237} {nw} {nw} {9} {0} {}

R {  237} {0} {} {太湖边} { } {} {} {} {} {} {1.000}
E {  236} {se} {se} {6} {0} {}
E {  238} {n} {n} {1} {0} {}

R {  238} {0} {} {江南小道} { } {} {} {} {} {} {1.000}
E {  237} {s} {s} {2} {0} {}
E {  239} {nw} {nw} {9} {0} {}

R {  239} {0} {} {江南小道} { } {} {} {} {} {} {1.000}
E {  238} {se} {se} {6} {0} {}

R {  240} {0} {} {嘉兴钱庄} { } {} {} {} {} {} {1.000}
E {   32} {s} {s} {2} {0} {}

R {  241} {0} {} {烟雨楼} { } {} {} {} {} {} {1.000}
E {  339} {n} {n} {1} {0} {}

R {  242} {0} {} {嘉兴马车} { } {} {} {} {} {} {1.000}
E {   21} {tohangzhou} {qu hangzhou} {0} {0} {}
E {   64} {tosuzhou} {qu suzhou} {0} {0} {}

R {  243} {0} {} {福州车站} { } {} {} {} {} {} {1.000}
E {  244} {gu} {gu} {0} {0} {}
E {  245} {e} {e} {4} {0} {}

R {  244} {0} {} {} { } {} {} {} {} {} {1.000}
E {   21} {tohangzhou} {qu hangzhou} {0} {0} {}

R {  245} {0} {} {莆田} { } {} {} {} {} {} {1.000}
E {  243} {w} {w} {8} {0} {}
E {  246} {n} {n} {1} {0} {}

R {  246} {0} {} {北门} { } {} {} {} {} {} {1.000}
E {  245} {s} {s} {2} {0} {}
E {  247} {ne} {ne} {5} {0} {}

R {  247} {0} {} {小路} { } {} {} {} {} {} {1.000}
E {  246} {sw} {sw} {10} {0} {}
E {  248} {ne} {ne} {5} {0} {}

R {  248} {0} {} {小路} { } {} {} {} {} {} {1.000}
E {  247} {sw} {sw} {10} {0} {}
E {  249} {e} {e} {4} {0} {}

R {  249} {0} {} {西门} { } {} {} {} {} {} {1.000}
E {  248} {w} {w} {8} {0} {}
E {  250} {e} {e} {4} {0} {}

R {  250} {0} {} {西大街} { } {} {} {} {} {} {1.000}
E {  249} {w} {w} {8} {0} {}
E {  251} {e} {e} {4} {0} {}
E {  400} {n} {n} {1} {0} {}

R {  251} {0} {} {福州} { } {} {} {} {} {} {1.000}
E {  250} {w} {w} {8} {0} {}
E {  252} {e} {e} {4} {0} {}
E {  600} {s} {s} {2} {0} {}

R {  252} {0} {} {东大街} { } {} {} {} {} {} {1.000}
E {  251} {w} {w} {8} {0} {}
E {  253} {n} {n} {1} {0} {}
E {  255} {e} {e} {4} {0} {}

R {  253} {0} {} {福威镖局} { } {} {} {} {} {} {1.000}
E {  252} {s} {s} {2} {0} {}
E {  254} {n} {n} {1} {0} {}

R {  254} {0} {} {林震南} { } {} {} {} {} {} {1.000}
E {  253} {s} {s} {2} {0} {}

R {  255} {0} {} {福州港} { } {} {} {} {} {} {1.000}
E {  252} {w} {w} {8} {0} {}

R {  256} {0} {} {西泠桥} { } {这里是连接孤山路到孤山的西泠桥。} {临安府西湖} {} {} {} {1.000}
E {  184} {se} {se} {6} {0} {}
E {  686} {e} {e} {4} {0} {}
E {  672} {n} {n} {1} {0} {}

R {  257} {1} {} {曲院风荷} { } {} {} {} {} {} {1.000}
E {  259} {e} {e} {4} {0} {}

R {  258} {0} {} {跨虹桥} { } {这里是跨虹桥，东南面是西湖的风光，一条苏公堤连通西湖南北两岸。} {临安府西湖} {} {} {} {1.000}
E {  259} {s} {s} {2} {0} {}
E {  672} {e} {e} {4} {0} {}

R {  259} {0} {} {苏公堤} { } {这里是苏公堤，可以尽览两岸的西湖风光。} {临安府西湖} {} {} {{You ren}{游人}} {1.000}
E {  258} {n} {n} {1} {0} {}
E {  260} {se} {se} {6} {0} {}
E {  257} {w} {w} {8} {0} {}
E {  690} {e} {e} {4} {1} {{ban}{1}}

R {  260} {0} {} {苏公堤} { } {这里是苏公堤，可以尽览两岸的西湖风光。} {临安府西湖} {} {} {{Pink cloth}{粉红绸衫}} {1.000}
E {  259} {nw} {nw} {9} {0} {}
E {  261} {s} {s} {2} {0} {}
E {  262} {e} {e} {4} {0} {}
E {  691} {w} {w} {8} {0} {}

R {  261} {0} {} {苏公堤} { } {这里是苏公堤，可以尽览两岸的西湖风光。东南方向过了净慈报恩寺就快回到临安府了。} {临安府西湖} {} {} {} {1.000}
E {  260} {n} {n} {1} {0} {}
E {  673} {se} {se} {6} {0} {}
E {  693} {w} {w} {8} {0} {}
E {  694} {e} {e} {4} {0} {}

R {  262} {0} {} {西湖岸边} { } {这里是西湖的一个小码头，岸边停靠着一只小船(boat)，从这里坐船可以到湖中心的小岛，据说这里就属于红花会的领地了。凡事都要小心呀。} {临安府西湖} {} {} {} {1.000}
E {  260} {w} {w} {8} {0} {}
E {  692} {e} {e} {4} {0} {}
E {  380} {enterboat} {enter boat} {0} {0} {}

R {  263} {0} {} {盛昌总行} { } {} {} {} {} {} {1.000}
E {    4} {e} {e} {4} {0} {}

R {  264} {0} {} {西大街} { } {} {} {} {} {} {1.000}
E {  169} {e} {e} {4} {0} {}
E {  265} {w} {w} {8} {0} {}

R {  265} {0} {} {西门} { } {} {} {} {} {} {1.000}
E {  264} {e} {e} {4} {0} {}
E {  266} {w} {w} {8} {0} {}

R {  266} {0} {} {岳阳楼} { } {} {} {} {} {} {1.000}
E {  265} {e} {e} {4} {0} {}
E {  267} {s} {s} {2} {0} {}

R {  267} {0} {} {洞庭湖} { } {} {} {} {} {} {1.000}
E {  266} {n} {n} {1} {0} {}
E {  268} {su} {su} {18} {0} {}

R {  268} {0} {} {山路} { } {} {} {} {} {} {1.000}
E {  267} {nd} {nd} {33} {0} {}
E {  269} {sw} {sw} {10} {0} {}

R {  269} {0} {} {桃源驿站} { } {} {} {} {} {} {1.000}
E {  268} {ne} {ne} {5} {0} {}
E {  270} {e} {e} {4} {0} {}
E {  354} {sw} {sw} {10} {0} {}

R {  270} {0} {} {桃源驿路} { } {} {} {} {} {} {1.000}
E {  269} {w} {w} {8} {0} {}
E {  271} {ne} {ne} {5} {0} {}
E {  273} {sw} {sw} {10} {0} {}

R {  271} {0} {} {桃源县境} { } {} {} {} {} {} {1.000}
E {  270} {sw} {sw} {10} {0} {}
E {  272} {ne} {ne} {5} {0} {}

R {  272} {0} {} {瀑布} { } {} {} {} {} {} {1.000}
E {  271} {sw} {sw} {10} {0} {}
E {  356} {climb} {climb;#cr} {0} {0} {}

R {  273} {0} {} {桃源驿路} { } {} {} {} {} {} {1.000}
E {  270} {ne} {ne} {5} {0} {}
E {  274} {s} {s} {2} {0} {}

R {  274} {4} {} {黑沼} { } {} {} {} {} {} {1.000}
E {  273} {out} {s;e;n;w;s;s;w;out} {62} {0} {}

R {  275} {0} {} {八字桥} { } {这里是八字桥，横跨小河，御街继续向南延伸。西面是临安府治所。} {临安府} {} {} {{Kan ke}{看客}{Maiyi ren}{二位卖艺人}} {1.000}
E {   24} {nw} {nw} {9} {0} {}
E {  276} {s} {s} {2} {0} {}
E {  554} {w} {w} {8} {0} {}
E {  176} {e} {e} {4} {0} {}

R {  276} {0} {} {御街} { } {这是一条宽阔的青石板街道，向南北两头延伸。西面通往清波门，东面是雄武营的驻地。} {临安府} {} {} {} {1.000}
E {  275} {n} {n} {1} {0} {}
E {  277} {s} {s} {2} {0} {}
E {  556} {w} {w} {8} {0} {}
E {  557} {e} {e} {4} {0} {}

R {  277} {0} {} {御街} { } {这是一条宽阔的青石板街道，向南北两头延伸。} {临安府} {} {} {{Guan chai}{官差}} {1.000}
E {  276} {n} {n} {1} {0} {}
E {  278} {s} {s} {2} {0} {}
E {  558} {e} {e} {4} {0} {}
E {  559} {w} {w} {8} {0} {}

R {  278} {0} {} {和宁门} { } {这里是皇城大内的北门，也是御街的起点。附近一大片建筑正是大宋中枢所在。} {临安府} {} {} {{Jinjun zhanshi}{二位禁军战士}} {1.000}
E {  277} {n} {n} {1} {0} {}
E {  279} {w} {w} {8} {0} {}
E {  709} {e} {e} {4} {0} {}

R {  279} {0} {} {西北宫墙} { } {这里是皇城大内宫墙，东面是大内的城门，西南面是凤凰山麓，玉牒所宗正寺就在不远处。} {临安府} {} {} {{Jinjun zhanshi}{二位禁军战士}} {1.000}
E {  278} {e} {e} {4} {0} {}
E {  280} {s} {s} {2} {0} {}
E {  711} {sw} {sw} {10} {0} {}

R {  280} {0} {} {西南宫墙} { } {这里是皇城大内宫墙，东面是大内的城门。} {临安府} {} {} {} {1.000}
E {  279} {n} {n} {1} {0} {}
E {  281} {e} {e} {4} {0} {}
E {  711} {nw} {nw} {9} {0} {}

R {  281} {0} {} {丽正门} { } {这里是皇城大内的南门，再往南就出城了。} {临安府} {} {} {{Jinjun zhanshi}{二位禁军战士}} {1.000}
E {  280} {w} {w} {8} {0} {}
E {  282} {s} {s} {2} {0} {}
E {  710} {e} {e} {4} {0} {}

R {  282} {0} {} {嘉会门} { } {} {} {} {} {} {1.000}
E {  281} {n} {n} {1} {0} {}
E {  283} {w} {w} {8} {0} {}

R {  283} {0} {} {提督府正门} { } {} {} {} {} {} {1.000}
E {  282} {e} {e} {4} {0} {}

R {  284} {0} {} {} { } {} {} {} {} {} {1.000}
E {  285} {tolingzhou} {qu lingzhou} {0} {0} {}

R {  285} {0} {} {灵州车站} { } {} {} {} {} {} {1.000}
E {  286} {gu} {gu} {0} {0} {}
E {  287} {e} {e} {4} {0} {}

R {  286} {0} {} {} { } {} {} {} {} {} {1.000}
E {   11} {toyangzhou} {qu yangzhou} {0} {0} {}

R {  287} {0} {} {酒馆} { } {} {} {} {} {} {1.000}
E {  285} {w} {w} {8} {0} {}
E {  288} {e} {e} {4} {0} {}

R {  288} {0} {} {南大街} { } {} {} {} {} {} {1.000}
E {  287} {w} {w} {8} {0} {}
E {  289} {n} {n} {1} {0} {}

R {  289} {0} {} {灵州} { } {} {} {} {} {} {1.000}
E {  288} {s} {s} {2} {0} {}
E {  290} {e} {e} {4} {0} {}
E {  292} {w} {w} {8} {0} {}

R {  290} {0} {} {东大街} { } {} {} {} {} {} {1.000}
E {  289} {w} {w} {8} {0} {}
E {  291} {e} {e} {4} {0} {}

R {  291} {0} {} {灵州东门} { } {} {} {} {} {} {1.000}
E {  290} {w} {w} {8} {0} {}

R {  292} {0} {} {西大街} { } {} {} {} {} {} {1.000}
E {  289} {e} {e} {4} {0} {}
E {  293} {w} {w} {8} {0} {}

R {  293} {0} {} {骠骑营} { } {} {} {} {} {} {1.000}
E {  292} {e} {e} {4} {0} {}
E {  294} {nw} {nw} {9} {0} {}

R {  294} {0} {} {土路} { } {} {} {} {} {} {1.000}
E {  293} {se} {se} {6} {0} {}
E {  295} {nw} {nw} {9} {0} {}

R {  295} {0} {} {黄河古渡} { } {} {} {} {} {} {1.000}
E {  294} {se} {se} {6} {0} {}
E {  296} {sw} {sw} {10} {0} {}

R {  296} {0} {} {黄河南岸} { } {} {} {} {} {} {1.000}
E {  295} {ne} {ne} {5} {0} {}
E {  297} {sw} {sw} {10} {0} {}

R {  297} {0} {} {黄河南岸} { } {} {} {} {} {} {1.000}
E {  296} {ne} {ne} {5} {0} {}
E {  298} {sw} {sw} {10} {0} {}

R {  298} {0} {} {黄河渡口} { } {} {} {} {} {} {1.000}
E {  297} {ne} {ne} {5} {0} {}
E {  299} {sw} {sw} {10} {0} {}

R {  299} {0} {} {黄河南岸} { } {} {} {} {} {} {1.000}
E {  298} {ne} {ne} {5} {0} {}
E {  300} {sw} {sw} {10} {0} {}

R {  300} {0} {} {黄河渡口} { } {} {} {} {} {} {1.000}
E {  299} {ne} {ne} {5} {0} {}
E {  301} {yellboat} {yell boat;enter} {0} {0} {}
E {  303} {sw} {sw} {10} {0} {}

R {  301} {0} {} {黄河免费船} { } {} {} {} {} {} {1.000}
E {  302} {beishang} {out} {0} {0} {}
E {  300} {nanxia} {out} {0} {0} {}

R {  302} {0} {} {黄河渡口} { } {} {} {} {} {} {1.000}
E {  301} {yellboat} {yell boat;enter} {0} {0} {}
E {  304} {sw} {sw} {10} {0} {}
E {  306} {ne} {ne} {5} {0} {}

R {  303} {0} {} {黄河南岸} { } {} {} {} {} {} {1.000}
E {  300} {ne} {ne} {5} {0} {}

R {  304} {0} {} {黄河北岸} { } {} {} {} {} {} {1.000}
E {  302} {ne} {ne} {5} {0} {}
E {  305} {w} {w} {8} {0} {}

R {  305} {0} {} {黄河北岸} { } {} {} {} {} {} {1.000}
E {  304} {e} {e} {4} {0} {}

R {  306} {0} {} {黄河北岸} { } {} {} {} {} {} {1.000}
E {  302} {sw} {sw} {10} {0} {}
E {  307} {w} {w} {8} {0} {}

R {  307} {0} {} {丝绸之路} { } {} {} {} {} {} {1.000}
E {  306} {e} {e} {4} {0} {}
E {  308} {w} {w} {8} {0} {}

R {  308} {0} {} {丝绸之路} { } {} {} {} {} {} {1.000}
E {  307} {e} {e} {4} {0} {}
E {  309} {nw} {nw} {9} {0} {}

R {  309} {0} {} {丝绸之路} { } {} {} {} {} {} {1.000}
E {  308} {se} {se} {6} {0} {}
E {  310} {w} {w} {8} {0} {}

R {  310} {0} {} {丝绸之路} { } {} {} {} {} {} {1.000}
E {  309} {e} {e} {4} {0} {}
E {  311} {nw} {nw} {9} {0} {}

R {  311} {0} {} {嘉峪关} { } {} {} {} {} {} {1.000}
E {  310} {se} {se} {6} {0} {}

R {  312} {0} {} {甘棠路} { } {} {} {} {} {} {1.000}
E {   50} {ne} {ne} {5} {0} {}
E {  313} {s} {s} {2} {0} {}

R {  313} {0} {} {当铺} { } {} {} {} {} {} {1.000}
E {  312} {n} {n} {1} {0} {}

R {  314} {0} {} {山路} { } {} {} {} {} {} {1.000}
E {   57} {nd} {nd} {33} {0} {}
E {  315} {se} {se} {6} {0} {}

R {  315} {0} {} {山路} { } {} {} {} {} {} {1.000}
E {  314} {nw} {nw} {9} {0} {}
E {  316} {s} {s} {2} {0} {}

R {  316} {0} {} {南昌北门} { } {} {} {} {} {} {1.000}
E {  315} {n} {n} {1} {0} {}
E {  317} {s} {s} {2} {0} {}

R {  317} {0} {} {北大街} { } {} {} {} {} {} {1.000}
E {  316} {n} {n} {1} {0} {}
E {  318} {e} {e} {4} {0} {}
E {  319} {s} {s} {2} {0} {}

R {  318} {0} {} {飞虎镖局} { } {} {} {} {} {} {1.000}
E {  317} {w} {w} {8} {0} {}

R {  319} {0} {} {城中心} { } {} {} {} {} {} {1.000}
E {  317} {n} {n} {1} {0} {}
E {  320} {w} {w} {8} {0} {}
E {  329} {s} {s} {2} {0} {}

R {  320} {0} {} {西大街} { } {} {} {} {} {} {1.000}
E {  319} {e} {e} {4} {0} {}
E {  321} {n} {n} {1} {0} {}
E {  323} {w} {w} {8} {0} {}

R {  321} {0} {} {南昌车站} { } {} {} {} {} {} {1.000}
E {  320} {s} {s} {2} {0} {}
E {  322} {gu} {gu} {0} {0} {}

R {  322} {0} {} {} { } {} {} {} {} {} {1.000}
E {   21} {tohangzhou} {qu hangzhou} {0} {0} {}
E {   20} {tozhenjiang} {qu zhenjiang} {0} {0} {}

R {  323} {0} {} {南昌西门} { } {} {} {} {} {} {1.000}
E {  320} {e} {e} {4} {0} {}
E {  324} {w} {w} {8} {0} {}

R {  324} {0} {} {青石官道} { } {} {} {} {} {} {1.000}
E {  323} {e} {e} {4} {0} {}
E {  325} {wu} {wu} {24} {0} {}

R {  325} {0} {} {城西山路} { } {} {} {} {} {} {1.000}
E {  324} {ed} {ed} {36} {0} {}
E {  326} {wu} {wu} {24} {0} {}

R {  326} {0} {} {城西山路} { } {} {} {} {} {} {1.000}
E {  325} {ed} {ed} {36} {0} {}
E {  327} {nu} {nu} {17} {0} {}

R {  327} {0} {} {书院正门} { } {} {} {} {} {} {1.000}
E {  326} {sd} {sd} {34} {0} {}
E {  328} {enter} {enter} {63} {0} {}

R {  328} {0} {} {朱熹} { } {} {} {} {} {} {1.000}
E {  327} {out} {out} {62} {0} {}

R {  329} {0} {} {南大街} { } {} {} {} {} {} {1.000}
E {  319} {n} {n} {1} {0} {}
E {  330} {w} {w} {8} {0} {}
E {  331} {e} {e} {4} {0} {}
E {  332} {s} {s} {2} {0} {}

R {  330} {0} {} {当铺} { } {} {} {} {} {} {1.000}
E {  329} {e} {e} {4} {0} {}

R {  331} {0} {} {月记银号} { } {} {} {} {} {} {1.000}
E {  329} {w} {w} {8} {0} {}

R {  332} {0} {} {南昌南门} { } {} {} {} {} {} {1.000}
E {  329} {n} {n} {1} {0} {}
E {  333} {s} {s} {2} {0} {}

R {  333} {0} {} {青石官道} { } {} {} {} {} {} {1.000}
E {  332} {n} {n} {1} {0} {}
E {  334} {s} {s} {2} {0} {}

R {  334} {0} {} {山路} { } {} {} {} {} {} {1.000}
E {  333} {n} {n} {1} {0} {}
E {  335} {se} {se} {6} {0} {}

R {  335} {0} {} {山路} { } {} {} {} {} {} {1.000}
E {  334} {nw} {nw} {9} {0} {}
E {  336} {s} {s} {2} {0} {}

R {  336} {0} {} {山路} { } {} {} {} {} {} {1.000}
E {  335} {n} {n} {1} {0} {}

R {  337} {0} {} {} { } {} {} {} {} {} {1.000}
E {   21} {tohangzhou} {qu hangzhou} {0} {0} {}

R {  338} {0} {} {钱塘江口} { } {} {} {} {} {} {1.000}
E {   32} {w} {w} {8} {0} {}

R {  339} {0} {} {嘉兴南湖} { } {} {} {} {} {} {1.000}
E {   32} {nw} {nw} {9} {0} {}
E {  241} {s} {s} {2} {0} {}
E {  340} {ne} {ne} {5} {0} {}

R {  340} {0} {} {驿道} { } {} {} {} {} {} {1.000}
E {  339} {sw} {sw} {10} {0} {}
E {  489} {e} {e} {4} {0} {}

R {  341} {0} {} {蛇窟} { } {} {} {} {} {} {1.000}
E {   33} {e} {e} {4} {0} {}

R {  342} {0} {} {日本遣使驻地} { } {} {} {} {} {} {1.000}
E {   36} {s} {s} {2} {0} {}

R {  343} {0} {} {庆元港} { } {} {} {} {} {} {1.000}
E {   37} {s} {s} {2} {0} {}
E {  345} {boat} {enter boat} {0} {0} {}

R {  344} {0} {} {明州府} { } {} {} {} {} {} {1.000}
E {   38} {w} {w} {8} {0} {}

R {  345} {0} {} {海滩} { } {} {} {} {} {} {1.000}
E {  343} {boat} {enter boat} {0} {0} {}
E {  346} {n} {n} {1} {0} {}

R {  346} {0} {} {桃林} { } {} {桃花岛} {} {} {} {1.000}
E {  345} {s} {s} {2} {0} {}
E {  347} {n} {n} {1} {0} {}

R {  347} {0} {} {桃林} { } {} {} {} {} {} {1.000}
E {  346} {s} {s} {2} {0} {}
E {  348} {nu} {nu} {17} {0} {}

R {  348} {0} {} {山路} { } {} {} {} {} {} {1.000}
E {  347} {sd} {sd} {34} {0} {}
E {  349} {nu} {nu} {17} {0} {}

R {  349} {0} {} {山路} { } {} {} {} {} {} {1.000}
E {  348} {sd} {sd} {34} {0} {}
E {  350} {nu} {nu} {17} {0} {}

R {  350} {0} {} {草地} { } {} {} {} {} {} {1.000}
E {  349} {sd} {sd} {34} {0} {}
E {  351} {n} {n} {1} {0} {}
E {  465} {e} {e} {4} {0} {}
E {  466} {se} {se} {6} {0} {}

R {  351} {0} {} {草地} { } {} {} {} {} {} {1.000}
E {  350} {s} {s} {2} {0} {}
E {  352} {n} {n} {1} {0} {}

R {  352} {0} {} {积翠亭} { } {} {} {} {} {} {1.000}
E {  351} {s} {s} {2} {0} {}
E {  353} {n} {n} {1} {0} {}
E {  467} {e} {e} {4} {0} {}

R {  353} {0} {} {竹林} { } {} {} {} {} {} {1.000}
E {  352} {s} {s} {2} {0} {}
E {  468} {n} {n} {1} {0} {}

R {  354} {0} {} {小路} { } {} {} {} {} {} {1.000}
E {  269} {ne} {ne} {5} {0} {}
E {  355} {s} {s} {2} {0} {}

R {  355} {0} {} {泸溪} { } {} {} {} {} {} {1.000}
E {  354} {n} {n} {1} {0} {}

R {  356} {0} {} {观瀑台} { } {} {} {} {} {} {1.000}
E {  272} {sd} {sd} {34} {0} {}

R {  357} {0} {} {南广场} { } {} {} {} {} {} {1.000}
E {  196} {n} {n} {1} {0} {}
E {  358} {s} {s} {2} {0} {}

R {  358} {0} {} {中城} { } {} {} {} {} {} {1.000}
E {  357} {n} {n} {1} {0} {}
E {  359} {s} {s} {2} {0} {}
E {  521} {w} {w} {8} {0} {}
E {  592} {e} {e} {4} {0} {}

R {  359} {0} {} {长街} { } {} {} {} {} {} {1.000}
E {  358} {n} {n} {1} {0} {}
E {  360} {s} {s} {2} {0} {}

R {  360} {0} {} {长街} { } {} {} {} {} {} {1.000}
E {  359} {n} {n} {1} {0} {}
E {  361} {s} {s} {2} {0} {}

R {  361} {0} {} {内桥} { } {} {} {} {} {} {1.000}
E {  360} {n} {n} {1} {0} {}
E {  362} {s} {s} {2} {0} {}

R {  362} {0} {} {南大街} { } {} {} {} {} {} {1.000}
E {  361} {n} {n} {1} {0} {}
E {  363} {e} {e} {4} {0} {}
E {  364} {w} {w} {8} {0} {}
E {  365} {s} {s} {2} {0} {}

R {  363} {0} {} {承恩寺} { } {} {} {} {} {} {1.000}
E {  362} {w} {w} {8} {0} {}

R {  364} {0} {} {建康府} { } {} {} {} {} {} {1.000}
E {  362} {e} {e} {4} {0} {}

R {  365} {0} {} {南大街} { } {} {} {} {} {} {1.000}
E {  362} {n} {n} {1} {0} {}
E {  366} {w} {w} {8} {0} {}
E {  371} {e} {e} {4} {0} {}
E {  376} {s} {s} {2} {0} {}

R {  366} {0} {} {三山街} { } {} {} {} {} {} {1.000}
E {  365} {e} {e} {4} {0} {}
E {  367} {w} {w} {8} {0} {}

R {  367} {0} {} {三山门} { } {} {} {} {} {} {1.000}
E {  366} {e} {e} {4} {0} {}
E {  368} {w} {w} {8} {0} {}

R {  368} {0} {} {阡陌小路} { } {} {} {} {} {} {1.000}
E {  367} {e} {e} {4} {0} {}
E {  369} {nw} {nw} {9} {0} {}

R {  369} {0} {} {湖边} { } {} {} {} {} {} {1.000}
E {  368} {se} {se} {6} {0} {}
E {  370} {n} {n} {1} {0} {}

R {  370} {0} {} {湖畔} { } {} {} {} {} {} {1.000}
E {  369} {s} {s} {2} {0} {}

R {  371} {0} {} {大中街} { } {} {} {} {} {} {1.000}
E {  365} {w} {w} {8} {0} {}
E {  372} {e} {e} {4} {0} {}

R {  372} {0} {} {圣府} { } {} {} {} {} {} {1.000}
E {  371} {w} {w} {8} {0} {}
E {  373} {e} {e} {4} {0} {}

R {  373} {0} {} {淮清桥} { } {} {} {} {} {} {1.000}
E {  372} {w} {w} {8} {0} {}
E {  374} {e} {e} {4} {0} {}

R {  374} {0} {} {通济门} { } {} {} {} {} {} {1.000}
E {  373} {w} {w} {8} {0} {}
E {  375} {se} {se} {6} {0} {}

R {  375} {0} {} {石牛堡} { } {} {} {} {} {} {1.000}
E {  374} {nw} {nw} {9} {0} {}

R {  376} {0} {} {镇淮桥} { } {} {} {} {} {} {1.000}
E {  365} {n} {n} {1} {0} {}
E {  377} {w} {w} {8} {0} {}
E {  378} {s} {s} {2} {0} {}

R {  377} {0} {} {金陵镖局} { } {} {} {} {} {} {1.000}
E {  376} {e} {e} {4} {0} {}

R {  378} {0} {} {聚宝门} { } {} {} {} {} {} {1.000}
E {  376} {n} {n} {1} {0} {}
E {  379} {s} {s} {2} {0} {}

R {  379} {0} {} {城南官道} { } {} {} {} {} {} {1.000}
E {  378} {n} {n} {1} {0} {}

R {  380} {0} {} {湖心岛岸边} { } {这是西湖的湖心岛岸边，南北有曲桥相通，东西以土堤相连桥堤呈“十”字形交叉，将岛上水面一分为四水面外围是环形堤埂。从空中俯瞰，岛上陆地形如一个特大的“田”字，呈现出湖中有岛，岛中有湖，水景称胜的特色在西湖十景中独具一格，为江南水上园林的经典之作。目前，据说已被红花会所占据。} {临安府西湖} {} {} {} {1.000}
E {  381} {w} {w} {8} {0} {}
E {  262} {enterboat} {enter boat} {0} {0} {}

R {  381} {0} {} {竹林} { } {} {} {} {} {} {1.000}
E {  380} {e} {e} {4} {0} {}
E {  382} {w} {w} {8} {0} {}

R {  382} {0} {} {竹林} { } {} {} {} {} {} {1.000}
E {  381} {e} {e} {4} {0} {}
E {  383} {w} {w} {8} {0} {}

R {  383} {0} {} {竹林} { } {} {} {} {} {} {1.000}
E {  384} {w} {w} {8} {0} {}
E {  381} {e} {e} {4} {0} {}

R {  384} {0} {} {竹林} { } {} {} {} {} {} {1.000}
E {  385} {w} {w} {8} {0} {}
E {  381} {e} {e} {4} {0} {}

R {  385} {0} {} {竹林} { } {} {} {} {} {} {1.000}
E {  386} {w} {w} {8} {0} {}
E {  381} {e} {e} {4} {0} {}

R {  386} {0} {} {杭州分舵大门} { } {} {} {} {} {} {1.000}
E {  385} {e} {e} {4} {0} {}

R {  387} {0} {} {保俶塔} { } {保俶塔位于西湖北缘宝石山巅，又名应天塔，称宝石塔，保叔塔。今上在此勒石为碑，记载武林中高手事迹。} {临安府西湖} {} {} {{Shi bei}{石碑}} {1.000}
E {  180} {s} {s} {2} {0} {}

R {  388} {0} {} {南门内大街} { } {} {} {} {} {} {1.000}
E {  169} {n} {n} {1} {0} {}
E {  389} {s} {s} {2} {0} {}
E {  391} {e} {e} {4} {0} {}
E {  392} {w} {w} {8} {0} {}

R {  389} {0} {} {南门} { } {} {} {} {} {} {1.000}
E {  388} {n} {n} {1} {0} {}
E {  390} {s} {s} {2} {0} {}

R {  390} {0} {} {山路} { } {} {} {} {} {} {1.000}
E {  389} {n} {n} {1} {0} {}

R {  391} {0} {} {杂货铺} { } {} {} {} {} {} {1.000}
E {  388} {w} {w} {8} {0} {}

R {  392} {0} {} {李保长家} { } {} {} {} {} {} {1.000}
E {  388} {e} {e} {4} {0} {}

R {  393} {0} {} {东大街} { } {} {} {} {} {} {1.000}
E {  169} {w} {w} {8} {0} {}
E {  394} {n} {n} {1} {0} {}
E {  395} {s} {s} {2} {0} {}
E {  396} {e} {e} {4} {0} {}

R {  394} {0} {} {将军府} { } {} {} {} {} {} {1.000}
E {  393} {s} {s} {2} {0} {}

R {  395} {0} {} {岳阳府衙} { } {} {} {} {} {} {1.000}
E {  393} {n} {n} {1} {0} {}

R {  396} {0} {} {东门} { } {} {} {} {} {} {1.000}
E {  393} {w} {w} {8} {0} {}
E {  397} {e} {e} {4} {0} {}

R {  397} {0} {} {青石官道} { } {} {} {} {} {} {1.000}
E {  396} {w} {w} {8} {0} {}
E {  398} {ed} {ed} {36} {0} {}

R {  398} {0} {} {泥泞土路} { } {} {} {} {} {} {1.000}
E {  397} {wu} {wu} {24} {0} {}

R {  399} {0} {} {杂货铺} { } {} {} {} {} {} {1.000}
E {   48} {nw} {nw} {9} {0} {}

R {  400} {0} {} {向阳巷} { } {} {} {} {} {} {1.000}
E {  250} {s} {s} {2} {0} {}
E {  401} {enter} {enter} {63} {0} {}

R {  401} {0} {} {向阳老宅} { } {} {} {} {} {} {1.000}
E {  400} {out} {out} {62} {0} {}
E {  402} {n} {break men;n} {1} {0} {}

R {  402} {0} {} {老宅后院} { } {} {} {} {} {} {1.000}
E {  401} {s} {break men;s} {2} {0} {}
E {  403} {down} {down} {0} {0} {}

R {  403} {0} {} {井中} { } {} {} {} {} {} {1.000}
E {  404} {down} {down} {0} {0} {}
E {  402} {up} {up} {0} {0} {}

R {  404} {0} {} {井底} { } {} {} {} {} {} {1.000}
E {  403} {up} {up} {0} {0} {}

R {  405} {0} {} {走廊} { } {} {} {} {} {} {1.000}
E {  222} {s} {s} {2} {0} {}
E {  406} {n} {n} {1} {0} {}

R {  406} {0} {} {饭厅} { } {} {} {} {} {} {1.000}
E {  405} {s} {s} {2} {0} {}
E {  407} {w} {w} {8} {0} {}

R {  407} {0} {} {走廊} { } {} {} {} {} {} {1.000}
E {  406} {e} {e} {4} {0} {}
E {  408} {w} {w} {8} {0} {}
E {  410} {s} {s} {2} {0} {}
E {  411} {n} {n} {1} {0} {}

R {  408} {0} {} {练功房} { } {} {} {} {} {} {1.000}
E {  407} {e} {e} {4} {0} {}
E {  409} {w} {w} {8} {0} {}

R {  409} {0} {} {练功房} { } {} {} {} {} {} {1.000}
E {  408} {e} {e} {4} {0} {}

R {  410} {0} {} {柴房} { } {} {} {} {} {} {1.000}
E {  407} {n} {n} {1} {0} {}

R {  411} {0} {} {仆人住地} { } {} {} {} {} {} {1.000}
E {  407} {s} {s} {2} {0} {}

R {  412} {0} {} {马厩} { } {} {} {} {} {} {1.000}
E {   67} {e} {e} {4} {0} {}
E {  413} {s} {s} {2} {0} {}

R {  413} {0} {} {戏园子} { } {} {} {} {} {} {1.000}
E {  412} {n} {n} {1} {0} {}

R {  414} {0} {} {北大街} { } {} {} {} {} {} {1.000}
E {   67} {s} {s} {2} {0} {}
E {  415} {w} {w} {8} {0} {}
E {  416} {e} {e} {4} {0} {}
E {  417} {n} {n} {1} {0} {}

R {  415} {0} {} {紫金庵} { } {} {} {} {} {} {1.000}
E {  414} {e} {e} {4} {0} {}

R {  416} {0} {} {春在楼} { } {} {} {} {} {} {1.000}
E {  414} {w} {w} {8} {0} {}

R {  417} {0} {} {北门} { } {} {} {} {} {} {1.000}
E {  414} {s} {s} {2} {0} {}
E {  418} {n} {n} {1} {0} {}

R {  418} {0} {} {青石官道} { } {} {} {} {} {} {1.000}
E {  417} {s} {s} {2} {0} {}
E {  419} {sw} {sw} {10} {0} {}

R {  419} {0} {} {虎丘山} { } {} {} {} {} {} {1.000}
E {  418} {ne} {ne} {5} {0} {}
E {  536} {s} {s} {2} {0} {}

R {  420} {0} {} {宝带桥} { } {} {} {} {} {} {1.000}
E {   68} {n} {n} {1} {0} {}
E {  421} {s} {s} {2} {0} {}
E {   69} {nw} {nw} {9} {0} {}
E {  434} {ne} {ne} {5} {0} {}

R {  421} {0} {} {南大街} { } {} {} {} {} {} {1.000}
E {  420} {n} {n} {1} {0} {}
E {  422} {w} {w} {8} {0} {}
E {  423} {e} {e} {4} {0} {}
E {  424} {sw} {sw} {10} {0} {}
E {  425} {s} {s} {2} {0} {}
E {  433} {ne} {ne} {5} {0} {}

R {  422} {0} {} {聚宝斋} { } {} {} {} {} {} {1.000}
E {  421} {e} {e} {4} {0} {}

R {  423} {0} {} {狮子林} { } {} {} {} {} {} {1.000}
E {  421} {w} {w} {8} {0} {}
E {  547} {ne} {ne} {5} {0} {}
E {  548} {e} {e} {4} {0} {}

R {  424} {0} {} {书院} { } {} {} {} {} {} {1.000}
E {  421} {ne} {ne} {5} {0} {}

R {  425} {0} {} {南大街} { } {} {} {} {} {} {1.000}
E {  421} {n} {n} {1} {0} {}
E {  426} {w} {w} {8} {0} {}
E {  430} {e} {e} {4} {0} {}
E {  431} {s} {s} {2} {0} {}

R {  426} {0} {} {留园} { } {} {} {} {} {} {1.000}
E {  425} {e} {e} {4} {0} {}
E {  427} {w} {w} {8} {0} {}

R {  427} {0} {} {荷花厅} { } {} {} {} {} {} {1.000}
E {  426} {e} {e} {4} {0} {}
E {  428} {w} {w} {8} {0} {}

R {  428} {0} {} {古木交诃} { } {} {} {} {} {} {1.000}
E {  427} {e} {e} {4} {0} {}
E {  429} {sw} {sw} {10} {0} {}

R {  429} {0} {} {池塘} { } {} {} {} {} {} {1.000}
E {  428} {ne} {ne} {5} {0} {}

R {  430} {0} {} {听雨轩} { } {} {} {} {} {} {1.000}
E {  425} {w} {w} {8} {0} {}

R {  431} {0} {} {南门} { } {} {} {} {} {} {1.000}
E {  425} {n} {n} {1} {0} {}
E {  432} {s} {s} {2} {0} {}

R {  432} {0} {} {青石官道} { } {} {} {} {} {} {1.000}
E {  431} {n} {n} {1} {0} {}
E {  233} {s} {s} {2} {0} {}

R {  433} {0} {} {茶馆} { } {} {} {} {} {} {1.000}
E {  421} {sw} {sw} {10} {0} {}

R {  434} {0} {} {东大街} { } {} {} {} {} {} {1.000}
E {   68} {nw} {nw} {9} {0} {}
E {  420} {sw} {sw} {10} {0} {}
E {  435} {n} {n} {1} {0} {}
E {  437} {s} {s} {2} {0} {}
E {  438} {e} {e} {4} {0} {}

R {  435} {0} {} {胡同} { } {} {} {} {} {} {1.000}
E {  434} {s} {s} {2} {0} {}
E {  436} {n} {n} {1} {0} {}
E {  442} {w} {w} {8} {0} {}
E {  443} {ne} {ne} {5} {0} {}

R {  436} {0} {} {昌隆镖局} { } {} {} {} {} {} {1.000}
E {  435} {s} {s} {2} {0} {}

R {  437} {0} {} {宝和记} { } {} {} {} {} {} {1.000}
E {  434} {n} {n} {1} {0} {}

R {  438} {0} {} {东大街} { } {} {} {} {} {} {1.000}
E {  434} {w} {w} {8} {0} {}
E {  439} {s} {s} {2} {0} {}
E {  440} {n} {n} {1} {0} {}
E {  441} {e} {e} {4} {0} {}
E {  444} {nw} {nw} {9} {0} {}

R {  439} {0} {} {打铁铺} { } {} {} {} {} {} {1.000}
E {  438} {n} {n} {1} {0} {}

R {  440} {0} {} {立春堂} { } {} {} {} {} {} {1.000}
E {  438} {s} {s} {2} {0} {}

R {  441} {0} {} {东门} { } {} {} {} {} {} {1.000}
E {  438} {w} {w} {8} {0} {}

R {  442} {0} {} {擂台前广场} { } {} {} {} {} {} {1.000}
E {  435} {e} {e} {4} {0} {}

R {  443} {0} {} {胡同} { } {} {} {} {} {} {1.000}
E {  435} {sw} {sw} {10} {0} {}
E {  444} {e} {e} {4} {0} {}

R {  444} {0} {} {胡同} { } {} {} {} {} {} {1.000}
E {  443} {w} {w} {8} {0} {}
E {  438} {se} {se} {6} {0} {}

R {  445} {0} {} {苏州府衙} { } {} {} {} {} {} {1.000}
E {   69} {s} {s} {2} {0} {}

R {  446} {0} {} {兵营} { } {} {} {} {} {} {1.000}
E {   69} {n} {n} {1} {0} {}

R {  447} {0} {} {运河码头} { } {} {} {} {} {} {1.000}
E {   69} {se} {se} {6} {0} {}

R {  448} {0} {} {杂货铺} { } {} {} {} {} {} {1.000}
E {   70} {n} {n} {1} {0} {}

R {  449} {0} {} {书场} { } {} {} {} {} {} {1.000}
E {   70} {s} {s} {2} {0} {}

R {  450} {0} {} {寒山寺} { } {} {} {} {} {} {1.000}
E {   74} {se} {se} {6} {0} {}
E {  451} {enter} {enter} {63} {0} {}

R {  451} {0} {} {正殿} { } {} {} {} {} {} {1.000}
E {  450} {out} {out} {62} {0} {}
E {  452} {e} {e} {4} {0} {}

R {  452} {0} {} {寒拾殿} { } {} {} {} {} {} {1.000}
E {  451} {w} {w} {8} {0} {}
E {  453} {out} {out} {62} {0} {}

R {  453} {0} {} {枫桥} { } {} {} {} {} {} {1.000}
E {  452} {enter} {enter} {63} {0} {}
E {  454} {n} {n} {1} {0} {}

R {  454} {0} {} {铁岭关} { } {} {} {} {} {} {1.000}
E {  453} {s} {s} {2} {0} {}

R {  455} {0} {} {太湖湖边} { } {} {} {} {} {} {1.000}
E {   74} {e} {e} {4} {0} {}
E {  456} {w} {w} {8} {0} {}

R {  456} {0} {} {太湖码头} { } {} {} {} {} {} {1.000}
E {  455} {e} {e} {4} {0} {}

R {  457} {0} {} {太湖码头} { } {} {} {} {} {} {1.000}
E {   77} {n} {n} {1} {0} {}

R {  458} {0} {} {小路} { } {} {} {} {} {} {1.000}
E {   77} {e} {e} {4} {0} {}
E {  459} {w} {w} {8} {0} {}
E {  462} {s} {s} {2} {0} {}

R {  459} {0} {} {小路} { } {} {} {} {} {} {1.000}
E {  458} {e} {e} {4} {0} {}
E {  460} {s} {s} {2} {0} {}

R {  460} {0} {} {琴韵小居} { } {} {} {} {} {} {1.000}
E {  459} {n} {n} {1} {0} {}
E {  461} {w} {w} {8} {0} {}

R {  461} {0} {} {绣房} { } {} {} {} {} {} {1.000}
E {  460} {e} {e} {4} {0} {}

R {  462} {0} {} {农舍} { } {} {} {} {} {} {1.000}
E {  458} {n} {n} {1} {0} {}
E {  463} {e} {e} {4} {0} {}

R {  463} {0} {} {农舍} { } {} {} {} {} {} {1.000}
E {  462} {w} {w} {8} {0} {}

R {  464} {0} {} {茶花林} { } {} {} {} {} {} {1.000}
E {   84} {e} {e} {4} {0} {}

R {  465} {0} {} {草地} { } {} {} {} {} {} {1.000}
E {  350} {w} {w} {8} {0} {}

R {  466} {0} {} {草地} { } {} {} {} {} {} {1.000}
E {  350} {nw} {nw} {9} {0} {}

R {  467} {0} {} {竹林} { } {} {} {} {} {} {1.000}
E {  352} {w} {w} {8} {0} {}

R {  468} {0} {} {竹林} { } {} {} {} {} {} {1.000}
E {  353} {s} {s} {2} {0} {}
E {  469} {e} {e} {4} {0} {}
E {  471} {w} {w} {8} {0} {}

R {  469} {0} {} {岩壁} { } {} {} {} {} {} {1.000}
E {  468} {w} {w} {8} {0} {}
E {  470} {e} {e} {4} {0} {}

R {  470} {0} {} {大厅} { } {} {} {} {} {} {1.000}
E {  469} {w} {w} {8} {0} {}
E {  476} {e} {e} {4} {0} {}

R {  471} {0} {} {岩壁} { } {} {} {} {} {} {1.000}
E {  468} {e} {e} {4} {0} {}
E {  472} {nu} {nu} {17} {0} {}
E {  473} {wu} {wu} {24} {0} {}

R {  472} {0} {} {两忘峰} { } {} {} {} {} {} {1.000}
E {  471} {sd} {sd} {34} {0} {}
E {  475} {ed} {ed} {36} {0} {}

R {  473} {0} {} {试剑峰} { } {} {} {} {} {} {1.000}
E {  471} {ed} {ed} {36} {0} {}
E {  474} {eu} {eu} {20} {0} {}

R {  474} {0} {} {观海石} { } {} {} {} {} {} {1.000}
E {  473} {wd} {wd} {40} {0} {}

R {  475} {0} {} {清啸亭} { } {} {} {} {} {} {1.000}
E {  472} {wu} {wu} {24} {0} {}

R {  476} {0} {} {走廊} { } {} {} {} {} {} {1.000}
E {  470} {w} {w} {8} {0} {}
E {  477} {e} {e} {4} {0} {}
E {  478} {s} {s} {2} {0} {}
E {  480} {n} {n} {1} {0} {}

R {  477} {0} {} {饭厅} { } {} {} {} {} {} {1.000}
E {  476} {w} {w} {8} {0} {}

R {  478} {0} {} {走廊} { } {} {} {} {} {} {1.000}
E {  476} {n} {n} {1} {0} {}
E {  479} {s} {s} {2} {0} {}

R {  479} {0} {} {练习室} { } {} {} {} {} {} {1.000}
E {  478} {n} {n} {1} {0} {}

R {  480} {0} {} {休息室} { } {} {} {} {} {} {1.000}
E {  476} {s} {s} {2} {0} {}
E {  481} {w} {w} {8} {0} {}

R {  481} {0} {} {赏月台} { } {} {} {} {} {} {1.000}
E {  480} {e} {e} {4} {0} {}

R {  482} {0} {} {武夷山路} { } {} {} {} {} {} {1.000}
E {  131} {s} {s} {2} {0} {}
E {  628} {n} {n} {1} {0} {}
E {  629} {nw} {nw} {9} {0} {}

R {  483} {0} {} {牙山湾西口} { } {} {} {} {} {} {1.000}
E {   44} {e} {e} {4} {0} {}
E {  484} {w} {w} {8} {0} {}

R {  484} {0} {} {西驿道} { } {} {} {} {} {} {1.000}
E {  483} {e} {e} {4} {0} {}
E {  485} {w} {w} {8} {0} {}

R {  485} {0} {} {西驿道} { } {} {} {} {} {} {1.000}
E {  484} {e} {e} {4} {0} {}
E {  486} {w} {w} {8} {0} {}

R {  486} {0} {} {西驿道} { } {} {} {} {} {} {1.000}
E {  485} {e} {e} {4} {0} {}
E {  487} {w} {w} {8} {0} {}

R {  487} {0} {} {驿道} { } {} {} {} {} {} {1.000}
E {  486} {e} {e} {4} {0} {}
E {  488} {sw} {sw} {10} {0} {}

R {  488} {0} {} {驿道} { } {} {} {} {} {} {1.000}
E {  487} {ne} {ne} {5} {0} {}
E {  489} {sw} {sw} {10} {0} {}

R {  489} {0} {} {驿道} { } {} {} {} {} {} {1.000}
E {  488} {ne} {ne} {5} {0} {}
E {  340} {w} {w} {8} {0} {}

R {  490} {0} {} {庭院} { } {} {} {} {} {} {1.000}
E {   89} {s} {s} {2} {0} {}
E {  491} {w} {w} {8} {0} {}
E {  494} {e} {e} {4} {0} {}
E {  493} {n} {n} {1} {0} {}

R {  491} {0} {} {厢房} { } {} {} {} {} {} {1.000}
E {  490} {e} {e} {4} {0} {}
E {  492} {n} {n} {1} {0} {}

R {  492} {0} {} {厢房} { } {} {} {} {} {} {1.000}
E {  491} {s} {s} {2} {0} {}
E {  493} {e} {e} {4} {0} {}

R {  493} {0} {} {庭院} { } {} {} {} {} {} {1.000}
E {  492} {w} {w} {8} {0} {}
E {  490} {s} {s} {2} {0} {}
E {  495} {e} {e} {4} {0} {}
E {  496} {n} {n} {1} {0} {}

R {  494} {0} {} {厢房} { } {} {} {} {} {} {1.000}
E {  490} {w} {w} {8} {0} {}
E {  495} {n} {n} {1} {0} {}

R {  495} {0} {} {厢房} { } {} {} {} {} {} {1.000}
E {  494} {s} {s} {2} {0} {}
E {  493} {w} {w} {8} {0} {}

R {  496} {0} {} {庭院} { } {} {} {} {} {} {1.000}
E {  493} {s} {s} {2} {0} {}
E {  497} {w} {w} {8} {0} {}
E {  498} {e} {e} {4} {0} {}
E {  499} {n} {n} {1} {0} {}

R {  497} {0} {} {库房} { } {} {} {} {} {} {1.000}
E {  496} {e} {e} {4} {0} {}

R {  498} {0} {} {小道} { } {} {} {} {} {} {1.000}
E {  496} {w} {w} {8} {0} {}
E {  502} {ne} {ne} {5} {0} {}

R {  499} {0} {} {客厅} { } {} {} {} {} {} {1.000}
E {  496} {s} {s} {2} {0} {}
E {  500} {w} {w} {8} {0} {}
E {  501} {n} {n} {1} {0} {}

R {  500} {0} {} {书房} { } {} {} {} {} {} {1.000}
E {  499} {e} {e} {4} {0} {}

R {  501} {0} {} {内室} { } {} {} {} {} {} {1.000}
E {  499} {s} {s} {2} {0} {}

R {  502} {0} {} {小道} { } {} {} {} {} {} {1.000}
E {  498} {sw} {sw} {10} {0} {}
E {  503} {e} {e} {4} {0} {}

R {  503} {0} {} {小道} { } {} {} {} {} {} {1.000}
E {  502} {w} {w} {8} {0} {}
E {  504} {n} {n} {1} {0} {}
E {  505} {e} {e} {4} {0} {}

R {  504} {0} {} {练武场} { } {} {} {} {} {} {1.000}
E {  503} {s} {s} {2} {0} {}
E {  507} {w} {w} {8} {0} {}
E {  508} {e} {e} {4} {0} {}
E {  509} {n} {n} {1} {0} {}

R {  505} {0} {} {小道} { } {} {} {} {} {} {1.000}
E {  503} {w} {w} {8} {0} {}
E {  506} {e} {e} {4} {0} {}

R {  506} {0} {} {花园} { } {} {} {} {} {} {1.000}
E {  505} {w} {w} {8} {0} {}

R {  507} {0} {} {膳房} { } {} {} {} {} {} {1.000}
E {  504} {e} {e} {4} {0} {}

R {  508} {0} {} {兵器房} { } {} {} {} {} {} {1.000}
E {  504} {w} {w} {8} {0} {}

R {  509} {0} {} {练武场} { } {} {} {} {} {} {1.000}
E {  504} {s} {s} {2} {0} {}
E {  510} {w} {w} {8} {0} {}
E {  511} {e} {e} {4} {0} {}

R {  510} {0} {} {私塾} { } {} {} {} {} {} {1.000}
E {  509} {e} {e} {4} {0} {}

R {  511} {0} {} {休息室} { } {} {} {} {} {} {1.000}
E {  509} {w} {w} {8} {0} {}

R {  512} {0} {} {后花园} { } {} {} {} {} {} {1.000}
E {  224} {w} {w} {8} {0} {}
E {  513} {s} {s} {2} {0} {}

R {  513} {0} {} {后花园} { } {} {} {} {} {} {1.000}
E {  512} {n} {n} {1} {0} {}

R {  514} {0} {} {走廊} { } {} {} {} {} {} {1.000}
E {  222} {n} {n} {1} {0} {}
E {  515} {w} {w} {8} {0} {}

R {  515} {0} {} {炼丹房} { } {} {} {} {} {} {1.000}
E {  514} {e} {e} {4} {0} {}

R {  516} {0} {} {西广场} { } {} {} {} {} {} {1.000}
E {  196} {e} {e} {4} {0} {}
E {  517} {s} {s} {2} {0} {}
E {  518} {n} {n} {1} {0} {}
E {  519} {nw} {nw} {9} {0} {}

R {  517} {0} {} {广场西南} { } {} {} {} {} {} {1.000}
E {  516} {n} {n} {1} {0} {}

R {  518} {0} {} {广场西北} { } {} {} {} {} {} {1.000}
E {  516} {s} {s} {2} {0} {}

R {  519} {0} {} {山路} { } {} {} {} {} {} {1.000}
E {  516} {se} {se} {6} {0} {}

R {  520} {0} {} {东广场} { } {} {} {} {} {} {1.000}
E {  196} {w} {w} {8} {0} {}

R {  521} {0} {} {下街口} { } {} {} {} {} {} {1.000}
E {  358} {e} {e} {4} {0} {}
E {  522} {n} {n} {1} {0} {}
E {  523} {s} {s} {2} {0} {}
E {  524} {w} {w} {8} {0} {}

R {  522} {0} {} {月记票号} { } {} {} {} {} {} {1.000}
E {  521} {s} {s} {2} {0} {}

R {  523} {0} {} {当铺} { } {} {} {} {} {} {1.000}
E {  521} {n} {n} {1} {0} {}

R {  524} {0} {} {朝天宫} { } {} {} {} {} {} {1.000}
E {  521} {e} {e} {4} {0} {}
E {  525} {w} {w} {8} {0} {}

R {  525} {0} {} {城西大街} { } {} {} {} {} {} {1.000}
E {  524} {e} {e} {4} {0} {}
E {  526} {w} {w} {8} {0} {}
E {  527} {n} {n} {1} {0} {}
E {  528} {nw} {nw} {9} {0} {}

R {  526} {0} {} {石城门} { } {} {} {} {} {} {1.000}
E {  525} {e} {e} {4} {0} {}

R {  527} {0} {} {灵英观} { } {} {} {} {} {} {1.000}
E {  525} {s} {s} {2} {0} {}
E {  528} {w} {w} {8} {0} {}

R {  528} {0} {} {城西大街} { } {} {} {} {} {} {1.000}
E {  525} {se} {se} {6} {0} {}
E {  527} {e} {e} {4} {0} {}
E {  529} {nu} {nu} {17} {0} {}
E {  531} {w} {w} {8} {0} {}

R {  529} {0} {} {清凉山} { } {} {} {} {} {} {1.000}
E {  528} {sd} {sd} {34} {0} {}
E {  530} {ed} {ed} {36} {0} {}

R {  530} {0} {} {乌龙潭} { } {} {} {} {} {} {1.000}
E {  529} {wu} {wu} {24} {0} {}

R {  531} {0} {} {清凉门} { } {} {} {} {} {} {1.000}
E {  528} {e} {e} {4} {0} {}
E {  532} {s} {s} {2} {0} {}

R {  532} {0} {} {湖边路} { } {} {} {} {} {} {1.000}
E {  531} {n} {n} {1} {0} {}
E {  533} {sd} {sd} {34} {0} {}

R {  533} {0} {} {湖边} { } {} {} {} {} {} {1.000}
E {  532} {nu} {nu} {17} {0} {}
E {  534} {s} {s} {2} {0} {}

R {  534} {0} {} {大湖之畔} { } {} {} {} {} {} {1.000}
E {  533} {n} {n} {1} {0} {}
E {  535} {s} {s} {2} {0} {}

R {  535} {0} {} {垂柳} { } {} {} {} {} {} {1.000}
E {  534} {n} {n} {1} {0} {}

R {  536} {0} {} {头门山} { } {} {} {} {} {} {1.000}
E {  419} {n} {n} {1} {0} {}
E {  537} {w} {w} {8} {0} {}

R {  537} {0} {} {万景山庄} { } {} {} {} {} {} {1.000}
E {  536} {e} {e} {4} {0} {}
E {  538} {wu} {wu} {24} {0} {}
E {  539} {eu} {eu} {20} {0} {}

R {  538} {0} {} {憨憨泉} { } {} {} {} {} {} {1.000}
E {  537} {ed} {ed} {36} {0} {}

R {  539} {0} {} {试剑石} { } {} {} {} {} {} {1.000}
E {  537} {wd} {wd} {40} {0} {}
E {  540} {n} {n} {1} {0} {}
E {  541} {s} {s} {2} {0} {}
E {  545} {ne} {ne} {5} {0} {}

R {  540} {0} {} {枕石} { } {} {} {} {} {} {1.000}
E {  539} {s} {s} {2} {0} {}

R {  541} {0} {} {千人石} { } {} {} {} {} {} {1.000}
E {  539} {n} {n} {1} {0} {}
E {  542} {e} {e} {4} {0} {}
E {  544} {nw} {nw} {9} {0} {}

R {  542} {0} {} {二仙亭} { } {} {} {} {} {} {1.000}
E {  541} {w} {w} {8} {0} {}
E {  543} {n} {n} {1} {0} {}

R {  543} {0} {} {白莲池} { } {} {} {} {} {} {1.000}
E {  542} {s} {s} {2} {0} {}

R {  544} {0} {} {致爽阁} { } {} {} {} {} {} {1.000}
E {  541} {se} {se} {6} {0} {}

R {  545} {0} {} {真娘墓} { } {} {} {} {} {} {1.000}
E {  539} {sw} {sw} {10} {0} {}
E {  546} {n} {n} {1} {0} {}

R {  546} {0} {} {孙武亭} { } {} {} {} {} {} {1.000}
E {  545} {s} {s} {2} {0} {}

R {  547} {0} {} {揖峰指柏轩} { } {} {} {} {} {} {1.000}
E {  423} {sw} {sw} {10} {0} {}

R {  548} {0} {} {燕誉堂} { } {} {} {} {} {} {1.000}
E {  423} {w} {w} {8} {0} {}
E {  549} {se} {se} {6} {0} {}

R {  549} {0} {} {真趣亭} { } {} {} {} {} {} {1.000}
E {  548} {nw} {nw} {9} {0} {}
E {  550} {e} {e} {4} {0} {}

R {  550} {0} {} {问梅阁} { } {} {} {} {} {} {1.000}
E {  549} {w} {w} {8} {0} {}
E {  551} {s} {s} {2} {0} {}

R {  551} {0} {} {立雪堂} { } {} {} {} {} {} {1.000}
E {  550} {n} {n} {1} {0} {}

R {  552} {0} {} {荣宝斋} { } {这里是京城里最有名的珠宝店在临安府的分店。店主人见多识广，收藏的宝物也颇不少，除了当世的名家珍品，还时常有些宝石兵器之类的。墙上挂着一块牌子(sign)，牌子旁边贴着一张【最新公告】（paizi）。    你可以看看(look):paizi,sign} {临安府} {} {} {{Liu laoban}{刘老板}} {1.000}
E {  178} {n} {n} {1} {0} {}

R {  553} {0} {} {市集} { } {这里是临安城内一个繁忙的市集，里面人流熙熙攘攘，门口贴着一张告示(gaoshi）。} {临安府} {} {} {} {1.000}
E {  178} {s} {s} {2} {0} {}

R {  554} {0} {} {临安府} { } {这里是临安城治所所在。} {临安府} {} {} {{Ya yi}{二位衙役}} {1.000}
E {  275} {e} {e} {4} {0} {}
E {  555} {enter} {enter} {63} {0} {}
E {  556} {s} {s} {2} {0} {}

R {  555} {0} {} {临安府大堂} { } {这里是临安府尹办公的地方。} {临安府} {} {} {{Yuan shao}{袁韶}} {1.000}
E {  554} {out} {out} {62} {0} {}

R {  556} {0} {} {西街} { } {这里是临安城东西向一条大道，北面是临安府，南面是城隍庙。} {临安府} {} {} {} {1.000}
E {  554} {n} {n} {1} {0} {}
E {  276} {e} {e} {4} {0} {}
E {  678} {s} {s} {2} {0} {}
E {  675} {w} {w} {8} {0} {}

R {  557} {0} {} {雄武营} { } {这里是雄武营的驻地，校场上很多军校正在整练阵型。} {临安府} {} {} {{Jia shi}{二位雄武营甲士}{Wu jiang}{雄武营营官}} {1.000}
E {  276} {w} {w} {8} {0} {}

R {  558} {0} {} {都亭驿} { } {这里是都亭驿，接待外国使臣和入京大员的驿站。} {临安府} {} {} {{Tong weifeng}{童威风}{Yi cheng}{驿丞}} {1.000}
E {  277} {w} {w} {8} {0} {}

R {  559} {0} {} {孝仁坊} { } {这是距离皇城最近的一处聚居的地区，盛昌行在北面开了一家分店。} {临安府} {} {} {{Fang ding}{坊丁}} {1.000}
E {  277} {e} {e} {4} {0} {}
E {  560} {n} {n} {1} {0} {}
E {  561} {s} {s} {2} {0} {}

R {  560} {0} {} {盛昌行临安府分店} { } {这里是盛昌行在临安府的分店，盛昌行专门出售玩家储物柜。} {临安府} {} {} {{Ya ren}{牙人}} {1.000}
E {  559} {s} {s} {2} {0} {}

R {  561} {0} {} {兴隆炮仗店} { } {这是一个炮仗店，卖着各种烟花炮仗，每到逢年过节这里的生意特别兴旺。店老板王兴隆据说也和红花会有些瓜葛。} {临安府} {} {} {{Wang xinglong}{王兴隆}} {1.000}
E {  559} {n} {n} {1} {0} {}
E {  704} {w} {w} {8} {0} {}

R {  562} {0} {} {长江岸边} { } {} {} {} {} {} {1.000}
E {    8} {e} {e} {4} {0} {}

R {  563} {0} {} {扬子津} { } {} {} {} {} {} {1.000}
E {    8} {w} {w} {8} {0} {}

R {  564} {0} {} {望江亭} { } {} {} {} {} {} {1.000}
E {    8} {down} {down} {0} {0} {}

R {  565} {0} {} {山路} { } {} {} {} {} {} {1.000}
E {    6} {ed} {ed} {36} {0} {}
E {  566} {wu} {wu} {24} {0} {}

R {  566} {0} {} {山路} { } {} {} {} {} {} {1.000}
E {  565} {ed} {ed} {36} {0} {}
E {  567} {n} {n} {1} {0} {}

R {  567} {0} {} {山路} { } {} {} {} {} {} {1.000}
E {  566} {s} {s} {2} {0} {}
E {  568} {n} {n} {1} {0} {}

R {  568} {0} {} {山门} { } {} {} {} {} {} {1.000}
E {  567} {s} {s} {2} {0} {}
E {  569} {n} {n} {1} {0} {}

R {  569} {0} {} {万纶台} { } {} {} {} {} {} {1.000}
E {  568} {s} {s} {2} {0} {}
E {  570} {w} {w} {8} {0} {}
E {  572} {n} {ask liang about 拜山;n} {1} {0} {}

R {  570} {0} {} {饭厅} { } {} {} {} {} {} {1.000}
E {  569} {e} {e} {4} {0} {}
E {  571} {n} {n} {1} {0} {}

R {  571} {0} {} {休息室} { } {} {} {} {} {} {1.000}
E {  570} {s} {s} {2} {0} {}

R {  572} {0} {} {石阶} { } {} {} {} {} {} {1.000}
E {  569} {s} {s} {2} {0} {}
E {  573} {nu} {nu} {17} {0} {}

R {  573} {0} {} {石阶} { } {} {} {} {} {} {1.000}
E {  572} {sd} {sd} {34} {0} {}
E {  574} {wu} {wu} {24} {0} {}

R {  574} {0} {} {石阶} { } {} {} {} {} {} {1.000}
E {  573} {ed} {ed} {36} {0} {}
E {  575} {n} {n} {1} {0} {}

R {  575} {0} {} {杀手帮广场} { } {} {} {} {} {} {1.000}
E {  574} {s} {s} {2} {0} {}
E {  576} {w} {w} {8} {0} {}
E {  579} {n} {n} {1} {0} {}
E {  580} {e} {e} {4} {0} {}

R {  576} {0} {} {大道} { } {} {} {} {} {} {1.000}
E {  575} {e} {e} {4} {0} {}
E {  577} {s} {s} {2} {0} {}
E {  578} {n} {n} {1} {0} {}

R {  577} {0} {} {药铺} { } {} {} {} {} {} {1.000}
E {  576} {n} {n} {1} {0} {}

R {  578} {0} {} {当铺} { } {} {} {} {} {} {1.000}
E {  576} {s} {s} {2} {0} {}

R {  579} {0} {} {效忠楼} { } {} {} {} {} {} {1.000}
E {  575} {s} {s} {2} {0} {}

R {  580} {0} {} {大道} { } {} {} {} {} {} {1.000}
E {  575} {w} {w} {8} {0} {}
E {  581} {n} {n} {1} {0} {}
E {  582} {e} {e} {4} {0} {}

R {  581} {0} {} {浴室} { } {} {} {} {} {} {1.000}
E {  580} {s} {s} {2} {0} {}

R {  582} {0} {} {大道} { } {} {} {} {} {} {1.000}
E {  580} {w} {w} {8} {0} {}
E {  583} {n} {n} {1} {0} {}
E {  584} {s} {s} {2} {0} {}
E {  585} {ed} {ed} {36} {0} {}

R {  583} {0} {} {果林} { } {} {} {} {} {} {1.000}
E {  582} {s} {s} {2} {0} {}

R {  584} {0} {} {练武场} { } {} {} {} {} {} {1.000}
E {  582} {n} {n} {1} {0} {}

R {  585} {0} {} {山路} { } {} {} {} {} {} {1.000}
E {  582} {wu} {wu} {24} {0} {}

R {  586} {0} {} {浔阳路} { } {} {} {} {} {} {1.000}
E {   50} {s} {s} {2} {0} {}
E {  587} {w} {w} {8} {0} {}

R {  587} {0} {} {温峤府} { } {} {} {} {} {} {1.000}
E {  586} {e} {e} {4} {0} {}
E {  588} {enter} {enter} {63} {0} {}

R {  588} {0} {} {内院} { } {} {} {} {} {} {1.000}
E {  587} {out} {out} {62} {0} {}
E {  589} {w} {w} {8} {0} {}
E {  590} {e} {e} {4} {0} {}

R {  589} {0} {} {内宅} { } {} {} {} {} {} {1.000}
E {  588} {e} {e} {4} {0} {}

R {  590} {0} {} {八角亭} { } {} {} {} {} {} {1.000}
E {  588} {w} {w} {8} {0} {}

R {  591} {0} {} {浔阳楼二层} { } {} {} {} {} {} {1.000}
E {  228} {down} {down} {0} {0} {}

R {  592} {0} {} {存义街} { } {} {} {} {} {} {1.000}
E {  358} {w} {w} {8} {0} {}
E {  593} {n} {n} {1} {0} {}
E {  594} {e} {e} {4} {0} {}
E {  597} {s} {s} {2} {0} {}

R {  593} {0} {} {杂货铺} { } {} {建康府} {} {} {} {1.000}
E {  592} {s} {s} {2} {0} {}

R {  594} {0} {} {里仁街} { } {} {} {} {} {} {1.000}
E {  592} {w} {w} {8} {0} {}
E {  595} {ne} {ne} {5} {0} {}

R {  595} {0} {} {纵星桥} { } {} {} {} {} {} {1.000}
E {  594} {sw} {sw} {10} {0} {}
E {  596} {s} {s} {2} {0} {}

R {  596} {0} {} {都府后门} { } {} {} {} {} {} {1.000}
E {  595} {n} {n} {1} {0} {}

R {  597} {0} {} {状元楼} { } {} {} {} {} {} {1.000}
E {  592} {n} {n} {1} {0} {}

R {  598} {0} {} {金川门} { } {} {} {} {} {} {1.000}
E {  192} {se} {se} {6} {0} {}

R {  599} {0} {} {窝棚} { } {} {} {} {} {} {1.000}
E {  190} {e} {e} {4} {0} {}

R {  600} {0} {} {南大街} { } {} {} {} {} {} {1.000}
E {  251} {n} {n} {1} {0} {}
E {  601} {w} {w} {8} {0} {}
E {  602} {s} {s} {2} {0} {}

R {  601} {0} {} {无相庵} { } {} {} {} {} {} {1.000}
E {  600} {e} {e} {4} {0} {}

R {  602} {0} {} {海边} { } {} {} {} {} {} {1.000}
E {  600} {n} {n} {1} {0} {}

R {  603} {0} {} {南大街} { } {} {} {} {} {} {1.000}
E {   17} {n} {n} {1} {0} {}
E {  604} {w} {w} {8} {0} {}
E {  605} {e} {e} {4} {0} {}
E {  606} {s} {s} {2} {0} {}

R {  604} {0} {} {月记票号} { } {} {} {} {} {} {1.000}
E {  603} {e} {e} {4} {0} {}

R {  605} {0} {} {当铺} { } {} {} {} {} {} {1.000}
E {  603} {w} {w} {8} {0} {}

R {  606} {0} {} {南水门} { } {} {} {} {} {} {1.000}
E {  603} {n} {n} {1} {0} {}
E {  607} {w} {w} {8} {0} {}
E {  608} {e} {e} {4} {0} {}
E {  609} {s} {s} {2} {0} {}

R {  607} {0} {} {土路} { } {} {} {} {} {} {1.000}
E {  606} {e} {e} {4} {0} {}

R {  608} {0} {} {土路} { } {} {} {} {} {} {1.000}
E {  606} {w} {w} {8} {0} {}

R {  609} {0} {} {鸡笼山下} { } {} {} {} {} {} {1.000}
E {  606} {n} {n} {1} {0} {}
E {  610} {s} {s} {2} {0} {}

R {  610} {0} {} {峭壁} { } {} {} {} {} {} {1.000}
E {  609} {n} {n} {1} {0} {}

R {  611} {0} {} {北大街} { } {} {} {} {} {} {1.000}
E {   17} {s} {s} {2} {0} {}
E {  612} {e} {e} {4} {0} {}
E {  613} {n} {n} {1} {0} {}

R {  612} {0} {} {梦溪园} { } {} {} {} {} {} {1.000}
E {  611} {w} {w} {8} {0} {}

R {  613} {0} {} {北大街} { } {} {} {} {} {} {1.000}
E {  611} {s} {s} {2} {0} {}
E {  614} {e} {e} {4} {0} {}
E {  615} {n} {n} {1} {0} {}

R {  614} {0} {} {飞龙镖局} { } {} {} {} {} {} {1.000}
E {  613} {w} {w} {8} {0} {}

R {  615} {0} {} {定波门} { } {} {} {} {} {} {1.000}
E {  613} {s} {s} {2} {0} {}
E {  616} {nu} {nu} {17} {0} {}
E {  617} {w} {w} {8} {0} {}
E {  618} {e} {e} {4} {0} {}

R {  616} {0} {} {北面山} { } {} {} {} {} {} {1.000}
E {  615} {sd} {sd} {34} {0} {}

R {  617} {0} {} {土路} { } {} {} {} {} {} {1.000}
E {  615} {e} {e} {4} {0} {}

R {  618} {0} {} {土路} { } {} {} {} {} {} {1.000}
E {  615} {w} {w} {8} {0} {}

R {  619} {0} {} {乡间小径} { } {} {} {} {} {} {1.000}
E {  232} {ne} {ne} {5} {0} {}
E {  620} {w} {w} {8} {0} {}
E {  622} {sw} {sw} {10} {0} {}

R {  620} {0} {} {河岸} { } {} {} {} {} {} {1.000}
E {  619} {e} {e} {4} {0} {}
E {  621} {nw} {nw} {9} {0} {}

R {  621} {0} {} {太湖码头} { } {} {} {} {} {} {1.000}
E {  620} {se} {se} {6} {0} {}

R {  622} {0} {} {树林} { } {} {} {} {} {} {1.000}
E {  619} {ne} {ne} {5} {0} {}
E {  623} {e} {e} {4} {0} {}
E {  624} {s} {s} {2} {0} {}

R {  623} {0} {} {坟墓} { } {} {} {} {} {} {1.000}
E {  622} {w} {w} {8} {0} {}

R {  624} {0} {} {陆家庄} { } {} {} {} {} {} {1.000}
E {  622} {n} {n} {1} {0} {}
E {  625} {enter} {enter} {63} {0} {}

R {  625} {0} {} {天井} { } {} {} {} {} {} {1.000}
E {  624} {out} {out} {62} {0} {}
E {  626} {enter} {enter} {63} {0} {}

R {  626} {0} {} {大厅} { } {} {} {} {} {} {1.000}
E {  625} {out} {out} {62} {0} {}
E {  627} {s} {s} {2} {0} {}

R {  627} {0} {} {後院} { } {} {} {} {} {} {1.000}
E {  626} {n} {n} {1} {0} {}

R {  628} {0} {} {山路} { } {} {} {} {} {} {1.000}
E {  232} {n} {n} {1} {0} {}
E {  482} {s} {s} {2} {0} {}
E {  632} {e} {e} {4} {0} {}

R {  629} {0} {} {山路} { } {} {} {} {} {} {1.000}
E {  482} {se} {se} {6} {0} {}
E {  630} {n} {n} {1} {0} {}

R {  630} {0} {} {山路} { } {} {} {} {} {} {1.000}
E {  629} {s} {s} {2} {0} {}
E {  631} {nw} {nw} {9} {0} {}

R {  631} {0} {} {山路} { } {} {} {} {} {} {1.000}
E {  630} {se} {se} {6} {0} {}

R {  632} {0} {} {小道} { } {} {} {} {} {} {1.000}
E {  628} {w} {w} {8} {0} {}
E {  633} {n} {n} {1} {0} {}

R {  633} {0} {} {小道} { } {} {} {} {} {} {1.000}
E {  632} {s} {s} {2} {0} {}
E {  634} {n} {n} {1} {0} {}
E {  635} {e} {e} {4} {0} {}

R {  634} {0} {} {枪铺} { } {} {} {} {} {} {1.000}
E {  633} {s} {s} {2} {0} {}

R {  635} {0} {} {墓前小道} { } {} {} {} {} {} {1.000}
E {  633} {w} {w} {8} {0} {}
E {  636} {s} {s} {2} {0} {}
E {  637} {ne} {ne} {5} {0} {}

R {  636} {0} {} {忘忧亭} { } {} {} {} {} {} {1.000}
E {  635} {n} {n} {1} {0} {}

R {  637} {0} {} {墓前小道} { } {} {} {} {} {} {1.000}
E {  635} {sw} {sw} {10} {0} {}
E {  638} {n} {n} {1} {0} {}
E {  642} {e} {e} {4} {0} {}

R {  638} {0} {} {墓前广场} { } {} {} {} {} {} {1.000}
E {  637} {s} {s} {2} {0} {}
E {  639} {n} {n} {1} {0} {}

R {  639} {0} {} {岳  飞  墓} { } {} {} {} {} {} {1.000}
E {  638} {s} {s} {2} {0} {}
E {  640} {nw} {nw} {9} {0} {}

R {  640} {0} {} {墓边小道} { } {} {} {} {} {} {1.000}
E {  639} {se} {se} {6} {0} {}
E {  641} {ne} {ne} {5} {0} {}

R {  641} {0} {} {墓后空地} { } {} {} {} {} {} {1.000}
E {  640} {sw} {sw} {10} {0} {}

R {  642} {0} {} {亭前小道} { } {} {} {} {} {} {1.000}
E {  637} {w} {w} {8} {0} {}
E {  643} {e} {e} {4} {0} {}

R {  643} {0} {} {亭前小道} { } {} {} {} {} {} {1.000}
E {  642} {w} {w} {8} {0} {}
E {  644} {e} {e} {4} {0} {}

R {  644} {0} {} {碎石路} { } {} {} {} {} {} {1.000}
E {  643} {w} {w} {8} {0} {}

R {  645} {0} {} {后宅} { } {} {} {} {} {} {1.000}
E {   29} {s} {s} {2} {0} {}

R {  646} {0} {} {左厢房} { } {} {} {} {} {} {1.000}
E {   29} {e} {e} {4} {0} {}

R {  647} {0} {} {右厢房} { } {} {} {} {} {} {1.000}
E {   29} {w} {w} {8} {0} {}

R {  648} {0} {} {众安桥} { } {这里是众安桥，坐落在临安城的中轴线上。} {临安府} {} {} {{Maiyi ren}{卖艺人}} {1.000}
E {   26} {w} {w} {8} {0} {}
E {  649} {e} {e} {4} {0} {}

R {  649} {0} {} {东大街} { } {这是一条贯穿东西从东青门通往钱塘门的临安城主要干道，西面是众安桥。} {临安府} {} {} {} {1.000}
E {  648} {w} {w} {8} {0} {}
E {  650} {n} {n} {1} {0} {}
E {  660} {e} {e} {4} {0} {}

R {  650} {0} {} {北大街} { } {北大街沿着大河建造，虽然不如御街北段繁华，却是胜在清幽。} {临安府} {} {} {} {1.000}
E {  649} {s} {s} {2} {0} {}
E {  651} {w} {w} {8} {0} {}
E {  652} {n} {n} {1} {0} {}

R {  651} {0} {} {文思院} { } {文思院是工部下属一个衙门，负责制造一些生辰礼物。} {临安府} {} {} {} {1.000}
E {  650} {e} {e} {4} {0} {}

R {  652} {0} {} {北大街} { } {北大街沿着大河建造，虽然不如御街北段繁华，却是胜在清幽。} {临安府} {} {} {} {1.000}
E {  650} {s} {s} {2} {0} {}
E {  653} {e} {e} {4} {0} {}
E {  655} {w} {w} {8} {0} {}
E {  656} {n} {n} {1} {0} {}

R {  653} {0} {} {青龙会大门} { } {这里是青龙会的大门。} {临安府} {} {} {} {1.000}
E {  652} {w} {w} {8} {0} {}
E {  654} {enter} {enter} {63} {0} {}

R {  654} {0} {} {大厅} { } {这里是青龙会的大厅，供着一座青龙的巨像(xiang)。    你可以看看(look):xiang} {临安府} {} {} {{Long zhenhuan}{龙珍环}} {1.000}
E {  653} {out} {out} {62} {0} {}

R {  655} {0} {} {仙林寺} { } {仙林寺是临安府城北最大的一处寺庙。} {临安府} {} {} {} {1.000}
E {  652} {e} {e} {4} {0} {}

R {  656} {0} {} {北大街} { } {北大街沿着大河建造，虽然不如御街北段繁华，却是胜在清幽。} {临安府} {} {} {} {1.000}
E {  652} {s} {s} {2} {0} {}
E {  657} {w} {w} {8} {0} {}
E {  659} {e} {e} {4} {0} {}

R {  657} {0} {} {绸缎庄} { } {这里是临安城最大的绸缎庄，这里的老板据说和红花会很有渊源，也有人说这里就是红花会的据点之一，西面是朝廷的常平仓。} {临安府} {} {} {{Ma san}{马三}} {1.000}
E {  656} {e} {e} {4} {0} {}
E {  658} {w} {w} {8} {0} {}

R {  658} {0} {} {常平仓} { } {这里是常平仓，东面开了一家绸缎庄。} {临安府} {} {} {{Kan shou}{二位看守}} {1.000}
E {  657} {e} {e} {4} {0} {}
E {  668} {w} {w} {8} {0} {}

R {  659} {0} {} {药铺} { } {这里是新近开的一家药铺，一进门左侧放了一座药王菩萨像(xiang)。} {临安府} {} {} {{Lao ban}{药铺老板}} {1.000}
E {  656} {w} {w} {8} {0} {}

R {  660} {0} {} {东大街} { } {这是一条贯穿东西从东青门通往钱塘门的临安城主要干道，西面不远处就是众安桥。} {临安府} {} {} {} {1.000}
E {  649} {w} {w} {8} {0} {}
E {  661} {n} {n} {1} {0} {}
E {  662} {s} {s} {2} {0} {}
E {  663} {e} {e} {4} {0} {}

R {  661} {0} {} {打铁铺} { } {这是临安府里普通的一家打铁铺，以维修兵器著称。只要兵器没断，无论损坏程度如何，都能给修好了。当然，价格也是不菲的。} {临安府} {} {} {{Huo ji}{伙计}{Rong lu}{熔炉}{Tie jiang}{铁匠}} {1.000}
E {  660} {s} {s} {2} {0} {}

R {  662} {0} {} {榷场} { } {这里是玩家可以自行离线交易的榷场，竖着一块牌子(paizi)。} {临安府} {} {} {{Quechang guanshi}{二位榷场管事}} {1.000}
E {  660} {n} {n} {1} {0} {}
E {  665} {sw} {sw} {10} {0} {}

R {  663} {0} {} {东青门} { } {这里是临安城的东城门，城墙上贴着几张官府告示，几个官兵昼夜在此把守，冷酷的看着来往的每一个人。} {临安府} {} {} {{Guan bing}{二位大宋官兵}{Shou jiang}{东门守将}} {1.000}
E {  660} {w} {w} {8} {0} {}

R {  664} {0} {} {怡红馆} { } {这地方是男人的最爱，临安府内最大的妓院，在这里你可以享受到人生的乐趣，墙上贴着无欢的亲笔题字：男欢女爱，我的最爱！} {临安府} {} {} {{Xiao huan}{小欢}{Zou boyu}{邹博羽}} {1.000}
E {  172} {e} {e} {4} {0} {}

R {  665} {0} {} {点心铺} { } {这是一家点心铺，贩卖这临安府各种著名的点心，各种花样的点心数不胜数，阵阵香气扑面而来，每天来买点心的人络绎不绝。} {临安府} {} {} {{Pang sao}{胖嫂}} {1.000}
E {  172} {w} {w} {8} {0} {}
E {  662} {ne} {ne} {5} {0} {}

R {  666} {0} {} {酒家二楼} { } {} {} {} {} {} {1.000}
E {  176} {down} {down} {0} {0} {}

R {  667} {0} {} {祚德庙} { } {祚德庙的门口开了一间当铺，极受此地百姓的欢迎。立着一个牌子(paizi)，柜台后坐着裴老板，一双精明的眼睛上上下下打量着你。    你可以看看(look):paizi} {临安府} {} {} {} {1.000}
E {   23} {e} {e} {4} {0} {}

R {  668} {0} {} {御街} { } {这是一条宽阔的青石板街道，向南北两头延伸。西边是景灵宫，东面是朝廷的常平仓。} {临安府} {} {} {{Li buyi}{李布衣}} {1.000}
E {   23} {s} {s} {2} {0} {}
E {  669} {w} {w} {8} {0} {}
E {  670} {n} {n} {1} {0} {}
E {  658} {e} {e} {4} {0} {}

R {  669} {0} {} {景灵宫} { } {这是景灵宫，皇家恭奉祖宗衣冠、牌位之所在。四季朝献，禁中行礼。} {临安府} {} {} {{Xiao huangmen}{二位小黄门}} {1.000}
E {  668} {e} {e} {4} {0} {}

R {  670} {0} {} {余杭门} { } {这里临安是的北城门，城墙上贴着几张官府告示，几个官兵昼夜在此把守，冷酷的看着来往的每一个人。} {临安府} {} {} {{Guan bing}{二位大宋官兵}{Shou jiang}{北门守将}} {1.000}
E {  668} {s} {s} {2} {0} {}

R {  671} {0} {} {孤山路} { } {这里是一条小路，即可观赏孤山，也可沿途看到西湖的风光。} {临安府西湖} {} {} {} {1.000}
E {  180} {ne} {ne} {5} {0} {}
E {  672} {sw} {sw} {10} {0} {}
E {  688} {se} {se} {6} {0} {}

R {  672} {0} {} {孤山路} { } {这里是一条小路，即可观赏孤山，也可沿途看到西湖的风光。} {临安府西湖} {} {} {} {1.000}
E {  671} {ne} {ne} {5} {0} {}
E {  689} {se} {se} {6} {0} {}
E {  258} {w} {w} {8} {0} {}
E {  256} {s} {s} {2} {0} {}

R {  673} {0} {} {净慈报恩寺} { } {这里是西湖南畔一处清静的寺庙。} {临安府西湖} {} {} {{You ren}{游人}} {1.000}
E {  261} {nw} {nw} {9} {0} {}
E {  674} {e} {e} {4} {0} {}
E {  695} {n} {n} {1} {0} {}

R {  674} {0} {} {长桥} { } {这里是长桥，东北面通过清波门可以回到临安府，西面是一座寺庙。} {临安府西湖} {} {} {} {1.000}
E {  673} {w} {w} {8} {0} {}
E {  675} {ne} {ne} {5} {0} {}
E {  696} {n} {n} {1} {0} {}

R {  675} {0} {} {清波门} { } {清波门也是临安府门户之一，往西通往西湖。} {临安府} {} {} {} {1.000}
E {  674} {sw} {sw} {10} {0} {}
E {  676} {nw} {nw} {9} {0} {}
E {  556} {e} {e} {4} {0} {}

R {  676} {0} {} {湖畔} { } {这里是西湖湖畔，北边有一座巨宅。} {临安府} {} {} {} {1.000}
E {  675} {se} {se} {6} {0} {}
E {  677} {n} {n} {1} {0} {}

R {  677} {0} {} {院门} { } {这里是一户庄园，红漆大门，大门两侧贴着对联，门口有两个家丁警惕的盯着过往的路人。} {临安府} {} {} {{Jia ding}{二位家丁}} {1.000}
E {  676} {s} {s} {2} {0} {}

R {  678} {0} {} {城隍庙} { } {城隍庙共有大殿五间，侧殿三间，早年大门上额“招信城隍庙”，正殿上额“忠祜王府”。} {临安府} {} {} {} {1.000}
E {  556} {n} {n} {1} {0} {}

R {  679} {1} {} {西湖} { } {} {} {} {} {} {1.000}
E {  181} {n} {n} {1} {0} {}

R {  680} {1} {} {北里湖} { } {} {} {} {} {} {1.000}
E {  182} {s} {s} {2} {0} {}

R {  681} {1} {} {西湖} { } {} {} {} {} {} {1.000}
E {  182} {n} {n} {1} {0} {}

R {  682} {1} {} {北里湖} { } {} {} {} {} {} {1.000}
E {  183} {s} {s} {2} {0} {}

R {  683} {1} {} {清波门} { } {清波门也是临安府门户之一，往西通往西湖。} {临安府} {} {} {} {1.000}
E {  183} {n} {n} {1} {0} {}

R {  684} {1} {} {西湖} { } {} {} {} {} {} {1.000}
E {  184} {n} {n} {1} {0} {}

R {  685} {1} {} {北里湖} { } {} {} {} {} {} {1.000}
E {  184} {s} {s} {2} {0} {}

R {  686} {1} {} {北里湖} { } {} {} {} {} {} {1.000}
E {  256} {w} {w} {8} {0} {}

R {  687} {1} {} {北里湖} { } {} {} {} {} {} {1.000}

R {  688} {1} {} {北里湖} { } {} {} {} {} {} {1.000}
E {  671} {nw} {nw} {9} {0} {}

R {  689} {1} {} {北里湖} { } {} {} {} {} {} {1.000}
E {  672} {nw} {nw} {9} {0} {}

R {  690} {1} {} {西湖} { } {} {} {} {} {} {1.000}
E {  259} {w} {w} {8} {0} {}

R {  691} {1} {} {花港观鱼} { } {} {} {} {} {} {1.000}
E {  260} {e} {e} {4} {0} {}

R {  692} {1} {} {西湖} { } {} {} {} {} {} {1.000}
E {  262} {w} {w} {8} {0} {}

R {  693} {1} {} {西里湖} { } {} {} {} {} {} {1.000}
E {  261} {e} {e} {4} {0} {}

R {  694} {1} {} {西湖} { } {} {} {} {} {} {1.000}
E {  261} {w} {w} {8} {0} {}

R {  695} {1} {} {西湖} { } {} {} {} {} {} {1.000}
E {  673} {s} {s} {2} {0} {}

R {  696} {1} {} {西湖} { } {} {} {} {} {} {1.000}
E {  674} {s} {s} {2} {0} {}

R {  697} {0} {} {客店} { } {这是一家价钱低廉的客栈，生意非常兴隆。外地游客多选择这里落脚。} {临安府} {} {} {{Huo ji}{伙计}{Lian yong}{廉永}} {1.000}
E {   22} {n} {n} {1} {0} {}

R {  698} {0} {} {岳王府} { } {这是当年岳鄂王的府邸，现在已经荒芜。} {临安府} {} {} {} {1.000}
E {   25} {s} {s} {2} {0} {}

R {  699} {0} {} {将军府} { } {} {} {} {} {} {1.000}
E {   16} {n} {n} {1} {0} {}

R {  700} {0} {} {青阳门} { } {} {} {} {} {} {1.000}
E {   19} {w} {w} {8} {0} {}

R {  701} {0} {} {府衙} { } {} {} {} {} {} {1.000}
E {   15} {n} {n} {1} {0} {}

R {  702} {0} {} {藩库} { } {} {} {} {} {} {1.000}
E {   15} {s} {s} {2} {0} {}

R {  703} {0} {} {广寒宫商铺} { } {这里是广寒宫开的商铺。    你可以看看(look):paizi} {临安府西湖} {} {} {} {1.000}
E {  183} {out} {out} {62} {0} {}

R {  704} {0} {} {炮仗店内室} { } {这是炮仗店的内室，在后墙有个后门，通过此处可以进入到提督府的后门。} {临安府} {} {} {} {1.000}
E {  561} {e} {e} {4} {0} {}
E {  705} {w} {w} {8} {0} {}

R {  705} {0} {} {小径} { } {一条长长的小径，不知道通向哪里。} {临安府} {} {} {} {1.000}
E {  704} {e} {e} {4} {0} {}
E {  706} {sw} {sw} {10} {0} {}

R {  706} {0} {} {小径} { } {一条长长的小径，不知道通向哪里。} {临安府} {} {} {} {1.000}
E {  705} {ne} {ne} {5} {0} {}
E {  707} {s} {s} {2} {0} {}

R {  707} {0} {} {小径} { } {一条长长的小径，不知道通向哪里。} {临安府} {} {} {} {1.000}
E {  706} {n} {n} {1} {0} {}
E {  708} {sw} {sw} {10} {0} {}

R {  708} {0} {} {提督府后门} { } {这是提督府的后门。很少有人从这里经过，一些给提督大人走后门送礼的人经常从这个门出入，门口有几个清兵在站岗，不过也无精打采的。} {临安府} {} {} {{Qing bing}{二位绿营清兵}} {1.000}
E {  707} {ne} {ne} {5} {0} {}

R {  709} {0} {} {东北宫墙} { } {这里是皇城大内宫墙，西面是大内的城门。} {临安府} {} {} {} {1.000}
E {  278} {w} {w} {8} {0} {}
E {  710} {s} {s} {2} {0} {}

R {  710} {0} {} {东南宫墙} { } {这里是皇城大内宫墙，西面是大内的城门，地上一截巨大的木桩(zhuang)。} {临安府} {} {} {} {1.000}
E {  709} {n} {n} {1} {0} {}
E {  281} {w} {w} {8} {0} {}

R {  711} {0} {} {凤凰山} { } {临安皇城依凤凰山而建，登临凤凰山，可以俯瞰全城。北面的道路却被一队兵丁把守着。} {临安府} {} {} {{Jinjun zhanshi}{二位禁军战士}} {1.000}
E {  279} {ne} {ne} {5} {0} {}
E {  280} {se} {se} {6} {0} {}
E {  712} {up} {up} {0} {0} {}
E {  713} {w} {w} {8} {0} {}

R {  712} {0} {} {凤凰山顶} { } {这里是凤凰山顶，可以俯瞰(fukan)全城。} {临安府} {} {} {} {1.000}
E {  711} {down} {down} {0} {0} {}

R {  713} {0} {} {大石} { } {这是一块几乎完全平整，十丈见方的石台，你不由感慨大自然的造化之力。} {临安府} {} {} {{Wenren keyue}{闻人柯月}} {1.000}
E {  711} {e} {e} {4} {0} {}
